 BandTestP

 Timestamp is 67aa2e98 (Mon Feb 10 16:51:36 2025)

 Preferred load address is 10000000

 Start         Length     Name                   Class
 0001:00000000 000149b2H .text                   CODE
 0002:00000000 000012d8H .rdata                  DATA
 0002:000012e0 0000019cH .edata                  DATA
 0003:00000000 00000104H .CRT$XCA                DATA
 0003:00000104 00000104H .CRT$XCZ                DATA
 0003:00000208 00000104H .CRT$XIA                DATA
 0003:0000030c 00000109H .CRT$XIC                DATA
 0003:00000418 00000104H .CRT$XIZ                DATA
 0003:0000051c 00000104H .CRT$XPA                DATA
 0003:00000620 00000109H .CRT$XPX                DATA
 0003:0000072c 00000104H .CRT$XPZ                DATA
 0003:00000830 00000104H .CRT$XTA                DATA
 0003:00000934 00000104H .CRT$XTZ                DATA
 0003:00000a40 00005c05H .data                   DATA
 0003:00006648 00002ff0H .bss                    DATA
 0004:00000000 00000050H .idata$2                DATA
 0004:00000050 00000014H .idata$3                DATA
 0004:00000064 00000268H .idata$4                DATA
 0004:000002cc 00000268H .idata$5                DATA
 0004:00000534 00000781H .idata$6                DATA
 0005:00000000 00000169H .rsrc$01                DATA
 0005:00000170 00000653H .rsrc$02                DATA

  Address         Publics by Value              Rva+Base     Lib:Object

 0001:00000050       _DllMain@12                10001050 f   BandTest.obj
 0001:00000070       ?Detect_Bandwidth@@YAKKKHAAHAAKKPAUtBandtestSettingsStruct@@PAD@Z 10001070 f   BandTest.obj
 0001:00002520       ?Ping_Compare@@YAHPBX0@Z   10003520 f   BandTest.obj
 0001:00002550       ?Sort_Pings@@YAXHPAK@Z     10003550 f   BandTest.obj
 0001:00002c00       ?DebugString@@YAXPBDZZ     10003c00 f   BandTest.obj
 0001:00002db0       ?Addr_As_String2@@YAPADPAUsockaddr_in@@@Z 10003db0 f   BandTest.obj
 0001:00002e00       ?Addr_As_String@@YAPADPAE@Z 10003e00 f   BandTest.obj
 0001:00002e50       _GetLastError@0            10003e50 f   kernel32:KERNEL32.dll
 0001:00002e56       _GetCurrentProcessId@0     10003e56 f   kernel32:KERNEL32.dll
 0001:00002e5c       _Sleep@4                   10003e5c f   kernel32:KERNEL32.dll
 0001:00002e62       _CloseHandle@4             10003e62 f   kernel32:KERNEL32.dll
 0001:00002e68       _WriteFile@20              10003e68 f   kernel32:KERNEL32.dll
 0001:00002e6e       _SetFilePointer@16         10003e6e f   kernel32:KERNEL32.dll
 0001:00002e74       _OutputDebugStringA@4      10003e74 f   kernel32:KERNEL32.dll
 0001:00002e7a       _CreateFileA@28            10003e7a f   kernel32:KERNEL32.dll
 0001:00002e80       _GetModuleFileNameA@12     10003e80 f   kernel32:KERNEL32.dll
 0001:00002e86       _GetModuleHandleA@4        10003e86 f   kernel32:KERNEL32.dll
 0001:00002e8c       _RegCloseKey@4             10003e8c f   advapi32:ADVAPI32.dll
 0001:00002e92       _RegSetValueExA@24         10003e92 f   advapi32:ADVAPI32.dll
 0001:00002e98       _RegCreateKeyExA@36        10003e98 f   advapi32:ADVAPI32.dll
 0001:00002e9e       _RegQueryValueExA@24       10003e9e f   advapi32:ADVAPI32.dll
 0001:00002ea4       _sendto@24                 10003ea4 f   ws2_32:WS2_32.dll
 0001:00002eaa       _ntohl@4                   10003eaa f   ws2_32:WS2_32.dll
 0001:00002eb0       _bind@12                   10003eb0 f   ws2_32:WS2_32.dll
 0001:00002eb6       _htons@4                   10003eb6 f   ws2_32:WS2_32.dll
 0001:00002ebc       _htonl@4                   10003ebc f   ws2_32:WS2_32.dll
 0001:00002ec2       _setsockopt@20             10003ec2 f   ws2_32:WS2_32.dll
 0001:00002ec8       _closesocket@4             10003ec8 f   ws2_32:WS2_32.dll
 0001:00002ece       _WSACleanup@0              10003ece f   ws2_32:WS2_32.dll
 0001:00002ed4       _WSAGetLastError@0         10003ed4 f   ws2_32:WS2_32.dll
 0001:00002eda       _socket@12                 10003eda f   ws2_32:WS2_32.dll
 0001:00002ee0       _WSAStartup@8              10003ee0 f   ws2_32:WS2_32.dll
 0001:00002ee6       _recvfrom@24               10003ee6 f   ws2_32:WS2_32.dll
 0001:00002eec       _ioctlsocket@12            10003eec f   ws2_32:WS2_32.dll
 0001:00002ef2       _timeEndPeriod@4           10003ef2 f   winmm:WINMM.dll
 0001:00002ef8       _timeBeginPeriod@4         10003ef8 f   winmm:WINMM.dll
 0001:00002efe       _timeGetTime@0             10003efe f   winmm:WINMM.dll
 0001:00002f10       _strncpy                   10003f10 f   LIBCMT:strncpy.obj
 0001:0000300e       __assert                   1000400e f   LIBCMT:assert.obj
 0001:000032f8       _sprintf                   100042f8 f   LIBCMT:sprintf.obj
 0001:0000334a       _srand                     1000434a f   LIBCMT:rand.obj
 0001:00003357       _rand                      10004357 f   LIBCMT:rand.obj
 0001:00003379       __fpmath                   10004379 f   LIBCMT:fpinit.obj
 0001:00003390       __fpclear                  10004390 f   LIBCMT:fpinit.obj
 0001:00003391       __cfltcvt_init             10004391 f   LIBCMT:fpinit.obj
 0001:000033c9       ___setfflag                100043c9 f   LIBCMT:fpinit.obj
 0001:000033e0       __chkstk                   100043e0 f   LIBCMT:chkstk.obj
 0001:000033e0       __alloca_probe             100043e0 f   LIBCMT:chkstk.obj
 0001:00003410       __ftol                     10004410 f   LIBCMT:ftol.obj
 0001:00003437       _qsort                     10004437 f   LIBCMT:qsort.obj
 0001:00003610       _memmove                   10004610 f   LIBCMT:memmove.obj
 0001:00003945       __makepath                 10004945 f   LIBCMT:makepath.obj
 0001:000039d6       __splitpath                100049d6 f   LIBCMT:splitpat.obj
 0001:00003b1d       _vsprintf                  10004b1d f   LIBCMT:vsprintf.obj
 0001:00003b6e       __CRT_INIT@12              10004b6e f   LIBCMT:dllcrt0.obj
 0001:00003c47       __DllMainCRTStartup@12     10004c47 f   LIBCMT:dllcrt0.obj
 0001:00003ce4       __amsg_exit                10004ce4 f   LIBCMT:dllcrt0.obj
 0001:00003d17       _abort                     10004d17 f   LIBCMT:abort.obj
 0001:00003d2e       _fflush                    10004d2e f   LIBCMT:fflush.obj
 0001:00003d5d       __fflush_lk                10004d5d f   LIBCMT:fflush.obj
 0001:00003d8b       __flush                    10004d8b f   LIBCMT:fflush.obj
 0001:00003de7       __flushall                 10004de7 f   LIBCMT:fflush.obj
 0001:00003e94       _fprintf                   10004e94 f   LIBCMT:fprintf.obj
 0001:00003ed0       _setvbuf                   10004ed0 f   LIBCMT:setvbuf.obj
 0001:00003f7f       ___initstdio               10004f7f f   LIBCMT:_file.obj
 0001:00004027       ___endstdio                10005027 f   LIBCMT:_file.obj
 0001:0000403b       __lock_file                1000503b f   LIBCMT:_file.obj
 0001:0000406a       __lock_file2               1000506a f   LIBCMT:_file.obj
 0001:0000408d       __unlock_file              1000508d f   LIBCMT:_file.obj
 0001:000040bc       __unlock_file2             100050bc f   LIBCMT:_file.obj
 0001:000040df       __cinit                    100050df f   LIBCMT:crt0dat.obj
 0001:0000410c       _exit                      1000510c f   LIBCMT:crt0dat.obj
 0001:0000411d       __exit                     1000511d f   LIBCMT:crt0dat.obj
 0001:0000412e       __cexit                    1000512e f   LIBCMT:crt0dat.obj
 0001:0000413d       __c_exit                   1000513d f   LIBCMT:crt0dat.obj
 0001:000041f1       __lockexit                 100051f1 f   LIBCMT:crt0dat.obj
 0001:000041fa       __unlockexit               100051fa f   LIBCMT:crt0dat.obj
 0001:0000421d       _signal                    1000521d f   LIBCMT:winsig.obj
 0001:00004401       _raise                     10005401 f   LIBCMT:winsig.obj
 0001:000045c0       ___fpecode                 100055c0 f   LIBCMT:winsig.obj
 0001:000045c9       ___pxcptinfoptrs           100055c9 f   LIBCMT:winsig.obj
 0001:000045d2       ___crtMessageBoxA          100055d2 f   LIBCMT:crtmbox.obj
 0001:0000465b       __itoa                     1000565b f   LIBCMT:xtoa.obj
 0001:000046e4       __ltoa                     100056e4 f   LIBCMT:xtoa.obj
 0001:0000470e       __ultoa                    1000570e f   LIBCMT:xtoa.obj
 0001:00004729       __i64toa                   10005729 f   LIBCMT:xtoa.obj
 0001:000047e0       __ui64toa                  100057e0 f   LIBCMT:xtoa.obj
 0001:00004800       _strncat                   10005800 f   LIBCMT:strncat.obj
 0001:00004930       _strlen                    10005930 f   LIBCMT:strlen.obj
 0001:000049b0       _strcpy                    100059b0 f   LIBCMT:strcat.obj
 0001:000049c0       _strcat                    100059c0 f   LIBCMT:strcat.obj
 0001:00004aa0       __flsbuf                   10005aa0 f   LIBCMT:_flsbuf.obj
 0001:00004bb8       __output                   10005bb8 f   LIBCMT:output.obj
 0001:0000541f       __mtinit                   1000641f f   LIBCMT:tidtable.obj
 0001:00005473       __mtterm                   10006473 f   LIBCMT:tidtable.obj
 0001:00005491       __initptd                  10006491 f   LIBCMT:tidtable.obj
 0001:000054a4       __getptd                   100064a4 f   LIBCMT:tidtable.obj
 0001:0000550b       __freeptd                  1000650b f   LIBCMT:tidtable.obj
 0001:000055ab       ___threadid                100065ab f   LIBCMT:tidtable.obj
 0001:000055b1       ___threadhandle            100065b1 f   LIBCMT:tidtable.obj
 0001:000055b7       __setdefaultprecision      100065b7 f   LIBCMT:fp8.obj
 0001:000055c9       __ms_p5_test_fdiv          100065c9 f   LIBCMT:testfdiv.obj
 0001:00005607       __ms_p5_mp_test_fdiv       10006607 f   LIBCMT:testfdiv.obj
 0001:00005630       __forcdecpt                10006630 f   LIBCMT:cvt.obj
 0001:0000568a       __cropzeros                1000668a f   LIBCMT:cvt.obj
 0001:000056d8       __positive                 100066d8 f   LIBCMT:cvt.obj
 0001:000056f0       __fassign                  100066f0 f   LIBCMT:cvt.obj
 0001:0000572e       __cftoe                    1000672e f   LIBCMT:cvt.obj
 0001:00005851       __cftof                    10006851 f   LIBCMT:cvt.obj
 0001:0000594d       __cftog                    1000694d f   LIBCMT:cvt.obj
 0001:000059e0       __cfltcvt                  100069e0 f   LIBCMT:cvt.obj
 0001:00005a56       __mbsdec                   10006a56 f   LIBCMT:mbsdec.obj
 0001:00005ac3       __setmbcp                  10006ac3 f   LIBCMT:mbctype.obj
 0001:00005e9b       __getmbcp                  10006e9b f   LIBCMT:mbctype.obj
 0001:00005eab       ___initmbctable            10006eab f   LIBCMT:mbctype.obj
 0001:00005ec7       __mbsnbcpy                 10006ec7 f   LIBCMT:mbsnbcpy.obj
 0001:00005f61       __ioinit                   10006f61 f   LIBCMT:ioinit.obj
 0001:0000611d       __ioterm                   1000711d f   LIBCMT:ioinit.obj
 0001:00006171       __setenvp                  10007171 f   LIBCMT:stdenvp.obj
 0001:0000622a       __setargv                  1000722a f   LIBCMT:stdargv.obj
 0001:00006477       ___crtGetEnvironmentStringsA 10007477 f   LIBCMT:a_env.obj
 0001:000065a9       __GetLinkerVersion         100075a9 f   LIBCMT:heapinit.obj
 0001:000065d6       ___heap_select             100075d6 f   LIBCMT:heapinit.obj
 0001:0000671e       __heap_init                1000771e f   LIBCMT:heapinit.obj
 0001:0000677b       __heap_term                1000777b f   LIBCMT:heapinit.obj
 0001:00006823       __FF_MSGBANNER             10007823 f   LIBCMT:crt0msg.obj
 0001:0000685c       __NMSG_WRITE               1000785c f   LIBCMT:crt0msg.obj
 0001:000069af       __GET_RTERRMSG             100079af f   LIBCMT:crt0msg.obj
 0001:000069e0       __commit                   100079e0 f   LIBCMT:commit.obj
 0001:00006a73       __write                    10007a73 f   LIBCMT:write.obj
 0001:00006ad8       __write_lk                 10007ad8 f   LIBCMT:write.obj
 0001:00006c63       __mtinitlocks              10007c63 f   LIBCMT:mlock.obj
 0001:00006c8c       __mtdeletelocks            10007c8c f   LIBCMT:mlock.obj
 0001:00006cf8       __lock                     10007cf8 f   LIBCMT:mlock.obj
 0001:00006d59       __unlock                   10007d59 f   LIBCMT:mlock.obj
 0001:00006d6e       __lockerr_exit             10007d6e f   LIBCMT:mlock.obj
 0001:00006d86       __stbuf                    10007d86 f   LIBCMT:_sftbuf.obj
 0001:00006e13       __ftbuf                    10007e13 f   LIBCMT:_sftbuf.obj
 0001:00006e3d       _malloc                    10007e3d f   LIBCMT:malloc.obj
 0001:00006e4f       __nh_malloc                10007e4f f   LIBCMT:malloc.obj
 0001:00006e7b       __heap_alloc               10007e7b f   LIBCMT:malloc.obj
 0001:00006f77       __freebuf                  10007f77 f   LIBCMT:_freebuf.obj
 0001:00006fa2       _calloc                    10007fa2 f   LIBCMT:calloc.obj
 0001:000070df       __fcloseall                100080df f   LIBCMT:closeall.obj
 0001:00007160       __dosmaperr                10008160 f   LIBCMT:dosmap.obj
 0001:000071d3       __errno                    100081d3 f   LIBCMT:dosmap.obj
 0001:000071dc       ___doserrno                100081dc f   LIBCMT:dosmap.obj
 0001:000071e5       __XcptFilter               100081e5 f   LIBCMT:winxfltr.obj
 0001:00007360       _memcpy                    10008360 f   LIBCMT:memcpy.obj
 0001:000076a0       __aulldiv                  100086a0 f   LIBCMT:ulldiv.obj
 0001:00007710       __aullrem                  10008710 f   LIBCMT:ullrem.obj
 0001:00007785       __lseek                    10008785 f   LIBCMT:lseek.obj
 0001:000077ea       __lseek_lk                 100087ea f   LIBCMT:lseek.obj
 0001:0000785d       __getbuf                   1000885d f   LIBCMT:_getbuf.obj
 0001:000078a1       __isatty                   100088a1 f   LIBCMT:isatty.obj
 0001:000078ca       _free                      100088ca f   LIBCMT:free.obj
 0001:000079b3       _wctomb                    100089b3 f   LIBCMT:wctomb.obj
 0001:00007a0c       __wctomb_lk                10008a0c f   LIBCMT:wctomb.obj
 0001:00007a75       __statusfp                 10008a75 f   LIBCMT:ieee87.obj
 0001:00007a88       __clearfp                  10008a88 f   LIBCMT:ieee87.obj
 0001:00007a9c       __control87                10008a9c f   LIBCMT:ieee87.obj
 0001:00007ad1       __controlfp                10008ad1 f   LIBCMT:ieee87.obj
 0001:00007ae7       __fpreset                  10008ae7 f   LIBCMT:ieee87.obj
 0001:00007c62       __isctype                  10008c62 f   LIBCMT:isctype.obj
 0001:00007cd7       __tolower                  10008cd7 f   LIBCMT:tolower.obj
 0001:00007cdf       _tolower                   10008cdf f   LIBCMT:tolower.obj
 0001:00007d4e       __tolower_lk               10008d4e f   LIBCMT:tolower.obj
 0001:00007e19       __ZeroTail                 10008e19 f   LIBCMT:intrncvt.obj
 0001:00007e62       __IncMan                   10008e62 f   LIBCMT:intrncvt.obj
 0001:00007eb8       __RoundMan                 10008eb8 f   LIBCMT:intrncvt.obj
 0001:00007f44       __CopyMan                  10008f44 f   LIBCMT:intrncvt.obj
 0001:00007f5f       __FillZeroMan              10008f5f f   LIBCMT:intrncvt.obj
 0001:00007f6b       __IsZeroMan                10008f6b f   LIBCMT:intrncvt.obj
 0001:00007f86       __ShrMan                   10008f86 f   LIBCMT:intrncvt.obj
 0001:00008013       __ld12cvt                  10009013 f   LIBCMT:intrncvt.obj
 0001:0000817f       __ld12tod                  1000917f f   LIBCMT:intrncvt.obj
 0001:00008195       __ld12tof                  10009195 f   LIBCMT:intrncvt.obj
 0001:000081ab       __ld12told                 100091ab f   LIBCMT:intrncvt.obj
 0001:00008225       __atodbl                   10009225 f   LIBCMT:intrncvt.obj
 0001:00008252       __atoldbl                  10009252 f   LIBCMT:intrncvt.obj
 0001:00008280       __atoflt                   10009280 f   LIBCMT:intrncvt.obj
 0001:000082ad       __fptostr                  100092ad f   LIBCMT:_fptostr.obj
 0001:00008324       __fltout2                  10009324 f   LIBCMT:cfout.obj
 0001:00008380       ___dtold                   10009380 f   LIBCMT:cfout.obj
 0001:00008440       _memset                    10009440 f   LIBCMT:memset.obj
 0001:00008498       __fptrap                   10009498 f   LIBCMT:crt0fp.obj
 0001:000084a1       ___crtLCMapStringA         100094a1 f   LIBCMT:a_map.obj
 0001:000086f0       ___crtGetStringTypeA       100096f0 f   LIBCMT:a_str.obj
 0001:00008839       _strtol                    10009839 f   LIBCMT:strtol.obj
 0001:00008a55       _strtoul                   10009a55 f   LIBCMT:strtol.obj
 0001:00008a80       _strchr                    10009a80 f   LIBCMT:strchr.obj
 0001:00008a86       ___from_strstr_to_strchr   10009a86 f   LIBCMT:strchr.obj
 0001:00008b40       _strstr                    10009b40 f   LIBCMT:strstr.obj
 0001:00008bc0       _strncmp                   10009bc0 f   LIBCMT:strncmp.obj
 0001:00008bf8       __get_sbh_threshold        10009bf8 f   LIBCMT:sbheap.obj
 0001:00008c17       __set_sbh_threshold        10009c17 f   LIBCMT:sbheap.obj
 0001:00008cca       ___sbh_heap_init           10009cca f   LIBCMT:sbheap.obj
 0001:00008d12       ___sbh_find_block          10009d12 f   LIBCMT:sbheap.obj
 0001:00008d3d       ___sbh_free_block          10009d3d f   LIBCMT:sbheap.obj
 0001:00009066       ___sbh_alloc_block         1000a066 f   LIBCMT:sbheap.obj
 0001:0000936f       ___sbh_alloc_new_region    1000a36f f   LIBCMT:sbheap.obj
 0001:00009420       ___sbh_alloc_new_group     1000a420 f   LIBCMT:sbheap.obj
 0001:0000951b       ___sbh_resize_block        1000a51b f   LIBCMT:sbheap.obj
 0001:00009811       ___sbh_heapmin             1000a811 f   LIBCMT:sbheap.obj
 0001:000098e2       ___sbh_heap_check          1000a8e2 f   LIBCMT:sbheap.obj
 0001:00009c11       __get_old_sbh_threshold    1000ac11 f   LIBCMT:sbheap.obj
 0001:00009c17       __set_old_sbh_threshold    1000ac17 f   LIBCMT:sbheap.obj
 0001:00009c33       ___old_sbh_new_region      1000ac33 f   LIBCMT:sbheap.obj
 0001:00009d77       ___old_sbh_release_region  1000ad77 f   LIBCMT:sbheap.obj
 0001:00009dcd       ___old_sbh_decommit_pages  1000adcd f   LIBCMT:sbheap.obj
 0001:00009e8f       ___old_sbh_find_block      1000ae8f f   LIBCMT:sbheap.obj
 0001:00009ee6       ___old_sbh_free_block      1000aee6 f   LIBCMT:sbheap.obj
 0001:00009f2b       ___old_sbh_alloc_block     1000af2b f   LIBCMT:sbheap.obj
 0001:0000a133       ___old_sbh_alloc_block_from_page 1000b133 f   LIBCMT:sbheap.obj
 0001:0000a257       ___old_sbh_resize_block    1000b257 f   LIBCMT:sbheap.obj
 0001:0000a300       ___old_sbh_heap_check      1000b300 f   LIBCMT:sbheap.obj
 0001:0000a45e       __alloc_osfhnd             1000b45e f   LIBCMT:osfinfo.obj
 0001:0000a581       __set_osfhnd               1000b581 f   LIBCMT:osfinfo.obj
 0001:0000a5fd       __free_osfhnd              1000b5fd f   LIBCMT:osfinfo.obj
 0001:0000a67c       __get_osfhandle            1000b67c f   LIBCMT:osfinfo.obj
 0001:0000a6be       __open_osfhandle           1000b6be f   LIBCMT:osfinfo.obj
 0001:0000a765       __lock_fhandle             1000b765 f   LIBCMT:osfinfo.obj
 0001:0000a7c4       __unlock_fhandle           1000b7c4 f   LIBCMT:osfinfo.obj
 0001:0000a7e6       ?_set_new_handler@@YAP6AHI@ZP6AHI@Z@Z 1000b7e6 f   LIBCMT:handler.obj
 0001:0000a80a       ?_query_new_handler@@YAP6AHI@ZXZ 1000b80a f   LIBCMT:handler.obj
 0001:0000a810       __callnewh                 1000b810 f   LIBCMT:handler.obj
 0001:0000a82c       __global_unwind2           1000b82c f   LIBCMT:exsup.obj
 0001:0000a86e       __local_unwind2            1000b86e f   LIBCMT:exsup.obj
 0001:0000a8c6       __NLG_Return2              1000b8c6 f   LIBCMT:exsup.obj
 0001:0000a8d6       __abnormal_termination     1000b8d6 f   LIBCMT:exsup.obj
 0001:0000a8f9       __NLG_Notify1              1000b8f9 f   LIBCMT:exsup.obj
 0001:0000a902       __NLG_Notify               1000b902 f   LIBCMT:exsup.obj
 0001:0000a915       __NLG_Dispatch             1000b915 f   LIBCMT:exsup.obj
 0001:0000a924       __except_handler3          1000b924 f   LIBCMT:exsup3.obj
 0001:0000a9e1       __seh_longjmp_unwind@4     1000b9e1 f   LIBCMT:exsup3.obj
 0001:0000a9fc       _fclose                    1000b9fc f   LIBCMT:fclose.obj
 0001:0000aa2d       __fclose_lk                1000ba2d f   LIBCMT:fclose.obj
 0001:0000aa79       _setlocale                 1000ba79 f   LIBCMT:setlocal.obj
 0001:0000ae93       __expandlocale             1000be93 f   LIBCMT:setlocal.obj
 0001:0000afab       ___init_dummy              1000bfab f   LIBCMT:setlocal.obj
 0001:0000afae       __strcats                  1000bfae f   LIBCMT:setlocal.obj
 0001:0000afd3       ___lc_strtolc              1000bfd3 f   LIBCMT:setlocal.obj
 0001:0000b09f       ___lc_lctostr              1000c09f f   LIBCMT:setlocal.obj
 0001:0000b0f2       ___addl                    1000c0f2 f   LIBCMT:mantold.obj
 0001:0000b113       ___add_12                  1000c113 f   LIBCMT:mantold.obj
 0001:0000b171       ___shl_12                  1000c171 f   LIBCMT:mantold.obj
 0001:0000b19f       ___shr_12                  1000c19f f   LIBCMT:mantold.obj
 0001:0000b1cc       ___mtold12                 1000c1cc f   LIBCMT:mantold.obj
 0001:0000b293       ___strgtold12              1000c293 f   LIBCMT:strgtold.obj
 0001:0000b764       ___STRINGTOLD              1000c764 f   LIBCMT:strgtold.obj
 0001:0000b7a0       _$I10_OUTPUT               1000c7a0 f   LIBCMT:x10fout.obj
 0001:0000ba33       __toupper                  1000ca33 f   LIBCMT:toupper.obj
 0001:0000ba3b       _toupper                   1000ca3b f   LIBCMT:toupper.obj
 0001:0000baaa       __toupper_lk               1000caaa f   LIBCMT:toupper.obj
 0001:0000bb76       __close                    1000cb76 f   LIBCMT:close.obj
 0001:0000bbd3       __close_lk                 1000cbd3 f   LIBCMT:close.obj
 0001:0000bc56       ___init_time               1000cc56 f   LIBCMT:inittime.obj
 0001:0000c1c5       ___init_numeric            1000d1c5 f   LIBCMT:initnum.obj
 0001:0000c3d1       ___init_monetary           1000d3d1 f   LIBCMT:initmon.obj
 0001:0000c643       ___init_ctype              1000d643 f   LIBCMT:initctyp.obj
 0001:0000c888       ___init_collate            1000d888 f   LIBCMT:initcoll.obj
 0001:0000c890       _strcmp                    1000d890 f   LIBCMT:strcmp.obj
 0001:0000c920       _strcspn                   1000d920 f   LIBCMT:strcspn.obj
 0001:0000c960       _strpbrk                   1000d960 f   LIBCMT:strpbrk.obj
 0001:0000c99a       ___get_qualified_locale    1000d99a f   LIBCMT:getqloc.obj
 0001:0000d241       ___ld12mul                 1000e241 f   LIBCMT:tenpow.obj
 0001:0000d461       ___multtenpow12            1000e461 f   LIBCMT:tenpow.obj
 0001:0000d4dd       __Getdays                  1000e4dd f   LIBCMT:strftime.obj
 0001:0000d56c       __Getmonths                1000e56c f   LIBCMT:strftime.obj
 0001:0000d601       __Gettnames                1000e601 f   LIBCMT:strftime.obj
 0001:0000d833       _strftime                  1000e833 f   LIBCMT:strftime.obj
 0001:0000d84e       __Strftime                 1000e84e f   LIBCMT:strftime.obj
 0001:0000e124       ___getlocaleinfo           1000f124 f   LIBCMT:inithelp.obj
 0001:0000e25c       _localeconv                1000f25c f   LIBCMT:lconv.obj
 0001:0000e262       ___crtGetStringTypeW       1000f262 f   LIBCMT:w_str.obj
 0001:0000e430       __stricmp                  1000f430 f   LIBCMT:stricmp.obj
 0001:0000e430       __strcmpi                  1000f430 f   LIBCMT:stricmp.obj
 0001:0000e500       __strnicmp                 1000f500 f   LIBCMT:strnicmp.obj
 0001:0000e601       _atol                      1000f601 f   LIBCMT:atox.obj
 0001:0000e68c       _atoi                      1000f68c f   LIBCMT:atox.obj
 0001:0000e697       __atoi64                   1000f697 f   LIBCMT:atox.obj
 0001:0000e751       ___tzset                   1000f751 f   LIBCMT:tzset.obj
 0001:0000e77f       __tzset                    1000f77f f   LIBCMT:tzset.obj
 0001:0000ea1c       __isindst                  1000fa1c f   LIBCMT:tzset.obj
 0001:0000ed29       ___crtGetLocaleInfoW       1000fd29 f   LIBCMT:w_loc.obj
 0001:0000ee3c       ___crtGetLocaleInfoA       1000fe3c f   LIBCMT:a_loc.obj
 0001:0000ef60       __allmul                   1000ff60 f   LIBCMT:llmul.obj
 0001:0000ef94       _getenv                    1000ff94 f   LIBCMT:getenv.obj
 0001:0000efb5       __getenv_lk                1000ffb5 f   LIBCMT:getenv.obj
 0001:0000f032       __mbsnbicoll               10010032 f   LIBCMT:mbsnbico.obj
 0001:0000f071       ___wtomb_environ           10010071 f   LIBCMT:wtombenv.obj
 0001:0000f0df       ___crtCompareStringA       100100df f   LIBCMT:a_cmp.obj
 0001:0000f387       ___crtsetenv               10010387 f   LIBCMT:setenv.obj
 0001:0000f5cd       _realloc                   100105cd f   LIBCMT:realloc.obj
 0001:0000f8fc       __mbschr                   100108fc f   LIBCMT:mbschr.obj
 0001:0000f993       __strdup                   10010993 f   LIBCMT:strdup.obj
 0001:0000f9c0       _GetCommandLineA@0         100109c0 f   kernel32:KERNEL32.dll
 0001:0000f9c6       _GetVersion@0              100109c6 f   kernel32:KERNEL32.dll
 0001:0000f9cc       _EnterCriticalSection@4    100109cc f   kernel32:KERNEL32.dll
 0001:0000f9d2       _LeaveCriticalSection@4    100109d2 f   kernel32:KERNEL32.dll
 0001:0000f9d8       _ExitProcess@4             100109d8 f   kernel32:KERNEL32.dll
 0001:0000f9de       _TerminateProcess@8        100109de f   kernel32:KERNEL32.dll
 0001:0000f9e4       _GetCurrentProcess@0       100109e4 f   kernel32:KERNEL32.dll
 0001:0000f9ea       _SetConsoleCtrlHandler@8   100109ea f   kernel32:KERNEL32.dll
 0001:0000f9f0       _GetProcAddress@8          100109f0 f   kernel32:KERNEL32.dll
 0001:0000f9f6       _LoadLibraryA@4            100109f6 f   kernel32:KERNEL32.dll
 0001:0000f9fc       _GetCurrentThreadId@0      100109fc f   kernel32:KERNEL32.dll
 0001:0000fa02       _TlsSetValue@8             10010a02 f   kernel32:KERNEL32.dll
 0001:0000fa08       _TlsAlloc@0                10010a08 f   kernel32:KERNEL32.dll
 0001:0000fa0e       _TlsFree@4                 10010a0e f   kernel32:KERNEL32.dll
 0001:0000fa14       _SetLastError@4            10010a14 f   kernel32:KERNEL32.dll
 0001:0000fa1a       _TlsGetValue@4             10010a1a f   kernel32:KERNEL32.dll
 0001:0000fa20       _GetCurrentThread@0        10010a20 f   kernel32:KERNEL32.dll
 0001:0000fa26       _GetCPInfo@8               10010a26 f   kernel32:KERNEL32.dll
 0001:0000fa2c       _GetACP@0                  10010a2c f   kernel32:KERNEL32.dll
 0001:0000fa32       _GetOEMCP@0                10010a32 f   kernel32:KERNEL32.dll
 0001:0000fa38       _SetHandleCount@4          10010a38 f   kernel32:KERNEL32.dll
 0001:0000fa3e       _GetStdHandle@4            10010a3e f   kernel32:KERNEL32.dll
 0001:0000fa44       _GetFileType@4             10010a44 f   kernel32:KERNEL32.dll
 0001:0000fa4a       _GetStartupInfoA@4         10010a4a f   kernel32:KERNEL32.dll
 0001:0000fa50       _DeleteCriticalSection@4   10010a50 f   kernel32:KERNEL32.dll
 0001:0000fa56       _FreeEnvironmentStringsA@4 10010a56 f   kernel32:KERNEL32.dll
 0001:0000fa5c       _FreeEnvironmentStringsW@4 10010a5c f   kernel32:KERNEL32.dll
 0001:0000fa62       _WideCharToMultiByte@32    10010a62 f   kernel32:KERNEL32.dll
 0001:0000fa68       _GetEnvironmentStrings@0   10010a68 f   kernel32:KERNEL32.dll
 0001:0000fa6e       _GetEnvironmentStringsW@0  10010a6e f   kernel32:KERNEL32.dll
 0001:0000fa74       _GetEnvironmentVariableA@12 10010a74 f   kernel32:KERNEL32.dll
 0001:0000fa7a       _GetVersionExA@4           10010a7a f   kernel32:KERNEL32.dll
 0001:0000fa80       _HeapDestroy@4             10010a80 f   kernel32:KERNEL32.dll
 0001:0000fa86       _HeapCreate@12             10010a86 f   kernel32:KERNEL32.dll
 0001:0000fa8c       _VirtualFree@12            10010a8c f   kernel32:KERNEL32.dll
 0001:0000fa92       _HeapFree@12               10010a92 f   kernel32:KERNEL32.dll
 0001:0000fa98       _FlushFileBuffers@4        10010a98 f   kernel32:KERNEL32.dll
 0001:0000fa9e       _InitializeCriticalSection@4 10010a9e f   kernel32:KERNEL32.dll
 0001:0000faa4       _FatalAppExitA@8           10010aa4 f   kernel32:KERNEL32.dll
 0001:0000faaa       _HeapAlloc@12              10010aaa f   kernel32:KERNEL32.dll
 0001:0000fab0       _UnhandledExceptionFilter@4 10010ab0 f   kernel32:KERNEL32.dll
 0001:0000fab6       _InterlockedDecrement@4    10010ab6 f   kernel32:KERNEL32.dll
 0001:0000fabc       _InterlockedIncrement@4    10010abc f   kernel32:KERNEL32.dll
 0001:0000fac2       _MultiByteToWideChar@24    10010ac2 f   kernel32:KERNEL32.dll
 0001:0000fac8       _LCMapStringA@24           10010ac8 f   kernel32:KERNEL32.dll
 0001:0000face       _LCMapStringW@24           10010ace f   kernel32:KERNEL32.dll
 0001:0000fad4       _GetStringTypeA@20         10010ad4 f   kernel32:KERNEL32.dll
 0001:0000fada       _GetStringTypeW@16         10010ada f   kernel32:KERNEL32.dll
 0001:0000fae0       _VirtualAlloc@16           10010ae0 f   kernel32:KERNEL32.dll
 0001:0000fae6       _HeapReAlloc@16            10010ae6 f   kernel32:KERNEL32.dll
 0001:0000faec       _IsBadWritePtr@8           10010aec f   kernel32:KERNEL32.dll
 0001:0000faf2       _SetStdHandle@8            10010af2 f   kernel32:KERNEL32.dll
 0001:0000faf8       _RtlUnwind@16              10010af8 f   kernel32:KERNEL32.dll
 0001:0000fafe       _IsValidLocale@8           10010afe f   kernel32:KERNEL32.dll
 0001:0000fb04       _IsValidCodePage@4         10010b04 f   kernel32:KERNEL32.dll
 0001:0000fb0a       _GetLocaleInfoA@16         10010b0a f   kernel32:KERNEL32.dll
 0001:0000fb10       _EnumSystemLocalesA@8      10010b10 f   kernel32:KERNEL32.dll
 0001:0000fb16       _GetUserDefaultLCID@0      10010b16 f   kernel32:KERNEL32.dll
 0001:0000fb1c       _GetTimeZoneInformation@4  10010b1c f   kernel32:KERNEL32.dll
 0001:0000fb22       _GetLocaleInfoW@16         10010b22 f   kernel32:KERNEL32.dll
 0001:0000fb28       _CompareStringA@24         10010b28 f   kernel32:KERNEL32.dll
 0001:0000fb2e       _CompareStringW@24         10010b2e f   kernel32:KERNEL32.dll
 0001:0000fb34       _SetEnvironmentVariableA@8 10010b34 f   kernel32:KERNEL32.dll
 0001:0000fb3a       _cprintf                   10010b3a f   LIBCMT:cprintf.obj
 0001:0000fb3a       __cprintf                  10010b3a f   LIBCMT:cprintf.obj
 0001:00010369       __putch                    10011369 f   LIBCMT:putch.obj
 0001:0001038a       __putch_lk                 1001138a f   LIBCMT:putch.obj
 0001:000103ce       ___initconin               100113ce f   LIBCMT:initcon.obj
 0001:000103ed       ___initconout              100113ed f   LIBCMT:initcon.obj
 0001:0001040c       ___termcon                 1001140c f   LIBCMT:initcon.obj
 0001:0001043a       _WriteConsoleA@20          1001143a f   kernel32:KERNEL32.dll
 0002:0000001c       __real@4@4003c800000000000000 1001601c     BandTest.obj
 0002:00000020       __real@4@bfff8000000000000000 10016020     BandTest.obj
 0002:00000024       __real@4@400b8700000000000000 10016024     BandTest.obj
 0002:00000028       __real@4@4008fa00000000000000 10016028     BandTest.obj
 0002:00000030       __real@8@00000000000000000000 10016030     BandTest.obj
 0002:0000003c       __real@4@401283d6000000000000 1001603c     BandTest.obj
 0002:00000040       __real@4@4012f424000000000000 10016040     BandTest.obj
 0002:00000044       __real@4@4001a000000000000000 10016044     BandTest.obj
 0002:00000048       __real@4@3ff58000000000000000 10016048     BandTest.obj
 0002:0000004c       __real@4@401b8000000000000000 1001604c     BandTest.obj
 0002:00000050       __real@4@00000000000000000000 10016050     BandTest.obj
 0002:00000054       __real@4@3ffe8000000000000000 10016054     BandTest.obj
 0002:00000058       __real@4@4003f000000000000000 10016058     BandTest.obj
 0002:0000005c       __real@4@3ffdb333330000000000 1001605c     BandTest.obj
 0002:00000060       __real@4@4005c800000000000000 10016060     BandTest.obj
 0002:00000064       __real@4@3ffd8000000000000000 10016064     BandTest.obj
 0002:00000068       ??_C@_02JJJH@?6?6?$AA@     10016068     LIBCMT:assert.obj
 0002:0000006c       ??_C@_01BJG@?6?$AA@        1001606c     LIBCMT:assert.obj
 0002:00000070       ??_C@_03NAME@?4?4?4?$AA@   10016070     LIBCMT:assert.obj
 0002:00000074       ??_C@_0CF@JPDF@Microsoft?5Visual?5C?$CL?$CL?5Runtime?5Lib@ 10016074     LIBCMT:assert.obj
 0002:0000009c       ??_C@_0DN@MHHJ@?$CIPress?5Retry?5to?5debug?5the?5applic@ 1001609c     LIBCMT:assert.obj
 0002:000000dc       ??_C@_0HA@EJLJ@For?5information?5on?5how?5your?5prog@ 100160dc     LIBCMT:assert.obj
 0002:0000014c       ??_C@_0N@NOAB@Expression?3?5?$AA@ 1001614c     LIBCMT:assert.obj
 0002:0000015c       ??_C@_06JMOL@Line?3?5?$AA@ 1001615c     LIBCMT:assert.obj
 0002:00000164       ??_C@_06FAAO@File?3?5?$AA@ 10016164     LIBCMT:assert.obj
 0002:0000016c       ??_C@_0BH@NNCD@?$DMprogram?5name?5unknown?$DO?$AA@ 1001616c     LIBCMT:assert.obj
 0002:00000184       ??_C@_09PIFG@Program?3?5?$AA@ 10016184     LIBCMT:assert.obj
 0002:00000190       ??_C@_0BC@OIMC@Assertion?5failed?$CB?$AA@ 10016190     LIBCMT:assert.obj
 0002:000001a4       ??_C@_0BD@NJFP@GetLastActivePopup?$AA@ 100161a4     LIBCMT:crtmbox.obj
 0002:000001b8       ??_C@_0BA@GILI@GetActiveWindow?$AA@ 100161b8     LIBCMT:crtmbox.obj
 0002:000001c8       ??_C@_0M@PKCK@MessageBoxA?$AA@ 100161c8     LIBCMT:crtmbox.obj
 0002:000001d4       ??_C@_0L@HKL@user32?4dll?$AA@ 100161d4     LIBCMT:crtmbox.obj
 0002:000001e0       ___lookuptable             100161e0     LIBCMT:output.obj
 0002:0000023c       ??_C@_1O@POHA@?$AA?$CI?$AAn?$AAu?$AAl?$AAl?$AA?$CJ?$AA?$AA@ 1001623c     LIBCMT:output.obj
 0002:0000024c       ??_C@_06ONKE@?$CInull?$CJ?$AA@ 1001624c     LIBCMT:output.obj
 0002:00000258       __real@8@3fff8000000000000000 10016258     LIBCMT:testfdiv.obj
 0002:00000260       __real@8@4015800bf60000000000 10016260     LIBCMT:testfdiv.obj
 0002:00000268       __real@8@4014bffffc0000000000 10016268     LIBCMT:testfdiv.obj
 0002:00000270       ??_C@_0BK@JEGK@IsProcessorFeaturePresent?$AA@ 10016270     LIBCMT:testfdiv.obj
 0002:0000028c       ??_C@_08OBID@KERNEL32?$AA@ 1001628c     LIBCMT:testfdiv.obj
 0002:00000298       ??_C@_05OFLO@e?$CL000?$AA@ 10016298     LIBCMT:cvt.obj
 0002:000002a0       ??_C@_0BH@PHHF@__GLOBAL_HEAP_SELECTED?$AA@ 100162a0     LIBCMT:heapinit.obj
 0002:000002b8       ??_C@_0BF@BBGL@__MSVCRT_HEAP_SELECT?$AA@ 100162b8     LIBCMT:heapinit.obj
 0002:000002d0       ??_C@_0P@GGKG@runtime?5error?5?$AA@ 100162d0     LIBCMT:crt0msg.obj
 0002:000002e0       ??_C@_02PIMC@?$AN?6?$AA@   100162e0     LIBCMT:crt0msg.obj
 0002:000002e4       ??_C@_0O@DELO@TLOSS?5error?$AN?6?$AA@ 100162e4     LIBCMT:crt0msg.obj
 0002:000002f4       ??_C@_0N@OMLL@SING?5error?$AN?6?$AA@ 100162f4     LIBCMT:crt0msg.obj
 0002:00000304       ??_C@_0P@OJAK@DOMAIN?5error?$AN?6?$AA@ 10016304     LIBCMT:crt0msg.obj
 0002:00000314       ??_C@_0CF@EANP@R6028?$AN?6?9?5unable?5to?5initialize?5he@ 10016314     LIBCMT:crt0msg.obj
 0002:0000033c       ??_C@_0DF@ECGN@R6027?$AN?6?9?5not?5enough?5space?5for?5lo@ 1001633c     LIBCMT:crt0msg.obj
 0002:00000374       ??_C@_0DF@FKAC@R6026?$AN?6?9?5not?5enough?5space?5for?5st@ 10016374     LIBCMT:crt0msg.obj
 0002:000003ac       ??_C@_0CG@DPMN@R6025?$AN?6?9?5pure?5virtual?5function?5c@ 100163ac     LIBCMT:crt0msg.obj
 0002:000003d4       ??_C@_0DF@CKIP@R6024?$AN?6?9?5not?5enough?5space?5for?5_o@ 100163d4     LIBCMT:crt0msg.obj
 0002:0000040c       ??_C@_0CJ@GGOE@R6019?$AN?6?9?5unable?5to?5open?5console?5@ 1001640c     LIBCMT:crt0msg.obj
 0002:00000438       ??_C@_0CB@LBOB@R6018?$AN?6?9?5unexpected?5heap?5error?$AN?6@ 10016438     LIBCMT:crt0msg.obj
 0002:0000045c       ??_C@_0CN@FPEG@R6017?$AN?6?9?5unexpected?5multithread?5@ 1001645c     LIBCMT:crt0msg.obj
 0002:0000048c       ??_C@_0CM@OBIC@R6016?$AN?6?9?5not?5enough?5space?5for?5th@ 1001648c     LIBCMT:crt0msg.obj
 0002:000004b8       ??_C@_0CB@HPAL@?$AN?6abnormal?5program?5termination?$AN?6@ 100164b8     LIBCMT:crt0msg.obj
 0002:000004dc       ??_C@_0CM@JOOB@R6009?$AN?6?9?5not?5enough?5space?5for?5en@ 100164dc     LIBCMT:crt0msg.obj
 0002:00000508       ??_C@_0CK@OIBL@R6008?$AN?6?9?5not?5enough?5space?5for?5ar@ 10016508     LIBCMT:crt0msg.obj
 0002:00000534       ??_C@_0CF@LKPB@R6002?$AN?6?9?5floating?5point?5not?5load@ 10016534     LIBCMT:crt0msg.obj
 0002:0000055c       ??_C@_0BK@DEOK@Runtime?5Error?$CB?6?6Program?3?5?$AA@ 1001655c     LIBCMT:crt0msg.obj
 0002:000005c0       ??_C@_01A@?$AA?$AA@        100165c0     LIBCMT:a_map.obj
 0002:000005c4       ??_C@_13A@?$AA?$AA?$AA?$AA@ 100165c4     LIBCMT:a_map.obj
 0002:000005ec       ??_C@_07PCLE@LC_TIME?$AA@  100165ec     LIBCMT:setlocal.obj
 0002:000005f4       ??_C@_0L@NKG@LC_NUMERIC?$AA@ 100165f4     LIBCMT:setlocal.obj
 0002:00000600       ??_C@_0M@CBIH@LC_MONETARY?$AA@ 10016600     LIBCMT:setlocal.obj
 0002:0000060c       ??_C@_08LFGE@LC_CTYPE?$AA@ 1001660c     LIBCMT:setlocal.obj
 0002:00000618       ??_C@_0L@CFLC@LC_COLLATE?$AA@ 10016618     LIBCMT:setlocal.obj
 0002:00000624       ??_C@_06GCPK@LC_ALL?$AA@   10016624     LIBCMT:setlocal.obj
 0002:0000062c       ??_C@_01FAJB@?$DL?$AA@     1001662c     LIBCMT:setlocal.obj
 0002:00000630       ??_C@_02BGDO@?$DN?$DL?$AA@ 10016630     LIBCMT:setlocal.obj
 0002:00000634       ??_C@_01KPOD@?$DN?$AA@     10016634     LIBCMT:setlocal.obj
 0002:00000638       ??_C@_03DBOJ@_?4?0?$AA@    10016638     LIBCMT:setlocal.obj
 0002:0000063c       ??_C@_01PJCK@?4?$AA@       1001663c     LIBCMT:setlocal.obj
 0002:00000640       ??_C@_01NON@_?$AA@         10016640     LIBCMT:setlocal.obj
 0002:00000644       ??_C@_06PAPI@1?$CDQNAN?$AA@ 10016644     LIBCMT:x10fout.obj
 0002:0000064c       ??_C@_05BGNL@1?$CDINF?$AA@ 1001664c     LIBCMT:x10fout.obj
 0002:00000654       ??_C@_05EDPF@1?$CDIND?$AA@ 10016654     LIBCMT:x10fout.obj
 0002:0000065c       ??_C@_06LKFM@1?$CDSNAN?$AA@ 1001665c     LIBCMT:x10fout.obj
 0002:00000664       ??_C@_08OBJD@Paraguay?$AA@ 10016664     LIBCMT:getqloc.obj
 0002:00000670       ??_C@_07GLKH@Uruguay?$AA@  10016670     LIBCMT:getqloc.obj
 0002:00000678       ??_C@_05FPFC@Chile?$AA@    10016678     LIBCMT:getqloc.obj
 0002:00000680       ??_C@_07IIGF@Ecuador?$AA@  10016680     LIBCMT:getqloc.obj
 0002:00000688       ??_C@_09PKAL@Argentina?$AA@ 10016688     LIBCMT:getqloc.obj
 0002:00000694       ??_C@_04LKAH@Peru?$AA@     10016694     LIBCMT:getqloc.obj
 0002:0000069c       ??_C@_08NEEM@Colombia?$AA@ 1001669c     LIBCMT:getqloc.obj
 0002:000006a8       ??_C@_09ODEB@Venezuela?$AA@ 100166a8     LIBCMT:getqloc.obj
 0002:000006b4       ??_C@_0BD@CLEL@Dominican?5Republic?$AA@ 100166b4     LIBCMT:getqloc.obj
 0002:000006c8       ??_C@_0N@MDGL@South?5Africa?$AA@ 100166c8     LIBCMT:getqloc.obj
 0002:000006d8       ??_C@_06NKBG@Panama?$AA@   100166d8     LIBCMT:getqloc.obj
 0002:000006e0       ??_C@_0L@BMHO@Luxembourg?$AA@ 100166e0     LIBCMT:getqloc.obj
 0002:000006ec       ??_C@_0L@IMDK@Costa?5Rica?$AA@ 100166ec     LIBCMT:getqloc.obj
 0002:000006f8       ??_C@_0M@BLJF@Switzerland?$AA@ 100166f8     LIBCMT:getqloc.obj
 0002:00000704       ??_C@_09KBOL@Guatemala?$AA@ 10016704     LIBCMT:getqloc.obj
 0002:00000710       ??_C@_06JNAK@Canada?$AA@   10016710     LIBCMT:getqloc.obj
 0002:00000718       ??_C@_0BG@OLLP@Spanish?5?9?5Modern?5Sort?$AA@ 10016718     LIBCMT:getqloc.obj
 0002:00000730       ??_C@_09IDKE@Australia?$AA@ 10016730     LIBCMT:getqloc.obj
 0002:0000073c       ??_C@_07JJJJ@English?$AA@  1001673c     LIBCMT:getqloc.obj
 0002:00000744       ??_C@_07NMDO@Austria?$AA@  10016744     LIBCMT:getqloc.obj
 0002:0000074c       ??_C@_06DEFE@German?$AA@   1001674c     LIBCMT:getqloc.obj
 0002:00000754       ??_C@_07JAIH@Belgium?$AA@  10016754     LIBCMT:getqloc.obj
 0002:0000075c       ??_C@_06BNLJ@Mexico?$AA@   1001675c     LIBCMT:getqloc.obj
 0002:00000764       ??_C@_07JHAG@Spanish?$AA@  10016764     LIBCMT:getqloc.obj
 0002:0000076c       ??_C@_06DADE@Basque?$AA@   1001676c     LIBCMT:getqloc.obj
 0002:00000774       ??_C@_06ENFP@Sweden?$AA@   10016774     LIBCMT:getqloc.obj
 0002:0000077c       ??_C@_07JPMH@Swedish?$AA@  1001677c     LIBCMT:getqloc.obj
 0002:00000784       ??_C@_07IEKF@Iceland?$AA@  10016784     LIBCMT:getqloc.obj
 0002:0000078c       ??_C@_09KNEA@Icelandic?$AA@ 1001678c     LIBCMT:getqloc.obj
 0002:00000798       ??_C@_06IJOD@France?$AA@   10016798     LIBCMT:getqloc.obj
 0002:000007a0       ??_C@_06EINI@French?$AA@   100167a0     LIBCMT:getqloc.obj
 0002:000007a8       ??_C@_07FOOE@Finland?$AA@  100167a8     LIBCMT:getqloc.obj
 0002:000007b0       ??_C@_07OJOM@Finnish?$AA@  100167b0     LIBCMT:getqloc.obj
 0002:000007b8       ??_C@_05FFAC@Spain?$AA@    100167b8     LIBCMT:getqloc.obj
 0002:000007c0       ??_C@_0BL@BIHM@Spanish?5?9?5Traditional?5Sort?$AA@ 100167c0     LIBCMT:getqloc.obj
 0002:000007dc       ??_C@_0O@GLHB@united?9states?$AA@ 100167dc     LIBCMT:getqloc.obj
 0002:000007ec       ??_C@_0P@IIKK@united?9kingdom?$AA@ 100167ec     LIBCMT:getqloc.obj
 0002:000007fc       ??_C@_0BC@FHBO@trinidad?5?$CG?5tobago?$AA@ 100167fc     LIBCMT:getqloc.obj
 0002:00000810       ??_C@_0M@BDFM@south?9korea?$AA@ 10016810     LIBCMT:getqloc.obj
 0002:0000081c       ??_C@_0N@CKFA@south?9africa?$AA@ 1001681c     LIBCMT:getqloc.obj
 0002:0000082c       ??_C@_0M@HNHN@south?5korea?$AA@ 1001682c     LIBCMT:getqloc.obj
 0002:00000838       ??_C@_0N@MKDO@south?5africa?$AA@ 10016838     LIBCMT:getqloc.obj
 0002:00000848       ??_C@_06KFFJ@slovak?$AA@   10016848     LIBCMT:getqloc.obj
 0002:00000850       ??_C@_0M@NMAC@puerto?9rico?$AA@ 10016850     LIBCMT:getqloc.obj
 0002:0000085c       ??_C@_08EJOH@pr?9china?$AA@ 1001685c     LIBCMT:getqloc.obj
 0002:00000868       ??_C@_08CHMG@pr?5china?$AA@ 10016868     LIBCMT:getqloc.obj
 0002:00000874       ??_C@_02OCJK@nz?$AA@       10016874     LIBCMT:getqloc.obj
 0002:00000878       ??_C@_0M@MMKA@new?9zealand?$AA@ 10016878     LIBCMT:getqloc.obj
 0002:00000884       ??_C@_09MGEH@hong?9kong?$AA@ 10016884     LIBCMT:getqloc.obj
 0002:00000890       ??_C@_07CCAK@holland?$AA@  10016890     LIBCMT:getqloc.obj
 0002:00000898       ??_C@_0O@MEPL@great?5britain?$AA@ 10016898     LIBCMT:getqloc.obj
 0002:000008a8       ??_C@_07LGIB@england?$AA@  100168a8     LIBCMT:getqloc.obj
 0002:000008b0       ??_C@_05BMOA@czech?$AA@    100168b0     LIBCMT:getqloc.obj
 0002:000008b8       ??_C@_05NMPB@china?$AA@    100168b8     LIBCMT:getqloc.obj
 0002:000008c0       ??_C@_07GN@britain?$AA@    100168c0     LIBCMT:getqloc.obj
 0002:000008c8       ??_C@_07DLAK@america?$AA@  100168c8     LIBCMT:getqloc.obj
 0002:000008d0       ??_C@_03IPEP@usa?$AA@      100168d0     LIBCMT:getqloc.obj
 0002:000008d4       ??_C@_02PILH@us?$AA@       100168d4     LIBCMT:getqloc.obj
 0002:000008d8       ??_C@_02FHP@uk?$AA@        100168d8     LIBCMT:getqloc.obj
 0002:000008dc       ??_C@_05DEAI@swiss?$AA@    100168dc     LIBCMT:getqloc.obj
 0002:000008e4       ??_C@_0BA@LIAF@swedish?9finland?$AA@ 100168e4     LIBCMT:getqloc.obj
 0002:000008f4       ??_C@_0BC@FMEG@spanish?9venezuela?$AA@ 100168f4     LIBCMT:getqloc.obj
 0002:00000908       ??_C@_0BA@BNMG@spanish?9uruguay?$AA@ 10016908     LIBCMT:getqloc.obj
 0002:00000918       ??_C@_0BE@BKDJ@spanish?9puerto?5rico?$AA@ 10016918     LIBCMT:getqloc.obj
 0002:0000092c       ??_C@_0N@JIBL@spanish?9peru?$AA@ 1001692c     LIBCMT:getqloc.obj
 0002:0000093c       ??_C@_0BB@OGOF@spanish?9paraguay?$AA@ 1001693c     LIBCMT:getqloc.obj
 0002:00000950       ??_C@_0P@LLFA@spanish?9panama?$AA@ 10016950     LIBCMT:getqloc.obj
 0002:00000960       ??_C@_0BC@BBJM@spanish?9nicaragua?$AA@ 10016960     LIBCMT:getqloc.obj
 0002:00000974       ??_C@_0P@NJBN@spanish?9modern?$AA@ 10016974     LIBCMT:getqloc.obj
 0002:00000984       ??_C@_0BA@NHDN@spanish?9mexican?$AA@ 10016984     LIBCMT:getqloc.obj
 0002:00000994       ??_C@_0BB@JHOJ@spanish?9honduras?$AA@ 10016994     LIBCMT:getqloc.obj
 0002:000009a8       ??_C@_0BC@BOOM@spanish?9guatemala?$AA@ 100169a8     LIBCMT:getqloc.obj
 0002:000009bc       ??_C@_0BE@EELI@spanish?9el?5salvador?$AA@ 100169bc     LIBCMT:getqloc.obj
 0002:000009d0       ??_C@_0BA@POAE@spanish?9ecuador?$AA@ 100169d0     LIBCMT:getqloc.obj
 0002:000009e0       ??_C@_0BL@LDKN@spanish?9dominican?5republic?$AA@ 100169e0     LIBCMT:getqloc.obj
 0002:000009fc       ??_C@_0BD@HPMH@spanish?9costa?5rica?$AA@ 100169fc     LIBCMT:getqloc.obj
 0002:00000a10       ??_C@_0BB@NDDK@spanish?9colombia?$AA@ 10016a10     LIBCMT:getqloc.obj
 0002:00000a24       ??_C@_0O@BJHA@spanish?9chile?$AA@ 10016a24     LIBCMT:getqloc.obj
 0002:00000a34       ??_C@_0BA@OBNG@spanish?9bolivia?$AA@ 10016a34     LIBCMT:getqloc.obj
 0002:00000a44       ??_C@_0BC@EFAM@spanish?9argentina?$AA@ 10016a44     LIBCMT:getqloc.obj
 0002:00000a58       ??_C@_0BF@KMMM@portuguese?9brazilian?$AA@ 10016a58     LIBCMT:getqloc.obj
 0002:00000a70       ??_C@_0BC@BAAE@norwegian?9nynorsk?$AA@ 10016a70     LIBCMT:getqloc.obj
 0002:00000a84       ??_C@_0BB@PBHK@norwegian?9bokmal?$AA@ 10016a84     LIBCMT:getqloc.obj
 0002:00000a98       ??_C@_09EHKL@norwegian?$AA@ 10016a98     LIBCMT:getqloc.obj
 0002:00000aa4       ??_C@_0O@BEAN@italian?9swiss?$AA@ 10016aa4     LIBCMT:getqloc.obj
 0002:00000ab4       ??_C@_0O@OIFK@irish?9english?$AA@ 10016ab4     LIBCMT:getqloc.obj
 0002:00000ac4       ??_C@_0N@NBPL@german?9swiss?$AA@ 10016ac4     LIBCMT:getqloc.obj
 0002:00000ad4       ??_C@_0BC@ICFJ@german?9luxembourg?$AA@ 10016ad4     LIBCMT:getqloc.obj
 0002:00000ae8       ??_C@_0BE@GGPC@german?9lichtenstein?$AA@ 10016ae8     LIBCMT:getqloc.obj
 0002:00000afc       ??_C@_0BA@MKDC@german?9austrian?$AA@ 10016afc     LIBCMT:getqloc.obj
 0002:00000b0c       ??_C@_0N@ODNB@french?9swiss?$AA@ 10016b0c     LIBCMT:getqloc.obj
 0002:00000b1c       ??_C@_0BC@MGCM@french?9luxembourg?$AA@ 10016b1c     LIBCMT:getqloc.obj
 0002:00000b30       ??_C@_0BA@NABK@french?9canadian?$AA@ 10016b30     LIBCMT:getqloc.obj
 0002:00000b40       ??_C@_0P@CJNO@french?9belgian?$AA@ 10016b40     LIBCMT:getqloc.obj
 0002:00000b50       ??_C@_0M@LJOL@english?9usa?$AA@ 10016b50     LIBCMT:getqloc.obj
 0002:00000b5c       ??_C@_0L@FMNC@english?9us?$AA@ 10016b5c     LIBCMT:getqloc.obj
 0002:00000b68       ??_C@_0L@KBBK@english?9uk?$AA@ 10016b68     LIBCMT:getqloc.obj
 0002:00000b74       ??_C@_0BK@NDDE@english?9trinidad?5y?5tobago?$AA@ 10016b74     LIBCMT:getqloc.obj
 0002:00000b90       ??_C@_0BF@LKML@english?9south?5africa?$AA@ 10016b90     LIBCMT:getqloc.obj
 0002:00000ba8       ??_C@_0L@EGPP@english?9nz?$AA@ 10016ba8     LIBCMT:getqloc.obj
 0002:00000bb4       ??_C@_0BA@HLH@english?9jamaica?$AA@ 10016bb4     LIBCMT:getqloc.obj
 0002:00000bc4       ??_C@_0M@PMJI@english?9ire?$AA@ 10016bc4     LIBCMT:getqloc.obj
 0002:00000bd0       ??_C@_0BC@HINE@english?9caribbean?$AA@ 10016bd0     LIBCMT:getqloc.obj
 0002:00000be4       ??_C@_0M@DCFH@english?9can?$AA@ 10016be4     LIBCMT:getqloc.obj
 0002:00000bf0       ??_C@_0P@DGHK@english?9belize?$AA@ 10016bf0     LIBCMT:getqloc.obj
 0002:00000c00       ??_C@_0M@FLHK@english?9aus?$AA@ 10016c00     LIBCMT:getqloc.obj
 0002:00000c0c       ??_C@_0BB@HNCK@english?9american?$AA@ 10016c0c     LIBCMT:getqloc.obj
 0002:00000c20       ??_C@_0O@PAMI@dutch?9belgian?$AA@ 10016c20     LIBCMT:getqloc.obj
 0002:00000c30       ??_C@_0BE@FPEJ@chinese?9traditional?$AA@ 10016c30     LIBCMT:getqloc.obj
 0002:00000c44       ??_C@_0BC@CHFL@chinese?9singapore?$AA@ 10016c44     LIBCMT:getqloc.obj
 0002:00000c58       ??_C@_0BD@DCMH@chinese?9simplified?$AA@ 10016c58     LIBCMT:getqloc.obj
 0002:00000c6c       ??_C@_0BB@JMOE@chinese?9hongkong?$AA@ 10016c6c     LIBCMT:getqloc.obj
 0002:00000c80       ??_C@_07NGFN@chinese?$AA@  10016c80     LIBCMT:getqloc.obj
 0002:00000c88       ??_C@_03PCOI@chi?$AA@      10016c88     LIBCMT:getqloc.obj
 0002:00000c8c       ??_C@_03FIHP@chh?$AA@      10016c8c     LIBCMT:getqloc.obj
 0002:00000c90       ??_C@_08HFLO@canadian?$AA@ 10016c90     LIBCMT:getqloc.obj
 0002:00000c9c       ??_C@_07INIJ@belgian?$AA@  10016c9c     LIBCMT:getqloc.obj
 0002:00000ca4       ??_C@_0L@LCCA@australian?$AA@ 10016ca4     LIBCMT:getqloc.obj
 0002:00000cb0       ??_C@_0BB@BJIO@american?9english?$AA@ 10016cb0     LIBCMT:getqloc.obj
 0002:00000cc4       ??_C@_0BB@DAGO@american?5english?$AA@ 10016cc4     LIBCMT:getqloc.obj
 0002:00000cd8       ??_C@_08HENB@american?$AA@ 10016cd8     LIBCMT:getqloc.obj
 0002:00000ce4       ??_C@_03DGJE@OCP?$AA@      10016ce4     LIBCMT:getqloc.obj
 0002:00000ce8       ??_C@_03EKFG@ACP?$AA@      10016ce8     LIBCMT:getqloc.obj
 0002:00000cec       ??_C@_07CJME@H?3mm?3ss?$AA@ 10016cec     LIBCMT:strftime.obj
 0002:00000cf4       ??_C@_0BE@MHI@dddd?0?5MMMM?5dd?0?5yyyy?$AA@ 10016cf4     LIBCMT:strftime.obj
 0002:00000d08       ??_C@_06HCAD@M?1d?1yy?$AA@ 10016d08     LIBCMT:strftime.obj
 0002:00000d10       ??_C@_02DBLP@PM?$AA@       10016d10     LIBCMT:strftime.obj
 0002:00000d14       ??_C@_02ENLM@AM?$AA@       10016d14     LIBCMT:strftime.obj
 0002:00000d18       ??_C@_08LIDF@December?$AA@ 10016d18     LIBCMT:strftime.obj
 0002:00000d24       ??_C@_08NJLI@November?$AA@ 10016d24     LIBCMT:strftime.obj
 0002:00000d30       ??_C@_07IAMM@October?$AA@  10016d30     LIBCMT:strftime.obj
 0002:00000d38       ??_C@_09MKGD@September?$AA@ 10016d38     LIBCMT:strftime.obj
 0002:00000d44       ??_C@_06PADP@August?$AA@   10016d44     LIBCMT:strftime.obj
 0002:00000d4c       ??_C@_04PIJO@July?$AA@     10016d4c     LIBCMT:strftime.obj
 0002:00000d54       ??_C@_04ICFP@June?$AA@     10016d54     LIBCMT:strftime.obj
 0002:00000d5c       ??_C@_05JFGC@April?$AA@    10016d5c     LIBCMT:strftime.obj
 0002:00000d64       ??_C@_05FGPD@March?$AA@    10016d64     LIBCMT:strftime.obj
 0002:00000d6c       ??_C@_08PGBA@February?$AA@ 10016d6c     LIBCMT:strftime.obj
 0002:00000d78       ??_C@_07BPKJ@January?$AA@  10016d78     LIBCMT:strftime.obj
 0002:00000d80       ??_C@_03PGJO@Dec?$AA@      10016d80     LIBCMT:strftime.obj
 0002:00000d84       ??_C@_03PDLM@Nov?$AA@      10016d84     LIBCMT:strftime.obj
 0002:00000d88       ??_C@_03BLHK@Oct?$AA@      10016d88     LIBCMT:strftime.obj
 0002:00000d8c       ??_C@_03DPFM@Sep?$AA@      10016d8c     LIBCMT:strftime.obj
 0002:00000d90       ??_C@_03CMCH@Aug?$AA@      10016d90     LIBCMT:strftime.obj
 0002:00000d94       ??_C@_03OBKI@Jul?$AA@      10016d94     LIBCMT:strftime.obj
 0002:00000d98       ??_C@_03LEIG@Jun?$AA@      10016d98     LIBCMT:strftime.obj
 0002:00000d9c       ??_C@_03MGHB@May?$AA@      10016d9c     LIBCMT:strftime.obj
 0002:00000da0       ??_C@_03MJJM@Apr?$AA@      10016da0     LIBCMT:strftime.obj
 0002:00000da4       ??_C@_03GNHA@Mar?$AA@      10016da4     LIBCMT:strftime.obj
 0002:00000da8       ??_C@_03PICE@Feb?$AA@      10016da8     LIBCMT:strftime.obj
 0002:00000dac       ??_C@_03IEIF@Jan?$AA@      10016dac     LIBCMT:strftime.obj
 0002:00000db0       ??_C@_08FAKH@Saturday?$AA@ 10016db0     LIBCMT:strftime.obj
 0002:00000dbc       ??_C@_06ONCK@Friday?$AA@   10016dbc     LIBCMT:strftime.obj
 0002:00000dc4       ??_C@_08CCFO@Thursday?$AA@ 10016dc4     LIBCMT:strftime.obj
 0002:00000dd0       ??_C@_09PBIN@Wednesday?$AA@ 10016dd0     LIBCMT:strftime.obj
 0002:00000ddc       ??_C@_07BMBC@Tuesday?$AA@  10016ddc     LIBCMT:strftime.obj
 0002:00000de4       ??_C@_06CHLK@Monday?$AA@   10016de4     LIBCMT:strftime.obj
 0002:00000dec       ??_C@_06OOEM@Sunday?$AA@   10016dec     LIBCMT:strftime.obj
 0002:00000df4       ??_C@_03MPKK@Sat?$AA@      10016df4     LIBCMT:strftime.obj
 0002:00000df8       ??_C@_03FINJ@Fri?$AA@      10016df8     LIBCMT:strftime.obj
 0002:00000dfc       ??_C@_03HIKC@Thu?$AA@      10016dfc     LIBCMT:strftime.obj
 0002:00000e00       ??_C@_03HECK@Wed?$AA@      10016e00     LIBCMT:strftime.obj
 0002:00000e04       ??_C@_03ECCP@Tue?$AA@      10016e04     LIBCMT:strftime.obj
 0002:00000e08       ??_C@_03PIEP@Mon?$AA@      10016e08     LIBCMT:strftime.obj
 0002:00000e0c       ??_C@_03FHEP@Sun?$AA@      10016e0c     LIBCMT:strftime.obj
 0002:00000e10       ??_C@_03MKGK@a?1p?$AA@     10016e10     LIBCMT:strftime.obj
 0002:00000e14       ??_C@_05BDJK@am?1pm?$AA@   10016e14     LIBCMT:strftime.obj
 0002:00000e38       ___dnames                  10016e38     LIBCMT:timeset.obj
 0002:00000e50       ___mnames                  10016e50     LIBCMT:timeset.obj
 0002:00000e78       ??_C@_02JHIA@TZ?$AA@       10016e78     LIBCMT:tzset.obj
 0002:00000ed0       ??_C@_06MICP@CONIN$?$AA@   10016ed0     LIBCMT:initcon.obj
 0002:00000ed8       ??_C@_07GLCC@CONOUT$?$AA@  10016ed8     LIBCMT:initcon.obj
 0003:00000000       ___xc_a                    10018000     LIBCMT:crt0init.obj
 0003:00000104       ___xc_z                    10018104     LIBCMT:crt0init.obj
 0003:00000208       ___xi_a                    10018208     LIBCMT:crt0init.obj
 0003:00000418       ___xi_z                    10018418     LIBCMT:crt0init.obj
 0003:0000051c       ___xp_a                    1001851c     LIBCMT:crt0init.obj
 0003:0000072c       ___xp_z                    1001872c     LIBCMT:crt0init.obj
 0003:00000830       ___xt_a                    10018830     LIBCMT:crt0init.obj
 0003:00000934       ___xt_z                    10018934     LIBCMT:crt0init.obj
 0003:00000a40       ?RawSocket@@3IA            10018a40     BandTest.obj
 0003:00000a44       ?ICMPRawSocket@@3IA        10018a44     BandTest.obj
 0003:00000a88       ?DebugFile@@3PAXA          10018a88     BandTest.obj
 0003:00000a8c       ?DefaultSettings@@3UtBandtestSettingsStruct@@A 10018a8c     BandTest.obj
 0003:000015e0       ??_C@_07CBBL@Quality?$AA@  100195e0     BandTest.obj
 0003:000015ec       ??_C@_0CA@FDA@Connection?5quality?3?5?$CFd?5percent?6?$AA@ 100195ec     BandTest.obj
 0003:00001614       ??_C@_08EINO@PingLoss?$AA@ 10019614     BandTest.obj
 0003:00001620       ??_C@_0BJ@HFD@Packet?5loss?3?5?$CFd?5percent?6?$AA@ 10019620     BandTest.obj
 0003:00001640       ??_C@_09KFNB@Retry?5?$CFd?6?$AA@ 10019640     BandTest.obj
 0003:0000164c       ??_C@_0BL@IHHD@Failed?5with?5error?5code?5?$CFd?6?$AA@ 1001964c     BandTest.obj
 0003:0000166c       ??_C@_0CI@NBLD@Total?5time?5to?5detect?5bandwidth?5?$DN@ 1001966c     BandTest.obj
 0003:0000169c       ??_C@_0EB@BICM@Downstream?5bandwidth?5from?5extern@ 1001969c     BandTest.obj
 0003:000016ec       ??_C@_0EH@BOOL@Downstream?5bandwidth?5from?5extern@ 100196ec     BandTest.obj
 0003:00001744       ??_C@_05CLJL@?$CF3?41f?$AA@ 10019744     BandTest.obj
 0003:0000174c       ??_C@_0BH@CEBI@Sending?5?$CFd?5byte?5pings?6?$AA@ 1001974c     BandTest.obj
 0003:00001768       ??_C@_0BK@LNFA@Profiling?5ping?5responses?6?$AA@ 10019768     BandTest.obj
 0003:00001788       ??_C@_0CO@DLGO@Took?5?$CFd?5ms?5to?5calculate?5downstre@ 10019788     BandTest.obj
 0003:000017c0       ??_C@_0BK@HEMP@Time?5upstream?5is?5?$CF?41f?5ms?6?$AA@ 100197c0     BandTest.obj
 0003:000017e0       ??_C@_0DF@MGOO@Average?5ping?5time?5to?5external?5ro@ 100197e0     BandTest.obj
 0003:00001820       ??_C@_0CF@MCHM@Quickest?5ping?5came?5in?5after?5?$CF?42f@ 10019820     BandTest.obj
 0003:0000184c       ??_C@_0BF@OBIL@Sending?5large?5pings?6?$AA@ 1001984c     BandTest.obj
 0003:00001868       ??_C@_0CL@IKLO@Detecting?5downstream?5bandwidth?5?9@ 10019868     BandTest.obj
 0003:0000189c       ??_C@_04IH@Down?$AA@       1001989c     BandTest.obj
 0003:000018a4       ??_C@_02NCFM@Up?$AA@       100198a4     BandTest.obj
 0003:000018a8       ??_C@_0CB@KGCB@Took?5?$CFd?5ms?5to?5get?5new?5ping?5time?6@ 100198a8     BandTest.obj
 0003:000018d0       ??_C@_0CA@NLOD@Upstream?5bandwidth?5is?5huge?5?3?9?$CJ?6?$AA@ 100198d0     BandTest.obj
 0003:000018f8       ??_C@_0DN@HFFM@Upstream?5bandwidth?5to?5external?5r@ 100198f8     BandTest.obj
 0003:00001944       ??_C@_0ED@NADN@Upstream?5bandwidth?5to?5external?5r@ 10019944     BandTest.obj
 0003:00001994       ??_C@_0DB@DGIM@Failed?5to?5get?5final?5ping?5respons@ 10019994     BandTest.obj
 0003:000019d0       ??_C@_0CD@LLMH@Failed?5to?5get?5final?5ping?5respons@ 100199d0     BandTest.obj
 0003:000019fc       ??_C@_0EB@MCCB@Total?5time?5to?5send?5?$CFd?5bytes?5plus@ 100199fc     BandTest.obj
 0003:00001a4c       ??_C@_0CL@HJLM@Ping?5time?5to?5external?5router?5is?5@ 10019a4c     BandTest.obj
 0003:00001a80       ??_C@_0CB@IKJA@Took?5?$CFd?5ms?5to?5send?5bulk?5packets?6@ 10019a80     BandTest.obj
 0003:00001aa8       ??_C@_0DB@NPOB@Send_Raw_UDP?5?9?5sendto?5failed?5wit@ 10019aa8     BandTest.obj
 0003:00001ae4       ??_C@_0BA@EDFD@address?5?$CB?$DN?5NULL?$AA@ 10019ae4     BandTest.obj
 0003:00001af8       ??_C@_0BJ@CHJP@socket?5?$CB?$DN?5INVALID_SOCKET?$AA@ 10019af8     BandTest.obj
 0003:00001b18       ??_C@_0DN@MOOM@D?3?2projects?2_GPL?2CnC_Renegade_GP@ 10019b18     BandTest.obj
 0003:00001b64       ??_C@_0CB@GBKD@Sending?5?$CFd?5500?5byte?5UDP?5packets?6@ 10019b64     BandTest.obj
 0003:00001b8c       ??_C@_0DI@CFNO@setsockopt?5failed?5to?5set?5SO_RECV@ 10019b8c     BandTest.obj
 0003:00001bd0       ??_C@_0EF@JHLH@setsockopt?5failed?5to?5set?5IP_TTL?5@ 10019bd0     BandTest.obj
 0003:00001c24       ??_C@_0CA@NKLM@Failed?5to?5ping?5external?5router?6?$AA@ 10019c24     BandTest.obj
 0003:00001c4c       ??_C@_0CA@IBBH@Failed?5to?5find?5external?5router?6?$AA@ 10019c4c     BandTest.obj
 0003:00001c74       ??_C@_0CB@CPBG@Took?5?$CFd?5ms?5to?5find?5average?5ping?6@ 10019c74     BandTest.obj
 0003:00001c9c       ??_C@_0DB@GIKK@Average?5ping?5time?5to?5external?5ro@ 10019c9c     BandTest.obj
 0003:00001cd8       ??_C@_0O@BAIK@?5?5?5?$CF02d?5?3?5?$CFs?6?$AA@ 10019cd8     BandTest.obj
 0003:00001ce8       ??_C@_0BJ@IIAA@Found?5path?5to?5server?4?4?4?6?$AA@ 10019ce8     BandTest.obj
 0003:00001d08       ??_C@_0BO@NJLN@Failed?5to?5get?5path?5to?5server?6?$AA@ 10019d08     BandTest.obj
 0003:00001d2c       ??_C@_0CD@LCBA@Took?5?$CFd?5ms?5to?5find?5path?5to?5serve@ 10019d2c     BandTest.obj
 0003:00001d58       ??_C@_0DG@MBOA@setsockopt?5failed?5to?5set?5IP_TTL?5@ 10019d58     BandTest.obj
 0003:00001d98       ??_C@_0DC@KJEL@Failed?5to?5get?5any?5response?5to?5pi@ 10019d98     BandTest.obj
 0003:00001dd4       ??_C@_0BM@OLJP@Sending?5ping?5with?5TTL?5?$DN?5?$CFd?6?$AA@ 10019dd4     BandTest.obj
 0003:00001df8       ??_C@_0BK@LKGJ@Using?5path?5from?5registry?6?$AA@ 10019df8     BandTest.obj
 0003:00001e18       ??_C@_08LKGL@Path?$CF02d?$AA@ 10019e18     BandTest.obj
 0003:00001e24       ??_C@_09CLKC@PathValid?$AA@ 10019e24     BandTest.obj
 0003:00001e30       ??_C@_0L@JKKK@PathLength?$AA@ 10019e30     BandTest.obj
 0003:00001e40       ??_C@_08NJBF@ServerIP?$AA@ 10019e40     BandTest.obj
 0003:00001e4c       ??_C@_04OPFC@MyIP?$AA@     10019e4c     BandTest.obj
 0003:00001e54       ??_C@_0CH@GGJA@Unexpected?5response?5to?5IP?5detect@ 10019e54     BandTest.obj
 0003:00001e84       ??_C@_0CK@PACH@Failed?5to?5get?5response?5to?5IP?5det@ 10019e84     BandTest.obj
 0003:00001eb8       ??_C@_0CG@DBPG@Took?5?$CFd?5ms?5to?5discover?5my?5IP?5add@ 10019eb8     BandTest.obj
 0003:00001ee8       ??_C@_0BG@ILEA@Detected?5my?5IP?5as?5?$CFs?6?$AA@ 10019ee8     BandTest.obj
 0003:00001f04       ??_C@_0M@IBML@?$CFd?4?$CFd?4?$CFd?4?$CFd?$AA@ 10019f04     BandTest.obj
 0003:00001f14       ??_C@_0BB@BDAE@Detecting?5my?5IP?6?$AA@ 10019f14     BandTest.obj
 0003:00001f28       ??_C@_0CA@PPLN@bind?5failed?5with?5error?5code?5?$CFd?6?$AA@ 10019f28     BandTest.obj
 0003:00001f50       ??_C@_0DH@BCNF@Unable?5to?5set?5priority?5on?5ICMP?5s@ 10019f50     BandTest.obj
 0003:00001f94       ??_C@_0DG@FKCP@Unable?5to?5set?5priority?5on?5UDP?5so@ 10019f94     BandTest.obj
 0003:00001fd4       ??_C@_0DA@EJGG@Unable?5to?5create?5raw?5ICMP?5socket@ 10019fd4     BandTest.obj
 0003:00002010       ??_C@_0CP@OIIB@Unable?5to?5create?5raw?5UDP?5socket?5@ 1001a010     BandTest.obj
 0003:00002048       ??_C@_0CC@FEGE@WSAStartup?5failed?3?5error?5code?5?$CFd@ 1001a048     BandTest.obj
 0003:00002070       ??_C@_0CN@PLHK@Ping?5time?5?$CFd?5to?5external?5router?5@ 1001a070     BandTest.obj
 0003:000020a8       ??_C@_0BB@IJI@?$CFd?4?$CFd?4?$CFd?4?$CFd?5?$DL?5?$CFd?$AA@ 1001a0a8     BandTest.obj
 0003:000020bc       ??_C@_0CN@EOAA@Failed?5to?5get?5response?5to?5refere@ 1001a0bc     BandTest.obj
 0003:000020f4       ??_C@_0CC@MDOC@sendto?5failed?5with?5error?5code?5?$CFd@ 1001a0f4     BandTest.obj
 0003:0000211c       ??_C@_0BD@KFNH@payload_size?5?$DM?5550?$AA@ 1001a11c     BandTest.obj
 0003:00002134       ??_C@_0BA@HBAM@Protocol?5is?5?$CFd?6?$AA@ 1001a134     BandTest.obj
 0003:00002148       ??_C@_0CF@JBNG@Received?5ICMP_TIME_EXCEEDED?5from@ 1001a148     BandTest.obj
 0003:00002174       ??_C@_0M@DCLP@Type?5is?5?$CFd?6?$AA@ 1001a174     BandTest.obj
 0003:00002184       ??_C@_0DJ@HEHG@Get_Ping_Response?5?9?5packet?5heade@ 1001a184     BandTest.obj
 0003:000021c8       ??_C@_0CN@MMAP@Get_Ping_Response?5?9?5packet?5heade@ 1001a1c8     BandTest.obj
 0003:00002200       ??_C@_0CE@GKFL@recvfrom?5failed?5with?5error?5code?5@ 1001a200     BandTest.obj
 0003:0000222c       ??_C@_08HPPE@bandtest?$AA@ 1001a22c     BandTest.obj
 0003:00002238       ??_C@_03PKEJ@txt?$AA@      1001a238     BandTest.obj
 0003:0000223c       ??_C@_0L@JCLO@BandTest?3?5?$AA@ 1001a23c     BandTest.obj
 0003:00002284       __fltused                  1001a284     LIBCMT:fpinit.obj
 0003:00002288       __ldused                   1001a288     LIBCMT:fpinit.obj
 0003:0000228c       __FPinit                   1001a28c     LIBCMT:fpinit.obj
 0003:00002290       __FPmtinit                 1001a290     LIBCMT:fpinit.obj
 0003:00002294       __FPmtterm                 1001a294     LIBCMT:fpinit.obj
 0003:000022a0       __aexit_rtn                1001a2a0     LIBCMT:dllcrt0.obj
 0003:000022a8       __iob                      1001a2a8     LIBCMT:_file.obj
 0003:00002530       ___nullstring              1001a530     LIBCMT:output.obj
 0003:00002534       ___wnullstring             1001a534     LIBCMT:output.obj
 0003:00002538       ___tlsindex                1001a538     LIBCMT:tidtable.obj
 0003:0000253c       __cfltcvt_tab              1001a53c     LIBCMT:cmiscdat.obj
 0003:00002650       ___badioinfo               1001a650     LIBCMT:ioinit.obj
 0003:00002674       __amblksiz                 1001a674     LIBCMT:heapinit.obj
 0003:00002708       __locktable                1001a708     LIBCMT:mlock.obj
 0003:00002930       __XcptActTab               1001a930     LIBCMT:winxfltr.obj
 0003:000029a8       __First_FPE_Indx           1001a9a8     LIBCMT:winxfltr.obj
 0003:000029ac       __Num_FPE                  1001a9ac     LIBCMT:winxfltr.obj
 0003:000029b0       __XcptActTabSize           1001a9b0     LIBCMT:winxfltr.obj
 0003:000029b4       __XcptActTabCount          1001a9b4     LIBCMT:winxfltr.obj
 0003:000029c0       __pctype                   1001a9c0     LIBCMT:ctype.obj
 0003:000029c4       __pwctype                  1001a9c4     LIBCMT:ctype.obj
 0003:000029c8       __ctype                    1001a9c8     LIBCMT:ctype.obj
 0003:00002bcc       ___mb_cur_max              1001abcc     LIBCMT:nlsdata1.obj
 0003:00002bd0       ___decimal_point           1001abd0     LIBCMT:nlsdata1.obj
 0003:00002bd4       ___decimal_point_length    1001abd4     LIBCMT:nlsdata1.obj
 0003:00002c10       ___old_small_block_heap    1001ac10     LIBCMT:sbheap.obj
 0003:00004c34       ___old_sbh_threshold       1001cc34     LIBCMT:sbheap.obj
 0003:00004c38       __NLG_Destination          1001cc38     LIBCMT:exsup.obj
 0003:00004d58       ___lc_category             1001cd58     LIBCMT:setlocal.obj
 0003:00004da0       ___rgLocInfo               1001cda0     LIBCMT:getqloc.obj
 0003:00005244       ___rglangidNotDefault      1001d244     LIBCMT:getqloc.obj
 0003:00005258       ___rg_country              1001d258     LIBCMT:getqloc.obj
 0003:00005310       ___rg_language             1001d310     LIBCMT:getqloc.obj
 0003:00005518       ___lc_time_curr            1001d518     LIBCMT:strftime.obj
 0003:00005520       ___lc_time_c               1001d520     LIBCMT:strftime.obj
 0003:000055d0       ___lconv_static_decimal    1001d5d0     LIBCMT:lconv.obj
 0003:000055d8       ___lconv_c                 1001d5d8     LIBCMT:lconv.obj
 0003:00005608       ___lconv                   1001d608     LIBCMT:lconv.obj
 0003:00005610       __pow10pos                 1001d610     LIBCMT:constpow.obj
 0003:00005770       __pow10neg                 1001d770     LIBCMT:constpow.obj
 0003:000058cc       __timezone                 1001d8cc     LIBCMT:timeset.obj
 0003:000058d0       __daylight                 1001d8d0     LIBCMT:timeset.obj
 0003:000058d4       __dstbias                  1001d8d4     LIBCMT:timeset.obj
 0003:00005958       __tzname                   1001d958     LIBCMT:timeset.obj
 0003:00005980       __lpdays                   1001d980     LIBCMT:days.obj
 0003:000059b4       __days                     1001d9b4     LIBCMT:days.obj
 0003:000059e8       __coninpfh                 1001d9e8     LIBCMT:initcon.obj
 0003:000059ec       __confh                    1001d9ec     LIBCMT:initcon.obj
 0003:00006ecc       ?DebugFileName@@3PADA      1001eecc     BandTest.obj
 0003:00007750       ?PingsSent@@3HA            1001f750     BandTest.obj
 0003:00007754       ?PingsLost@@3HA            1001f754     BandTest.obj
 0003:00007758       ?NumConsistentPings@@3HA   1001f758     BandTest.obj
 0003:0000775c       ?NumPingsCheckedForConsistency@@3HA 1001f75c     BandTest.obj
 0003:00007760       ?StatsValid@@3_NA          1001f760     BandTest.obj
 0003:00007ad4       ___fastflag                1001fad4     LIBCMT:fpinit.obj
 0003:00007ad8       __adjust_fdiv              1001fad8     LIBCMT:fpinit.obj
 0003:00007ae0       __aenvptr                  1001fae0     LIBCMT:dllcrt0.obj
 0003:00007ae4       __wenvptr                  1001fae4     LIBCMT:dllcrt0.obj
 0003:00007ae8       ___error_mode              1001fae8     LIBCMT:dllcrt0.obj
 0003:00007aec       ___app_type                1001faec     LIBCMT:dllcrt0.obj
 0003:00007af0       __cflush                   1001faf0     LIBCMT:_file.obj
 0003:00007af4       __umaskval                 1001faf4     LIBCMT:crt0dat.obj
 0003:00007af8       __osver                    1001faf8     LIBCMT:crt0dat.obj
 0003:00007afc       __winver                   1001fafc     LIBCMT:crt0dat.obj
 0003:00007b00       __winmajor                 1001fb00     LIBCMT:crt0dat.obj
 0003:00007b04       __winminor                 1001fb04     LIBCMT:crt0dat.obj
 0003:00007b08       ___argc                    1001fb08     LIBCMT:crt0dat.obj
 0003:00007b0c       ___argv                    1001fb0c     LIBCMT:crt0dat.obj
 0003:00007b10       ___wargv                   1001fb10     LIBCMT:crt0dat.obj
 0003:00007b14       __environ                  1001fb14     LIBCMT:crt0dat.obj
 0003:00007b18       ___initenv                 1001fb18     LIBCMT:crt0dat.obj
 0003:00007b1c       __wenviron                 1001fb1c     LIBCMT:crt0dat.obj
 0003:00007b20       ___winitenv                1001fb20     LIBCMT:crt0dat.obj
 0003:00007b24       __pgmptr                   1001fb24     LIBCMT:crt0dat.obj
 0003:00007b28       __wpgmptr                  1001fb28     LIBCMT:crt0dat.obj
 0003:00007b2c       __exitflag                 1001fb2c     LIBCMT:crt0dat.obj
 0003:00007b30       __C_Termination_Done       1001fb30     LIBCMT:crt0dat.obj
 0003:00007b34       __C_Exit_Done              1001fb34     LIBCMT:crt0dat.obj
 0003:00007c64       __adbgmsg                  1001fc64     LIBCMT:crt0msg.obj
 0003:00007cc8       __stdbuf                   1001fcc8     LIBCMT:_sftbuf.obj
 0003:00007cd0       ___lc_handle               1001fcd0     LIBCMT:nlsdata2.obj
 0003:00007ce8       ___lc_codepage             1001fce8     LIBCMT:nlsdata2.obj
 0003:00007cec       ___lc_collate_cp           1001fcec     LIBCMT:nlsdata2.obj
 0003:00007cfc       __newmode                  1001fcfc     LIBCMT:_newmode.obj
 0003:00007d00       ?_pnhHeap@@3P6AHI@ZA       1001fd00     LIBCMT:handler.obj
 0003:00007d10       ___lc_time_intl            1001fd10     LIBCMT:inittime.obj
 0003:00007d2c       ___lc_id                   1001fd2c     LIBCMT:nlsdata3.obj
 0003:00007d7c       ___lconv_static_null       1001fd7c     LIBCMT:lconv.obj
 0003:00007e50       ___alternate_form          1001fe50     <common>
 0003:00007e60       ___no_lead_zeros           1001fe60     <common>
 0003:00007e64       ___setlc_active            1001fe64     <common>
 0003:00007e74       ___unguarded_readlc_active 1001fe74     <common>
 0003:00007e78       ___sbh_sizeHeaderList      1001fe78     <common>
 0003:00007e8c       ___sbh_indGroupDefer       1001fe8c     <common>
 0003:00007e90       ___sbh_pHeaderScan         1001fe90     <common>
 0003:00007e94       ___sbh_initialized         1001fe94     <common>
 0003:00007e98       ___sbh_pHeaderDefer        1001fe98     <common>
 0003:00007e9c       ___sbh_cntHeaderList       1001fe9c     <common>
 0003:00007ea0       ___sbh_pHeaderList         1001fea0     <common>
 0003:00007ea4       ___sbh_threshold           1001fea4     <common>
 0003:00007ea8       __crtheap                  1001fea8     <common>
 0003:00007eb8       ___active_heap             1001feb8     <common>
 0003:00007ec0       ___pioinfo                 1001fec0     <common>
 0003:00007ffc       __nhandle                  1001fffc     <common>
 0003:00008000       ___mbcodepage              10020000     <common>
 0003:00008080       ___mbulinfo                10020080     <common>
 0003:0000808c       ___ismbcodepage            1002008c     <common>
 0003:000080a0       __mbcasemap                100200a0     <common>
 0003:000081a0       __mbctype                  100201a0     <common>
 0003:000082a4       ___mblcid                  100202a4     <common>
 0003:000082a8       ___env_initialized         100202a8     <common>
 0003:000082b8       ___mbctype_initialized     100202b8     <common>
 0003:000082bc       ___onexitend               100202bc     <common>
 0003:000082c0       ___onexitbegin             100202c0     <common>
 0003:000082c4       ___piob                    100202c4     <common>
 0003:00008620       __bufin                    10020620     <common>
 0003:00009620       __nstream                  10021620     <common>
 0003:00009624       __acmdln                   10021624     <common>
 0003:00009634       __pRawDllMain              10021634     <common>
 0004:00000000       __IMPORT_DESCRIPTOR_KERNEL32 10022000     kernel32:KERNEL32.dll
 0004:00000014       __IMPORT_DESCRIPTOR_ADVAPI32 10022014     advapi32:ADVAPI32.dll
 0004:00000028       __IMPORT_DESCRIPTOR_WS2_32 10022028     ws2_32:WS2_32.dll
 0004:0000003c       __IMPORT_DESCRIPTOR_WINMM  1002203c     winmm:WINMM.dll
 0004:00000050       __NULL_IMPORT_DESCRIPTOR   10022050     kernel32:KERNEL32.dll
 0004:000002cc       __imp__RegCreateKeyExA@36  100222cc     advapi32:ADVAPI32.dll
 0004:000002d0       __imp__RegSetValueExA@24   100222d0     advapi32:ADVAPI32.dll
 0004:000002d4       __imp__RegCloseKey@4       100222d4     advapi32:ADVAPI32.dll
 0004:000002d8       __imp__RegQueryValueExA@24 100222d8     advapi32:ADVAPI32.dll
 0004:000002dc       \177ADVAPI32_NULL_THUNK_DATA 100222dc     advapi32:ADVAPI32.dll
 0004:00000308       __imp__SetFilePointer@16   10022308     kernel32:KERNEL32.dll
 0004:0000030c       __imp__OutputDebugStringA@4 1002230c     kernel32:KERNEL32.dll
 0004:00000310       __imp__WriteFile@20        10022310     kernel32:KERNEL32.dll
 0004:00000314       __imp__GetModuleFileNameA@12 10022314     kernel32:KERNEL32.dll
 0004:00000318       __imp__GetModuleHandleA@4  10022318     kernel32:KERNEL32.dll
 0004:0000031c       __imp__CloseHandle@4       1002231c     kernel32:KERNEL32.dll
 0004:00000320       __imp__Sleep@4             10022320     kernel32:KERNEL32.dll
 0004:00000324       __imp__GetCurrentProcessId@0 10022324     kernel32:KERNEL32.dll
 0004:00000328       __imp__CreateFileA@28      10022328     kernel32:KERNEL32.dll
 0004:0000032c       __imp__GetLastError@0      1002232c     kernel32:KERNEL32.dll
 0004:00000330       __imp__SetEnvironmentVariableA@8 10022330     kernel32:KERNEL32.dll
 0004:00000334       __imp__CompareStringW@24   10022334     kernel32:KERNEL32.dll
 0004:00000338       __imp__CompareStringA@24   10022338     kernel32:KERNEL32.dll
 0004:0000033c       __imp__GetLocaleInfoW@16   1002233c     kernel32:KERNEL32.dll
 0004:00000340       __imp__GetTimeZoneInformation@4 10022340     kernel32:KERNEL32.dll
 0004:00000344       __imp__GetUserDefaultLCID@0 10022344     kernel32:KERNEL32.dll
 0004:00000348       __imp__EnumSystemLocalesA@8 10022348     kernel32:KERNEL32.dll
 0004:0000034c       __imp__GetLocaleInfoA@16   1002234c     kernel32:KERNEL32.dll
 0004:00000350       __imp__IsValidCodePage@4   10022350     kernel32:KERNEL32.dll
 0004:00000354       __imp__IsValidLocale@8     10022354     kernel32:KERNEL32.dll
 0004:00000358       __imp__RtlUnwind@16        10022358     kernel32:KERNEL32.dll
 0004:0000035c       __imp__SetStdHandle@8      1002235c     kernel32:KERNEL32.dll
 0004:00000360       __imp__IsBadWritePtr@8     10022360     kernel32:KERNEL32.dll
 0004:00000364       __imp__HeapReAlloc@16      10022364     kernel32:KERNEL32.dll
 0004:00000368       __imp__VirtualAlloc@16     10022368     kernel32:KERNEL32.dll
 0004:0000036c       __imp__GetStringTypeW@16   1002236c     kernel32:KERNEL32.dll
 0004:00000370       __imp__GetStringTypeA@20   10022370     kernel32:KERNEL32.dll
 0004:00000374       __imp__LCMapStringW@24     10022374     kernel32:KERNEL32.dll
 0004:00000378       __imp__GetCommandLineA@0   10022378     kernel32:KERNEL32.dll
 0004:0000037c       __imp__GetVersion@0        1002237c     kernel32:KERNEL32.dll
 0004:00000380       __imp__EnterCriticalSection@4 10022380     kernel32:KERNEL32.dll
 0004:00000384       __imp__LeaveCriticalSection@4 10022384     kernel32:KERNEL32.dll
 0004:00000388       __imp__ExitProcess@4       10022388     kernel32:KERNEL32.dll
 0004:0000038c       __imp__TerminateProcess@8  1002238c     kernel32:KERNEL32.dll
 0004:00000390       __imp__GetCurrentProcess@0 10022390     kernel32:KERNEL32.dll
 0004:00000394       __imp__SetConsoleCtrlHandler@8 10022394     kernel32:KERNEL32.dll
 0004:00000398       __imp__GetProcAddress@8    10022398     kernel32:KERNEL32.dll
 0004:0000039c       __imp__LoadLibraryA@4      1002239c     kernel32:KERNEL32.dll
 0004:000003a0       __imp__GetCurrentThreadId@0 100223a0     kernel32:KERNEL32.dll
 0004:000003a4       __imp__TlsSetValue@8       100223a4     kernel32:KERNEL32.dll
 0004:000003a8       __imp__TlsAlloc@0          100223a8     kernel32:KERNEL32.dll
 0004:000003ac       __imp__TlsFree@4           100223ac     kernel32:KERNEL32.dll
 0004:000003b0       __imp__SetLastError@4      100223b0     kernel32:KERNEL32.dll
 0004:000003b4       __imp__TlsGetValue@4       100223b4     kernel32:KERNEL32.dll
 0004:000003b8       __imp__GetCurrentThread@0  100223b8     kernel32:KERNEL32.dll
 0004:000003bc       __imp__GetCPInfo@8         100223bc     kernel32:KERNEL32.dll
 0004:000003c0       __imp__GetACP@0            100223c0     kernel32:KERNEL32.dll
 0004:000003c4       __imp__GetOEMCP@0          100223c4     kernel32:KERNEL32.dll
 0004:000003c8       __imp__SetHandleCount@4    100223c8     kernel32:KERNEL32.dll
 0004:000003cc       __imp__GetStdHandle@4      100223cc     kernel32:KERNEL32.dll
 0004:000003d0       __imp__GetFileType@4       100223d0     kernel32:KERNEL32.dll
 0004:000003d4       __imp__GetStartupInfoA@4   100223d4     kernel32:KERNEL32.dll
 0004:000003d8       __imp__DeleteCriticalSection@4 100223d8     kernel32:KERNEL32.dll
 0004:000003dc       __imp__FreeEnvironmentStringsA@4 100223dc     kernel32:KERNEL32.dll
 0004:000003e0       __imp__FreeEnvironmentStringsW@4 100223e0     kernel32:KERNEL32.dll
 0004:000003e4       __imp__WideCharToMultiByte@32 100223e4     kernel32:KERNEL32.dll
 0004:000003e8       __imp__GetEnvironmentStrings@0 100223e8     kernel32:KERNEL32.dll
 0004:000003ec       __imp__GetEnvironmentStringsW@0 100223ec     kernel32:KERNEL32.dll
 0004:000003f0       __imp__GetEnvironmentVariableA@12 100223f0     kernel32:KERNEL32.dll
 0004:000003f4       __imp__GetVersionExA@4     100223f4     kernel32:KERNEL32.dll
 0004:000003f8       __imp__HeapDestroy@4       100223f8     kernel32:KERNEL32.dll
 0004:000003fc       __imp__HeapCreate@12       100223fc     kernel32:KERNEL32.dll
 0004:00000400       __imp__VirtualFree@12      10022400     kernel32:KERNEL32.dll
 0004:00000404       __imp__HeapFree@12         10022404     kernel32:KERNEL32.dll
 0004:00000408       __imp__FlushFileBuffers@4  10022408     kernel32:KERNEL32.dll
 0004:0000040c       __imp__InitializeCriticalSection@4 1002240c     kernel32:KERNEL32.dll
 0004:00000410       __imp__FatalAppExitA@8     10022410     kernel32:KERNEL32.dll
 0004:00000414       __imp__HeapAlloc@12        10022414     kernel32:KERNEL32.dll
 0004:00000418       __imp__UnhandledExceptionFilter@4 10022418     kernel32:KERNEL32.dll
 0004:0000041c       __imp__InterlockedDecrement@4 1002241c     kernel32:KERNEL32.dll
 0004:00000420       __imp__InterlockedIncrement@4 10022420     kernel32:KERNEL32.dll
 0004:00000424       __imp__MultiByteToWideChar@24 10022424     kernel32:KERNEL32.dll
 0004:00000428       __imp__LCMapStringA@24     10022428     kernel32:KERNEL32.dll
 0004:0000042c       __imp__WriteConsoleA@20    1002242c     kernel32:KERNEL32.dll
 0004:00000430       \177KERNEL32_NULL_THUNK_DATA 10022430     kernel32:KERNEL32.dll
 0004:00000494       __imp__timeGetTime@0       10022494     winmm:WINMM.dll
 0004:00000498       __imp__timeBeginPeriod@4   10022498     winmm:WINMM.dll
 0004:0000049c       __imp__timeEndPeriod@4     1002249c     winmm:WINMM.dll
 0004:000004a0       \177WINMM_NULL_THUNK_DATA  100224a0     winmm:WINMM.dll
 0004:000004cc       __imp__ioctlsocket@12      100224cc     ws2_32:WS2_32.dll
 0004:000004d0       __imp__recvfrom@24         100224d0     ws2_32:WS2_32.dll
 0004:000004d4       __imp__WSAStartup@8        100224d4     ws2_32:WS2_32.dll
 0004:000004d8       __imp__socket@12           100224d8     ws2_32:WS2_32.dll
 0004:000004dc       __imp__WSACleanup@0        100224dc     ws2_32:WS2_32.dll
 0004:000004e0       __imp__closesocket@4       100224e0     ws2_32:WS2_32.dll
 0004:000004e4       __imp__setsockopt@20       100224e4     ws2_32:WS2_32.dll
 0004:000004e8       __imp__htonl@4             100224e8     ws2_32:WS2_32.dll
 0004:000004ec       __imp__htons@4             100224ec     ws2_32:WS2_32.dll
 0004:000004f0       __imp__bind@12             100224f0     ws2_32:WS2_32.dll
 0004:000004f4       __imp__ntohl@4             100224f4     ws2_32:WS2_32.dll
 0004:000004f8       __imp__sendto@24           100224f8     ws2_32:WS2_32.dll
 0004:000004fc       __imp__WSAGetLastError@0   100224fc     ws2_32:WS2_32.dll
 0004:00000500       \177WS2_32_NULL_THUNK_DATA 10022500     ws2_32:WS2_32.dll

 entry point at        0001:00003c47

