 BandTestD

 Timestamp is 67aa2e97 (Mon Feb 10 16:51:35 2025)

 Preferred load address is 10000000

 Start         Length     Name                   Class
 0001:00000000 00024ef6H .text                   CODE
 0001:00024ef6 0001000aH .textbss                CODE
 0002:00000000 00002fb1H .rdata                  DATA
 0002:00002fc0 0000019cH .edata                  DATA
 0003:00000000 00000104H .CRT$XCA                DATA
 0003:00000104 00000104H .CRT$XCZ                DATA
 0003:00000208 00000104H .CRT$XIA                DATA
 0003:0000030c 00000109H .CRT$XIC                DATA
 0003:00000418 00000104H .CRT$XIZ                DATA
 0003:0000051c 00000104H .CRT$XPA                DATA
 0003:00000620 00000109H .CRT$XPX                DATA
 0003:0000072c 00000104H .CRT$XPZ                DATA
 0003:00000830 00000104H .CRT$XTA                DATA
 0003:00000934 00000104H .CRT$XTZ                DATA
 0003:00000a40 00004fe6H .data                   DATA
 0003:00005a28 00003038H .bss                    DATA
 0004:00000000 00000050H .idata$2                DATA
 0004:00000050 00000014H .idata$3                DATA
 0004:00000064 00000284H .idata$4                DATA
 0004:000002e8 00000284H .idata$5                DATA
 0004:0000056c 000007c3H .idata$6                DATA
 0005:00000000 00000169H .rsrc$01                DATA
 0005:00000170 00000653H .rsrc$02                DATA

  Address         Publics by Value              Rva+Base     Lib:Object

 0001:00000050       _DllMain@12                10001050 f   BandTest.obj
 0001:00000080       ?Detect_Bandwidth@@YAKKKHAAHAAKKPAUtBandtestSettingsStruct@@PAD@Z 10001080 f   BandTest.obj
 0001:00002e70       ?Ping_Compare@@YAHPBX0@Z   10003e70 f   BandTest.obj
 0001:00002ed0       ?Sort_Pings@@YAXHPAK@Z     10003ed0 f   BandTest.obj
 0001:00004220       ?DebugString@@YAXPBDZZ     10005220 f   BandTest.obj
 0001:000044b0       ?Addr_As_String2@@YAPADPAUsockaddr_in@@@Z 100054b0 f   BandTest.obj
 0001:00004540       ?Addr_As_String@@YAPADPAE@Z 10005540 f   BandTest.obj
 0001:000045bc       _GetCurrentProcessId@0     100055bc f   kernel32:KERNEL32.dll
 0001:000045c2       _Sleep@4                   100055c2 f   kernel32:KERNEL32.dll
 0001:000045c8       _GetLastError@0            100055c8 f   kernel32:KERNEL32.dll
 0001:000045ce       _CloseHandle@4             100055ce f   kernel32:KERNEL32.dll
 0001:000045d4       _WriteFile@20              100055d4 f   kernel32:KERNEL32.dll
 0001:000045da       _SetFilePointer@16         100055da f   kernel32:KERNEL32.dll
 0001:000045e0       _OutputDebugStringA@4      100055e0 f   kernel32:KERNEL32.dll
 0001:000045e6       _CreateFileA@28            100055e6 f   kernel32:KERNEL32.dll
 0001:000045ec       _GetModuleFileNameA@12     100055ec f   kernel32:KERNEL32.dll
 0001:000045f2       _GetModuleHandleA@4        100055f2 f   kernel32:KERNEL32.dll
 0001:000045f8       _RegSetValueExA@24         100055f8 f   advapi32:ADVAPI32.dll
 0001:000045fe       _RegQueryValueExA@24       100055fe f   advapi32:ADVAPI32.dll
 0001:00004604       _RegCreateKeyExA@36        10005604 f   advapi32:ADVAPI32.dll
 0001:0000460a       _RegCloseKey@4             1000560a f   advapi32:ADVAPI32.dll
 0001:00004610       _setsockopt@20             10005610 f   ws2_32:WS2_32.dll
 0001:00004616       _ntohl@4                   10005616 f   ws2_32:WS2_32.dll
 0001:0000461c       _WSAGetLastError@0         1000561c f   ws2_32:WS2_32.dll
 0001:00004622       _bind@12                   10005622 f   ws2_32:WS2_32.dll
 0001:00004628       _htons@4                   10005628 f   ws2_32:WS2_32.dll
 0001:0000462e       _htonl@4                   1000562e f   ws2_32:WS2_32.dll
 0001:00004634       _sendto@24                 10005634 f   ws2_32:WS2_32.dll
 0001:0000463a       _recvfrom@24               1000563a f   ws2_32:WS2_32.dll
 0001:00004640       _ioctlsocket@12            10005640 f   ws2_32:WS2_32.dll
 0001:00004646       _closesocket@4             10005646 f   ws2_32:WS2_32.dll
 0001:0000464c       _getsockopt@20             1000564c f   ws2_32:WS2_32.dll
 0001:00004652       _WSACleanup@0              10005652 f   ws2_32:WS2_32.dll
 0001:00004658       _socket@12                 10005658 f   ws2_32:WS2_32.dll
 0001:0000465e       _WSASocketA@24             1000565e f   ws2_32:WS2_32.dll
 0001:00004664       _WSAStartup@8              10005664 f   ws2_32:WS2_32.dll
 0001:0000466a       _timeEndPeriod@4           1000566a f   winmm:WINMM.dll
 0001:00004670       _timeBeginPeriod@4         10005670 f   winmm:WINMM.dll
 0001:00004676       _timeGetTime@0             10005676 f   winmm:WINMM.dll
 0001:00004680       _strcpy                    10005680 f   LIBCMTD:strcat.obj
 0001:00004690       _strcat                    10005690 f   LIBCMTD:strcat.obj
 0001:00004770       __chkesp                   10005770 f   LIBCMTD:chkesp.obj
 0001:000047b0       _abs                       100057b0 f   LIBCMTD:abs.obj
 0001:000047e0       __assert                   100057e0 f   LIBCMTD:assert.obj
 0001:00004b60       _memcpy                    10005b60 f   LIBCMTD:memcpy.obj
 0001:00004ea0       _srand                     10005ea0 f   LIBCMTD:rand.obj
 0001:00004eb0       _rand                      10005eb0 f   LIBCMTD:rand.obj
 0001:00004ef0       __fpmath                   10005ef0 f   LIBCMTD:fpinit.obj
 0001:00004f20       __fpclear                  10005f20 f   LIBCMTD:fpinit.obj
 0001:00004f30       __cfltcvt_init             10005f30 f   LIBCMTD:fpinit.obj
 0001:00004f80       ___setfflag                10005f80 f   LIBCMTD:fpinit.obj
 0001:00004f9c       __ftol                     10005f9c f   LIBCMTD:ftol.obj
 0001:00004fd0       _strncpy                   10005fd0 f   LIBCMTD:strncpy.obj
 0001:000050d0       _strlen                    100060d0 f   LIBCMTD:strlen.obj
 0001:00005150       _sprintf                   10006150 f   LIBCMTD:sprintf.obj
 0001:00005250       __chkstk                   10006250 f   LIBCMTD:chkstk.obj
 0001:00005250       __alloca_probe             10006250 f   LIBCMTD:chkstk.obj
 0001:00005280       _qsort                     10006280 f   LIBCMTD:qsort.obj
 0001:00005580       _memmove                   10006580 f   LIBCMTD:memmove.obj
 0001:000058c0       __makepath                 100068c0 f   LIBCMTD:makepath.obj
 0001:00005a10       __splitpath                10006a10 f   LIBCMTD:splitpat.obj
 0001:00005c60       _vsprintf                  10006c60 f   LIBCMTD:vsprintf.obj
 0001:00005d60       __CRT_INIT@12              10006d60 f   LIBCMTD:dllcrt0.obj
 0001:00005ea0       __DllMainCRTStartup@12     10006ea0 f   LIBCMTD:dllcrt0.obj
 0001:00005fa0       __amsg_exit                10006fa0 f   LIBCMTD:dllcrt0.obj
 0001:00005fe0       __CrtDbgBreak              10006fe0 f   LIBCMTD:dbgrpt.obj
 0001:00005ff0       __CrtSetReportMode         10006ff0 f   LIBCMTD:dbgrpt.obj
 0001:00006050       __CrtSetReportFile         10007050 f   LIBCMTD:dbgrpt.obj
 0001:000060d0       __CrtSetReportHook         100070d0 f   LIBCMTD:dbgrpt.obj
 0001:000060f0       __CrtDbgReport             100070f0 f   LIBCMTD:dbgrpt.obj
 0001:00006790       _abort                     10007790 f   LIBCMTD:abort.obj
 0001:000067b0       __cinit                    100077b0 f   LIBCMTD:crt0dat.obj
 0001:000067f0       _exit                      100077f0 f   LIBCMTD:crt0dat.obj
 0001:00006810       __exit                     10007810 f   LIBCMTD:crt0dat.obj
 0001:00006830       __cexit                    10007830 f   LIBCMTD:crt0dat.obj
 0001:00006850       __c_exit                   10007850 f   LIBCMTD:crt0dat.obj
 0001:00006960       __lockexit                 10007960 f   LIBCMTD:crt0dat.obj
 0001:00006970       __unlockexit               10007970 f   LIBCMTD:crt0dat.obj
 0001:000069b0       _signal                    100079b0 f   LIBCMTD:winsig.obj
 0001:00006c80       _raise                     10007c80 f   LIBCMTD:winsig.obj
 0001:00006f20       ___fpecode                 10007f20 f   LIBCMTD:winsig.obj
 0001:00006f30       ___pxcptinfoptrs           10007f30 f   LIBCMTD:winsig.obj
 0001:00006f40       ___crtMessageBoxA          10007f40 f   LIBCMTD:crtmbox.obj
 0001:00007000       __itoa                     10008000 f   LIBCMTD:xtoa.obj
 0001:00007120       __ltoa                     10008120 f   LIBCMTD:xtoa.obj
 0001:00007160       __ultoa                    10008160 f   LIBCMTD:xtoa.obj
 0001:00007180       __i64toa                   10008180 f   LIBCMTD:xtoa.obj
 0001:000072d0       __ui64toa                  100082d0 f   LIBCMTD:xtoa.obj
 0001:000072f0       _strncat                   100082f0 f   LIBCMTD:strncat.obj
 0001:00007420       _fflush                    10008420 f   LIBCMTD:fflush.obj
 0001:00007470       __fflush_lk                10008470 f   LIBCMTD:fflush.obj
 0001:000074c0       __flush                    100084c0 f   LIBCMTD:fflush.obj
 0001:00007580       __flushall                 10008580 f   LIBCMTD:fflush.obj
 0001:000076d0       _fprintf                   100086d0 f   LIBCMTD:fprintf.obj
 0001:000077a0       _setvbuf                   100087a0 f   LIBCMTD:setvbuf.obj
 0001:00007910       ___initstdio               10008910 f   LIBCMTD:_file.obj
 0001:00007a40       ___endstdio                10008a40 f   LIBCMTD:_file.obj
 0001:00007a60       __lock_file                10008a60 f   LIBCMTD:_file.obj
 0001:00007aa0       __lock_file2               10008aa0 f   LIBCMTD:_file.obj
 0001:00007ad0       __unlock_file              10008ad0 f   LIBCMTD:_file.obj
 0001:00007b10       __unlock_file2             10008b10 f   LIBCMTD:_file.obj
 0001:00007b40       __mtinit                   10008b40 f   LIBCMTD:tidtable.obj
 0001:00007bd0       __mtterm                   10008bd0 f   LIBCMTD:tidtable.obj
 0001:00007c00       __initptd                  10008c00 f   LIBCMTD:tidtable.obj
 0001:00007c20       __getptd                   10008c20 f   LIBCMTD:tidtable.obj
 0001:00007cc0       __freeptd                  10008cc0 f   LIBCMTD:tidtable.obj
 0001:00007dd0       ___threadid                10008dd0 f   LIBCMTD:tidtable.obj
 0001:00007de0       ___threadhandle            10008de0 f   LIBCMTD:tidtable.obj
 0001:00007df0       __setdefaultprecision      10008df0 f   LIBCMTD:fp8.obj
 0001:00007e10       __ms_p5_test_fdiv          10008e10 f   LIBCMTD:testfdiv.obj
 0001:00007e70       __ms_p5_mp_test_fdiv       10008e70 f   LIBCMTD:testfdiv.obj
 0001:00007ec0       __forcdecpt                10008ec0 f   LIBCMTD:cvt.obj
 0001:00007f70       __cropzeros                10008f70 f   LIBCMTD:cvt.obj
 0001:00008050       __positive                 10009050 f   LIBCMTD:cvt.obj
 0001:00008080       __fassign                  10009080 f   LIBCMTD:cvt.obj
 0001:000080d0       __cftoe                    100090d0 f   LIBCMTD:cvt.obj
 0001:000082c0       __cftof                    100092c0 f   LIBCMTD:cvt.obj
 0001:00008470       __cftog                    10009470 f   LIBCMTD:cvt.obj
 0001:00008560       __cfltcvt                  10009560 f   LIBCMTD:cvt.obj
 0001:000085f0       __flsbuf                   100095f0 f   LIBCMTD:_flsbuf.obj
 0001:00008870       __output                   10009870 f   LIBCMTD:output.obj
 0001:000097a0       __mbsdec                   1000a7a0 f   LIBCMTD:mbsdec.obj
 0001:00009850       __setmbcp                  1000a850 f   LIBCMTD:mbctype.obj
 0001:0000a010       __getmbcp                  1000b010 f   LIBCMTD:mbctype.obj
 0001:0000a030       ___initmbctable            1000b030 f   LIBCMTD:mbctype.obj
 0001:0000a060       __mbsnbcpy                 1000b060 f   LIBCMTD:mbsnbcpy.obj
 0001:0000a190       __ioinit                   1000b190 f   LIBCMTD:ioinit.obj
 0001:0000a4c0       __ioterm                   1000b4c0 f   LIBCMTD:ioinit.obj
 0001:0000a560       _malloc                    1000b560 f   LIBCMTD:dbgheap.obj
 0001:0000a590       __malloc_dbg               1000b590 f   LIBCMTD:dbgheap.obj
 0001:0000a5c0       __nh_malloc                1000b5c0 f   LIBCMTD:dbgheap.obj
 0001:0000a5e0       __nh_malloc_dbg            1000b5e0 f   LIBCMTD:dbgheap.obj
 0001:0000a680       __heap_alloc               1000b680 f   LIBCMTD:dbgheap.obj
 0001:0000a6a0       __heap_alloc_dbg           1000b6a0 f   LIBCMTD:dbgheap.obj
 0001:0000a9c0       _calloc                    1000b9c0 f   LIBCMTD:dbgheap.obj
 0001:0000a9f0       __calloc_dbg               1000b9f0 f   LIBCMTD:dbgheap.obj
 0001:0000aa50       _realloc                   1000ba50 f   LIBCMTD:dbgheap.obj
 0001:0000aa80       __realloc_dbg              1000ba80 f   LIBCMTD:dbgheap.obj
 0001:0000b030       __expand                   1000c030 f   LIBCMTD:dbgheap.obj
 0001:0000b060       __expand_dbg               1000c060 f   LIBCMTD:dbgheap.obj
 0001:0000b0f0       _free                      1000c0f0 f   LIBCMTD:dbgheap.obj
 0001:0000b110       __free_lk                  1000c110 f   LIBCMTD:dbgheap.obj
 0001:0000b130       __free_dbg                 1000c130 f   LIBCMTD:dbgheap.obj
 0001:0000b1a0       __free_dbg_lk              1000c1a0 f   LIBCMTD:dbgheap.obj
 0001:0000b590       __msize                    1000c590 f   LIBCMTD:dbgheap.obj
 0001:0000b5b0       __msize_dbg                1000c5b0 f   LIBCMTD:dbgheap.obj
 0001:0000b740       __CrtSetBreakAlloc         1000c740 f   LIBCMTD:dbgheap.obj
 0001:0000b760       __CrtSetDbgBlockType       1000c760 f   LIBCMTD:dbgheap.obj
 0001:0000b840       __CrtSetAllocHook          1000c840 f   LIBCMTD:dbgheap.obj
 0001:0000b8f0       __CrtCheckMemory           1000c8f0 f   LIBCMTD:dbgheap.obj
 0001:0000bca0       __CrtSetDbgFlag            1000cca0 f   LIBCMTD:dbgheap.obj
 0001:0000bcd0       __CrtDoForAllClientObjects 1000ccd0 f   LIBCMTD:dbgheap.obj
 0001:0000bd80       __CrtIsValidPointer        1000cd80 f   LIBCMTD:dbgheap.obj
 0001:0000bdd0       __CrtIsValidHeapPointer    1000cdd0 f   LIBCMTD:dbgheap.obj
 0001:0000bf00       __CrtIsMemoryBlock         1000cf00 f   LIBCMTD:dbgheap.obj
 0001:0000c030       __CrtSetDumpClient         1000d030 f   LIBCMTD:dbgheap.obj
 0001:0000c050       __CrtMemCheckpoint         1000d050 f   LIBCMTD:dbgheap.obj
 0001:0000c200       __CrtMemDifference         1000d200 f   LIBCMTD:dbgheap.obj
 0001:0000c330       __CrtMemDumpAllObjectsSince 1000d330 f   LIBCMTD:dbgheap.obj
 0001:0000c750       __CrtDumpMemoryLeaks       1000d750 f   LIBCMTD:dbgheap.obj
 0001:0000c7d0       __CrtMemDumpStatistics     1000d7d0 f   LIBCMTD:dbgheap.obj
 0001:0000c8a0       __setenvp                  1000d8a0 f   LIBCMTD:stdenvp.obj
 0001:0000c9f0       __setargv                  1000d9f0 f   LIBCMTD:stdargv.obj
 0001:0000cf00       ___crtGetEnvironmentStringsA 1000df00 f   LIBCMTD:a_env.obj
 0001:0000d120       __GetLinkerVersion         1000e120 f   LIBCMTD:heapinit.obj
 0001:0000d180       ___heap_select             1000e180 f   LIBCMTD:heapinit.obj
 0001:0000d3b0       __heap_init                1000e3b0 f   LIBCMTD:heapinit.obj
 0001:0000d440       __heap_term                1000e440 f   LIBCMTD:heapinit.obj
 0001:0000d530       __FF_MSGBANNER             1000e530 f   LIBCMTD:crt0msg.obj
 0001:0000d580       __NMSG_WRITE               1000e580 f   LIBCMTD:crt0msg.obj
 0001:0000d740       __GET_RTERRMSG             1000e740 f   LIBCMTD:crt0msg.obj
 0001:0000d790       __snprintf                 1000e790 f   LIBCMTD:snprintf.obj
 0001:0000d890       __vsnprintf                1000e890 f   LIBCMTD:vsnprint.obj
 0001:0000d990       __mtinitlocks              1000e990 f   LIBCMTD:mlock.obj
 0001:0000d9d0       __mtdeletelocks            1000e9d0 f   LIBCMTD:mlock.obj
 0001:0000da70       __lock                     1000ea70 f   LIBCMTD:mlock.obj
 0001:0000db10       __unlock                   1000eb10 f   LIBCMTD:mlock.obj
 0001:0000db30       __lockerr_exit             1000eb30 f   LIBCMTD:mlock.obj
 0001:0000db50       __dosmaperr                1000eb50 f   LIBCMTD:dosmap.obj
 0001:0000dbf0       __errno                    1000ebf0 f   LIBCMTD:dosmap.obj
 0001:0000dc00       ___doserrno                1000ec00 f   LIBCMTD:dosmap.obj
 0001:0000dc10       __XcptFilter               1000ec10 f   LIBCMTD:winxfltr.obj
 0001:0000de30       __aulldiv                  1000ee30 f   LIBCMTD:ulldiv.obj
 0001:0000dea0       __aullrem                  1000eea0 f   LIBCMTD:ullrem.obj
 0001:0000df20       __commit                   1000ef20 f   LIBCMTD:commit.obj
 0001:0000e000       __write                    1000f000 f   LIBCMTD:write.obj
 0001:0000e090       __write_lk                 1000f090 f   LIBCMTD:write.obj
 0001:0000e310       __stbuf                    1000f310 f   LIBCMTD:_sftbuf.obj
 0001:0000e470       __ftbuf                    1000f470 f   LIBCMTD:_sftbuf.obj
 0001:0000e510       __freebuf                  1000f510 f   LIBCMTD:_freebuf.obj
 0001:0000e5b0       __fcloseall                1000f5b0 f   LIBCMTD:closeall.obj
 0001:0000e690       __statusfp                 1000f690 f   LIBCMTD:ieee87.obj
 0001:0000e6b0       __clearfp                  1000f6b0 f   LIBCMTD:ieee87.obj
 0001:0000e6d0       __control87                1000f6d0 f   LIBCMTD:ieee87.obj
 0001:0000e720       __controlfp                1000f720 f   LIBCMTD:ieee87.obj
 0001:0000e740       __fpreset                  1000f740 f   LIBCMTD:ieee87.obj
 0001:0000eb30       __isctype                  1000fb30 f   LIBCMTD:isctype.obj
 0001:0000ebf0       __tolower                  1000fbf0 f   LIBCMTD:tolower.obj
 0001:0000ec00       _tolower                   1000fc00 f   LIBCMTD:tolower.obj
 0001:0000eca0       __tolower_lk               1000fca0 f   LIBCMTD:tolower.obj
 0001:0000edd0       __ZeroTail                 1000fdd0 f   LIBCMTD:intrncvt.obj
 0001:0000ee60       __IncMan                   1000fe60 f   LIBCMTD:intrncvt.obj
 0001:0000ef10       __RoundMan                 1000ff10 f   LIBCMTD:intrncvt.obj
 0001:0000eff0       __CopyMan                  1000fff0 f   LIBCMTD:intrncvt.obj
 0001:0000f040       __FillZeroMan              10010040 f   LIBCMTD:intrncvt.obj
 0001:0000f070       __IsZeroMan                10010070 f   LIBCMTD:intrncvt.obj
 0001:0000f0b0       __ShrMan                   100100b0 f   LIBCMTD:intrncvt.obj
 0001:0000f1a0       __ld12cvt                  100101a0 f   LIBCMTD:intrncvt.obj
 0001:0000f3f0       __ld12tod                  100103f0 f   LIBCMTD:intrncvt.obj
 0001:0000f410       __ld12tof                  10010410 f   LIBCMTD:intrncvt.obj
 0001:0000f430       __ld12told                 10010430 f   LIBCMTD:intrncvt.obj
 0001:0000f4f0       __atodbl                   100104f0 f   LIBCMTD:intrncvt.obj
 0001:0000f530       __atoldbl                  10010530 f   LIBCMTD:intrncvt.obj
 0001:0000f570       __atoflt                   10010570 f   LIBCMTD:intrncvt.obj
 0001:0000f5b0       __fptostr                  100105b0 f   LIBCMTD:_fptostr.obj
 0001:0000f6b0       __fltout2                  100106b0 f   LIBCMTD:cfout.obj
 0001:0000f730       ___dtold                   10010730 f   LIBCMTD:cfout.obj
 0001:0000f8a0       _memset                    100108a0 f   LIBCMTD:memset.obj
 0001:0000f900       __fptrap                   10010900 f   LIBCMTD:crt0fp.obj
 0001:0000f910       __lseek                    10010910 f   LIBCMTD:lseek.obj
 0001:0000f9a0       __lseek_lk                 100109a0 f   LIBCMTD:lseek.obj
 0001:0000fa60       __getbuf                   10010a60 f   LIBCMTD:_getbuf.obj
 0001:0000fb30       __isatty                   10010b30 f   LIBCMTD:isatty.obj
 0001:0000fb70       _wctomb                    10010b70 f   LIBCMTD:wctomb.obj
 0001:0000fbf0       __wctomb_lk                10010bf0 f   LIBCMTD:wctomb.obj
 0001:0000fc90       ___crtLCMapStringA         10010c90 f   LIBCMTD:a_map.obj
 0001:0000fff0       ___crtGetStringTypeA       10010ff0 f   LIBCMTD:a_str.obj
 0001:000101b0       ?_set_new_handler@@YAP6AHI@ZP6AHI@Z@Z 100111b0 f   LIBCMTD:handler.obj
 0001:000101e0       ?_query_new_handler@@YAP6AHI@ZXZ 100111e0 f   LIBCMTD:handler.obj
 0001:000101f0       __callnewh                 100111f0 f   LIBCMTD:handler.obj
 0001:00010220       __global_unwind2           10011220 f   LIBCMTD:exsup.obj
 0001:00010262       __local_unwind2            10011262 f   LIBCMTD:exsup.obj
 0001:000102ba       __NLG_Return2              100112ba f   LIBCMTD:exsup.obj
 0001:000102ca       __abnormal_termination     100112ca f   LIBCMTD:exsup.obj
 0001:000102ed       __NLG_Notify1              100112ed f   LIBCMTD:exsup.obj
 0001:000102f6       __NLG_Notify               100112f6 f   LIBCMTD:exsup.obj
 0001:00010309       __NLG_Dispatch             10011309 f   LIBCMTD:exsup.obj
 0001:00010318       __except_handler3          10011318 f   LIBCMTD:exsup3.obj
 0001:000103d5       __seh_longjmp_unwind@4     100113d5 f   LIBCMTD:exsup3.obj
 0001:000103f0       __malloc_base              100113f0 f   LIBCMTD:malloc.obj
 0001:00010410       __nh_malloc_base           10011410 f   LIBCMTD:malloc.obj
 0001:00010470       __heap_alloc_base          10011470 f   LIBCMTD:malloc.obj
 0001:000105c0       __CrtDefaultAllocHook      100115c0 f   LIBCMTD:dbghook.obj
 0001:000105d0       __expand_base              100115d0 f   LIBCMTD:expand.obj
 0001:000107e0       __realloc_base             100117e0 f   LIBCMTD:realloc.obj
 0001:00010c80       __free_base                10011c80 f   LIBCMTD:free.obj
 0001:00010dd0       __heapchk                  10011dd0 f   LIBCMTD:heapchk.obj
 0001:00010ee0       __heapset                  10011ee0 f   LIBCMTD:heapchk.obj
 0001:00010ef0       __get_sbh_threshold        10011ef0 f   LIBCMTD:sbheap.obj
 0001:00010f20       __set_sbh_threshold        10011f20 f   LIBCMTD:sbheap.obj
 0001:00011030       ___sbh_heap_init           10012030 f   LIBCMTD:sbheap.obj
 0001:000110a0       ___sbh_find_block          100120a0 f   LIBCMTD:sbheap.obj
 0001:00011100       ___sbh_verify_block        10012100 f   LIBCMTD:sbheap.obj
 0001:00011160       ___sbh_free_block          10012160 f   LIBCMTD:sbheap.obj
 0001:00011740       ___sbh_alloc_block         10012740 f   LIBCMTD:sbheap.obj
 0001:00011c80       ___sbh_alloc_new_region    10012c80 f   LIBCMTD:sbheap.obj
 0001:00011d90       ___sbh_alloc_new_group     10012d90 f   LIBCMTD:sbheap.obj
 0001:00011f80       ___sbh_resize_block        10012f80 f   LIBCMTD:sbheap.obj
 0001:00012570       ___sbh_heapmin             10013570 f   LIBCMTD:sbheap.obj
 0001:000126a0       ___sbh_heap_check          100136a0 f   LIBCMTD:sbheap.obj
 0001:00012cc0       __get_old_sbh_threshold    10013cc0 f   LIBCMTD:sbheap.obj
 0001:00012cd0       __set_old_sbh_threshold    10013cd0 f   LIBCMTD:sbheap.obj
 0001:00012d00       ___old_sbh_new_region      10013d00 f   LIBCMTD:sbheap.obj
 0001:00012ee0       ___old_sbh_release_region  10013ee0 f   LIBCMTD:sbheap.obj
 0001:00012f60       ___old_sbh_decommit_pages  10013f60 f   LIBCMTD:sbheap.obj
 0001:000130c0       ___old_sbh_find_block      100140c0 f   LIBCMTD:sbheap.obj
 0001:00013150       ___old_sbh_free_block      10014150 f   LIBCMTD:sbheap.obj
 0001:000131c0       ___old_sbh_alloc_block     100141c0 f   LIBCMTD:sbheap.obj
 0001:00013580       ___old_sbh_alloc_block_from_page 10014580 f   LIBCMTD:sbheap.obj
 0001:00013830       ___old_sbh_resize_block    10014830 f   LIBCMTD:sbheap.obj
 0001:000139a0       ___old_sbh_heap_check      100149a0 f   LIBCMTD:sbheap.obj
 0001:00013be0       _strtol                    10014be0 f   LIBCMTD:strtol.obj
 0001:00013f40       _strtoul                   10014f40 f   LIBCMTD:strtol.obj
 0001:00013f70       _strchr                    10014f70 f   LIBCMTD:strchr.obj
 0001:00013f76       ___from_strstr_to_strchr   10014f76 f   LIBCMTD:strchr.obj
 0001:00014030       _strstr                    10015030 f   LIBCMTD:strstr.obj
 0001:000140b0       _strncmp                   100150b0 f   LIBCMTD:strncmp.obj
 0001:000140f0       __alloc_osfhnd             100150f0 f   LIBCMTD:osfinfo.obj
 0001:000142e0       __set_osfhnd               100152e0 f   LIBCMTD:osfinfo.obj
 0001:000143a0       __free_osfhnd              100153a0 f   LIBCMTD:osfinfo.obj
 0001:00014480       __get_osfhandle            10015480 f   LIBCMTD:osfinfo.obj
 0001:000144f0       __open_osfhandle           100154f0 f   LIBCMTD:osfinfo.obj
 0001:00014600       __lock_fhandle             10015600 f   LIBCMTD:osfinfo.obj
 0001:00014690       __unlock_fhandle           10015690 f   LIBCMTD:osfinfo.obj
 0001:000146c0       _fclose                    100156c0 f   LIBCMTD:fclose.obj
 0001:00014750       __fclose_lk                10015750 f   LIBCMTD:fclose.obj
 0001:00014810       _setlocale                 10015810 f   LIBCMTD:setlocal.obj
 0001:00014ea0       __expandlocale             10015ea0 f   LIBCMTD:setlocal.obj
 0001:00015030       ___init_dummy              10016030 f   LIBCMTD:setlocal.obj
 0001:00015040       __strcats                  10016040 f   LIBCMTD:setlocal.obj
 0001:00015090       ___lc_strtolc              10016090 f   LIBCMTD:setlocal.obj
 0001:000151f0       ___lc_lctostr              100161f0 f   LIBCMTD:setlocal.obj
 0001:00015260       ___addl                    10016260 f   LIBCMTD:mantold.obj
 0001:000152a0       ___add_12                  100162a0 f   LIBCMTD:mantold.obj
 0001:00015350       ___shl_12                  10016350 f   LIBCMTD:mantold.obj
 0001:000153b0       ___shr_12                  100163b0 f   LIBCMTD:mantold.obj
 0001:00015420       ___mtold12                 10016420 f   LIBCMTD:mantold.obj
 0001:00015560       ___strgtold12              10016560 f   LIBCMTD:strgtold.obj
 0001:00016090       ___STRINGTOLD              10017090 f   LIBCMTD:strgtold.obj
 0001:000160e0       _$I10_OUTPUT               100170e0 f   LIBCMTD:x10fout.obj
 0001:00016600       __toupper                  10017600 f   LIBCMTD:toupper.obj
 0001:00016610       _toupper                   10017610 f   LIBCMTD:toupper.obj
 0001:000166b0       __toupper_lk               100176b0 f   LIBCMTD:toupper.obj
 0001:000167e0       __close                    100177e0 f   LIBCMTD:close.obj
 0001:00016860       __close_lk                 10017860 f   LIBCMTD:close.obj
 0001:00016910       ___init_time               10017910 f   LIBCMTD:inittime.obj
 0001:00017290       ___init_numeric            10018290 f   LIBCMTD:initnum.obj
 0001:000175c0       ___init_monetary           100185c0 f   LIBCMTD:initmon.obj
 0001:00017a20       ___init_ctype              10018a20 f   LIBCMTD:initctyp.obj
 0001:00017dc0       ___init_collate            10018dc0 f   LIBCMTD:initcoll.obj
 0001:00017dd0       _strcmp                    10018dd0 f   LIBCMTD:strcmp.obj
 0001:00017e60       _strcspn                   10018e60 f   LIBCMTD:strcspn.obj
 0001:00017ea0       _strpbrk                   10018ea0 f   LIBCMTD:strpbrk.obj
 0001:00017ee0       ___get_qualified_locale    10018ee0 f   LIBCMTD:getqloc.obj
 0001:00018c80       ___ld12mul                 10019c80 f   LIBCMTD:tenpow.obj
 0001:000190c0       ___multtenpow12            1001a0c0 f   LIBCMTD:tenpow.obj
 0001:00019190       __Getdays                  1001a190 f   LIBCMTD:strftime.obj
 0001:000192c0       __Getmonths                1001a2c0 f   LIBCMTD:strftime.obj
 0001:000193f0       __Gettnames                1001a3f0 f   LIBCMTD:strftime.obj
 0001:00019760       _strftime                  1001a760 f   LIBCMTD:strftime.obj
 0001:00019780       __Strftime                 1001a780 f   LIBCMTD:strftime.obj
 0001:0001a6a0       ___getlocaleinfo           1001b6a0 f   LIBCMTD:inithelp.obj
 0001:0001a930       _localeconv                1001b930 f   LIBCMTD:lconv.obj
 0001:0001a940       ___crtGetStringTypeW       1001b940 f   LIBCMTD:w_str.obj
 0001:0001abb0       __strcmpi                  1001bbb0 f   LIBCMTD:stricmp.obj
 0001:0001abb0       __stricmp                  1001bbb0 f   LIBCMTD:stricmp.obj
 0001:0001ac80       __strnicmp                 1001bc80 f   LIBCMTD:strnicmp.obj
 0001:0001ad90       _atol                      1001bd90 f   LIBCMTD:atox.obj
 0001:0001ae90       _atoi                      1001be90 f   LIBCMTD:atox.obj
 0001:0001aeb0       __atoi64                   1001beb0 f   LIBCMTD:atox.obj
 0001:0001afe0       ___tzset                   1001bfe0 f   LIBCMTD:tzset.obj
 0001:0001b020       __tzset                    1001c020 f   LIBCMTD:tzset.obj
 0001:0001b3f0       __isindst                  1001c3f0 f   LIBCMTD:tzset.obj
 0001:0001b920       ___crtGetLocaleInfoW       1001c920 f   LIBCMTD:w_loc.obj
 0001:0001bac0       ___crtGetLocaleInfoA       1001cac0 f   LIBCMTD:a_loc.obj
 0001:0001bc70       __allmul                   1001cc70 f   LIBCMTD:llmul.obj
 0001:0001bcb0       _getenv                    1001ccb0 f   LIBCMTD:getenv.obj
 0001:0001bce0       __getenv_lk                1001cce0 f   LIBCMTD:getenv.obj
 0001:0001bdb0       __mbsnbicoll               1001cdb0 f   LIBCMTD:mbsnbico.obj
 0001:0001be00       ___wtomb_environ           1001ce00 f   LIBCMTD:wtombenv.obj
 0001:0001beb0       ___crtCompareStringA       1001ceb0 f   LIBCMTD:a_cmp.obj
 0001:0001c300       ___crtsetenv               1001d300 f   LIBCMTD:setenv.obj
 0001:0001c750       __mbschr                   1001d750 f   LIBCMTD:mbschr.obj
 0001:0001c840       _GetCommandLineA@0         1001d840 f   kernel32:KERNEL32.dll
 0001:0001c846       _GetVersion@0              1001d846 f   kernel32:KERNEL32.dll
 0001:0001c84c       _DebugBreak@0              1001d84c f   kernel32:KERNEL32.dll
 0001:0001c852       _GetStdHandle@4            1001d852 f   kernel32:KERNEL32.dll
 0001:0001c858       _InterlockedDecrement@4    1001d858 f   kernel32:KERNEL32.dll
 0001:0001c85e       _GetProcAddress@8          1001d85e f   kernel32:KERNEL32.dll
 0001:0001c864       _LoadLibraryA@4            1001d864 f   kernel32:KERNEL32.dll
 0001:0001c86a       _InterlockedIncrement@4    1001d86a f   kernel32:KERNEL32.dll
 0001:0001c870       _ExitProcess@4             1001d870 f   kernel32:KERNEL32.dll
 0001:0001c876       _TerminateProcess@8        1001d876 f   kernel32:KERNEL32.dll
 0001:0001c87c       _GetCurrentProcess@0       1001d87c f   kernel32:KERNEL32.dll
 0001:0001c882       _SetConsoleCtrlHandler@8   1001d882 f   kernel32:KERNEL32.dll
 0001:0001c888       _EnterCriticalSection@4    1001d888 f   kernel32:KERNEL32.dll
 0001:0001c88e       _LeaveCriticalSection@4    1001d88e f   kernel32:KERNEL32.dll
 0001:0001c894       _GetCurrentThreadId@0      1001d894 f   kernel32:KERNEL32.dll
 0001:0001c89a       _TlsSetValue@8             1001d89a f   kernel32:KERNEL32.dll
 0001:0001c8a0       _TlsAlloc@0                1001d8a0 f   kernel32:KERNEL32.dll
 0001:0001c8a6       _TlsFree@4                 1001d8a6 f   kernel32:KERNEL32.dll
 0001:0001c8ac       _SetLastError@4            1001d8ac f   kernel32:KERNEL32.dll
 0001:0001c8b2       _TlsGetValue@4             1001d8b2 f   kernel32:KERNEL32.dll
 0001:0001c8b8       _GetCurrentThread@0        1001d8b8 f   kernel32:KERNEL32.dll
 0001:0001c8be       _GetCPInfo@8               1001d8be f   kernel32:KERNEL32.dll
 0001:0001c8c4       _GetACP@0                  1001d8c4 f   kernel32:KERNEL32.dll
 0001:0001c8ca       _GetOEMCP@0                1001d8ca f   kernel32:KERNEL32.dll
 0001:0001c8d0       _SetHandleCount@4          1001d8d0 f   kernel32:KERNEL32.dll
 0001:0001c8d6       _GetFileType@4             1001d8d6 f   kernel32:KERNEL32.dll
 0001:0001c8dc       _GetStartupInfoA@4         1001d8dc f   kernel32:KERNEL32.dll
 0001:0001c8e2       _DeleteCriticalSection@4   1001d8e2 f   kernel32:KERNEL32.dll
 0001:0001c8e8       _IsBadWritePtr@8           1001d8e8 f   kernel32:KERNEL32.dll
 0001:0001c8ee       _IsBadReadPtr@8            1001d8ee f   kernel32:KERNEL32.dll
 0001:0001c8f4       _HeapValidate@12           1001d8f4 f   kernel32:KERNEL32.dll
 0001:0001c8fa       _FreeEnvironmentStringsA@4 1001d8fa f   kernel32:KERNEL32.dll
 0001:0001c900       _FreeEnvironmentStringsW@4 1001d900 f   kernel32:KERNEL32.dll
 0001:0001c906       _WideCharToMultiByte@32    1001d906 f   kernel32:KERNEL32.dll
 0001:0001c90c       _GetEnvironmentStrings@0   1001d90c f   kernel32:KERNEL32.dll
 0001:0001c912       _GetEnvironmentStringsW@0  1001d912 f   kernel32:KERNEL32.dll
 0001:0001c918       _GetEnvironmentVariableA@12 1001d918 f   kernel32:KERNEL32.dll
 0001:0001c91e       _GetVersionExA@4           1001d91e f   kernel32:KERNEL32.dll
 0001:0001c924       _HeapDestroy@4             1001d924 f   kernel32:KERNEL32.dll
 0001:0001c92a       _HeapCreate@12             1001d92a f   kernel32:KERNEL32.dll
 0001:0001c930       _HeapFree@12               1001d930 f   kernel32:KERNEL32.dll
 0001:0001c936       _VirtualFree@12            1001d936 f   kernel32:KERNEL32.dll
 0001:0001c93c       _InitializeCriticalSection@4 1001d93c f   kernel32:KERNEL32.dll
 0001:0001c942       _FatalAppExitA@8           1001d942 f   kernel32:KERNEL32.dll
 0001:0001c948       _UnhandledExceptionFilter@4 1001d948 f   kernel32:KERNEL32.dll
 0001:0001c94e       _FlushFileBuffers@4        1001d94e f   kernel32:KERNEL32.dll
 0001:0001c954       _MultiByteToWideChar@24    1001d954 f   kernel32:KERNEL32.dll
 0001:0001c95a       _LCMapStringA@24           1001d95a f   kernel32:KERNEL32.dll
 0001:0001c960       _LCMapStringW@24           1001d960 f   kernel32:KERNEL32.dll
 0001:0001c966       _GetStringTypeA@20         1001d966 f   kernel32:KERNEL32.dll
 0001:0001c96c       _GetStringTypeW@16         1001d96c f   kernel32:KERNEL32.dll
 0001:0001c972       _RtlUnwind@16              1001d972 f   kernel32:KERNEL32.dll
 0001:0001c978       _HeapAlloc@12              1001d978 f   kernel32:KERNEL32.dll
 0001:0001c97e       _HeapReAlloc@16            1001d97e f   kernel32:KERNEL32.dll
 0001:0001c984       _VirtualAlloc@16           1001d984 f   kernel32:KERNEL32.dll
 0001:0001c98a       _SetStdHandle@8            1001d98a f   kernel32:KERNEL32.dll
 0001:0001c990       _IsValidLocale@8           1001d990 f   kernel32:KERNEL32.dll
 0001:0001c996       _IsValidCodePage@4         1001d996 f   kernel32:KERNEL32.dll
 0001:0001c99c       _GetLocaleInfoA@16         1001d99c f   kernel32:KERNEL32.dll
 0001:0001c9a2       _EnumSystemLocalesA@8      1001d9a2 f   kernel32:KERNEL32.dll
 0001:0001c9a8       _GetUserDefaultLCID@0      1001d9a8 f   kernel32:KERNEL32.dll
 0001:0001c9ae       _GetTimeZoneInformation@4  1001d9ae f   kernel32:KERNEL32.dll
 0001:0001c9b4       _GetLocaleInfoW@16         1001d9b4 f   kernel32:KERNEL32.dll
 0001:0001c9ba       _CompareStringA@24         1001d9ba f   kernel32:KERNEL32.dll
 0001:0001c9c0       _CompareStringW@24         1001d9c0 f   kernel32:KERNEL32.dll
 0001:0001c9c6       _SetEnvironmentVariableA@8 1001d9c6 f   kernel32:KERNEL32.dll
 0001:0001c9d0       _cprintf                   1001d9d0 f   LIBCMTD:cprintf.obj
 0001:0001c9d0       __cprintf                  1001d9d0 f   LIBCMTD:cprintf.obj
 0001:0001d8b0       __putch                    1001e8b0 f   LIBCMTD:putch.obj
 0001:0001d8e0       __putch_lk                 1001e8e0 f   LIBCMTD:putch.obj
 0001:0001d930       ___initconin               1001e930 f   LIBCMTD:initcon.obj
 0001:0001d960       ___initconout              1001e960 f   LIBCMTD:initcon.obj
 0001:0001d990       ___termcon                 1001e990 f   LIBCMTD:initcon.obj
 0001:0001d9d2       _WriteConsoleA@20          1001e9d2 f   kernel32:KERNEL32.dll
 0001:00024f00       __enc$textbss$begin        10025f00     <linker-defined>
 0001:00034f00       __enc$textbss$end          10035f00     <linker-defined>
 0002:0000001c       ??_C@_09KFNB@Retry?5?$CFd?6?$AA@ 1003601c     BandTest.obj
 0002:00000028       ??_C@_0BL@IHHD@Failed?5with?5error?5code?5?$CFd?6?$AA@ 10036028     BandTest.obj
 0002:00000048       ??_C@_07CBBL@Quality?$AA@  10036048     BandTest.obj
 0002:00000054       ??_C@_0CA@FDA@Connection?5quality?3?5?$CFd?5percent?6?$AA@ 10036054     BandTest.obj
 0002:0000007c       ??_C@_08EINO@PingLoss?$AA@ 1003607c     BandTest.obj
 0002:00000088       ??_C@_0BJ@HFD@Packet?5loss?3?5?$CFd?5percent?6?$AA@ 10036088     BandTest.obj
 0002:000000a8       ??_C@_0CI@NBLD@Total?5time?5to?5detect?5bandwidth?5?$DN@ 100360a8     BandTest.obj
 0002:000000d8       ??_C@_0EB@BICM@Downstream?5bandwidth?5from?5extern@ 100360d8     BandTest.obj
 0002:00000128       ??_C@_0EH@BOOL@Downstream?5bandwidth?5from?5extern@ 10036128     BandTest.obj
 0002:00000180       ??_C@_0CO@DLGO@Took?5?$CFd?5ms?5to?5calculate?5downstre@ 10036180     BandTest.obj
 0002:000001b8       __real@4@400b8700000000000000 100361b8     BandTest.obj
 0002:000001bc       __real@4@4008fa00000000000000 100361bc     BandTest.obj
 0002:000001c0       __real@8@00000000000000000000 100361c0     BandTest.obj
 0002:000001cc       ??_C@_0BK@HEMP@Time?5upstream?5is?5?$CF?41f?5ms?6?$AA@ 100361cc     BandTest.obj
 0002:000001ec       __real@4@401283d6000000000000 100361ec     BandTest.obj
 0002:000001f0       ??_C@_0DF@MGOO@Average?5ping?5time?5to?5external?5ro@ 100361f0     BandTest.obj
 0002:00000230       ??_C@_0CF@MCHM@Quickest?5ping?5came?5in?5after?5?$CF?42f@ 10036230     BandTest.obj
 0002:0000025c       ??_C@_0BF@OBIL@Sending?5large?5pings?6?$AA@ 1003625c     BandTest.obj
 0002:00000278       ??_C@_0CL@IKLO@Detecting?5downstream?5bandwidth?5?9@ 10036278     BandTest.obj
 0002:000002ac       __real@4@4001a000000000000000 100362ac     BandTest.obj
 0002:000002b0       ??_C@_04IH@Down?$AA@       100362b0     BandTest.obj
 0002:000002b8       ??_C@_02NCFM@Up?$AA@       100362b8     BandTest.obj
 0002:000002bc       ??_C@_0CB@KGCB@Took?5?$CFd?5ms?5to?5get?5new?5ping?5time?6@ 100362bc     BandTest.obj
 0002:000002e4       ??_C@_0DN@HFFM@Upstream?5bandwidth?5to?5external?5r@ 100362e4     BandTest.obj
 0002:00000330       ??_C@_0ED@NADN@Upstream?5bandwidth?5to?5external?5r@ 10036330     BandTest.obj
 0002:00000380       __real@4@40098000000000000000 10036380     BandTest.obj
 0002:00000384       ??_C@_0CA@NLOD@Upstream?5bandwidth?5is?5huge?5?3?9?$CJ?6?$AA@ 10036384     BandTest.obj
 0002:000003ac       __real@4@401b8000000000000000 100363ac     BandTest.obj
 0002:000003b0       ??_C@_0CD@LLMH@Failed?5to?5get?5final?5ping?5respons@ 100363b0     BandTest.obj
 0002:000003dc       ??_C@_0DB@DGIM@Failed?5to?5get?5final?5ping?5respons@ 100363dc     BandTest.obj
 0002:00000418       ??_C@_0EB@MCCB@Total?5time?5to?5send?5?$CFd?5bytes?5plus@ 10036418     BandTest.obj
 0002:00000468       ??_C@_0CL@HJLM@Ping?5time?5to?5external?5router?5is?5@ 10036468     BandTest.obj
 0002:0000049c       ??_C@_0DG@MBOA@setsockopt?5failed?5to?5set?5IP_TTL?5@ 1003649c     BandTest.obj
 0002:000004dc       ??_C@_0CB@IKJA@Took?5?$CFd?5ms?5to?5send?5bulk?5packets?6@ 100364dc     BandTest.obj
 0002:00000504       ??_C@_0CB@GBKD@Sending?5?$CFd?5500?5byte?5UDP?5packets?6@ 10036504     BandTest.obj
 0002:0000052c       ??_C@_0DI@CFNO@setsockopt?5failed?5to?5set?5SO_RECV@ 1003652c     BandTest.obj
 0002:00000570       ??_C@_0EF@JHLH@setsockopt?5failed?5to?5set?5IP_TTL?5@ 10036570     BandTest.obj
 0002:000005c4       ??_C@_0BA@KFJG@router_ttl?5?$CB?$DN?50?$AA@ 100365c4     BandTest.obj
 0002:000005d8       ??_C@_0DN@HDA@d?3?2projects?2_gpl?2cnc_renegade_gp@ 100365d8     BandTest.obj
 0002:00000624       ??_C@_0CA@IBBH@Failed?5to?5find?5external?5router?6?$AA@ 10036624     BandTest.obj
 0002:0000064c       ??_C@_0CA@NKLM@Failed?5to?5ping?5external?5router?6?$AA@ 1003664c     BandTest.obj
 0002:00000674       ??_C@_0CB@CPBG@Took?5?$CFd?5ms?5to?5find?5average?5ping?6@ 10036674     BandTest.obj
 0002:0000069c       ??_C@_0DB@GIKK@Average?5ping?5time?5to?5external?5ro@ 1003669c     BandTest.obj
 0002:000006d8       ??_C@_0O@BAIK@?5?5?5?$CF02d?5?3?5?$CFs?6?$AA@ 100366d8     BandTest.obj
 0002:000006e8       ??_C@_0BJ@IIAA@Found?5path?5to?5server?4?4?4?6?$AA@ 100366e8     BandTest.obj
 0002:00000708       ??_C@_0BO@NJLN@Failed?5to?5get?5path?5to?5server?6?$AA@ 10036708     BandTest.obj
 0002:0000072c       ??_C@_0CD@LCBA@Took?5?$CFd?5ms?5to?5find?5path?5to?5serve@ 1003672c     BandTest.obj
 0002:00000758       ??_C@_0CG@DBPG@Took?5?$CFd?5ms?5to?5discover?5my?5IP?5add@ 10036758     BandTest.obj
 0002:00000788       ??_C@_0CH@GGJA@Unexpected?5response?5to?5IP?5detect@ 10036788     BandTest.obj
 0002:000007b8       ??_C@_0BG@ILEA@Detected?5my?5IP?5as?5?$CFs?6?$AA@ 100367b8     BandTest.obj
 0002:000007d4       ??_C@_0CK@PACH@Failed?5to?5get?5response?5to?5IP?5det@ 100367d4     BandTest.obj
 0002:00000808       ??_C@_0BB@BDAE@Detecting?5my?5IP?6?$AA@ 10036808     BandTest.obj
 0002:0000081c       ??_C@_0CA@PPLN@bind?5failed?5with?5error?5code?5?$CFd?6?$AA@ 1003681c     BandTest.obj
 0002:00000844       __real@4@4003c800000000000000 10036844     BandTest.obj
 0002:00000848       ??_C@_05CLJL@?$CF3?41f?$AA@ 10036848     BandTest.obj
 0002:00000850       ??_C@_0BH@CEBI@Sending?5?$CFd?5byte?5pings?6?$AA@ 10036850     BandTest.obj
 0002:0000086c       ??_C@_0BK@LNFA@Profiling?5ping?5responses?6?$AA@ 1003686c     BandTest.obj
 0002:0000088c       ??_C@_0DC@KJEL@Failed?5to?5get?5any?5response?5to?5pi@ 1003688c     BandTest.obj
 0002:000008c8       ??_C@_0BM@OLJP@Sending?5ping?5with?5TTL?5?$DN?5?$CFd?6?$AA@ 100368c8     BandTest.obj
 0002:000008ec       ??_C@_0BK@LKGJ@Using?5path?5from?5registry?6?$AA@ 100368ec     BandTest.obj
 0002:0000090c       ??_C@_08LKGL@Path?$CF02d?$AA@ 1003690c     BandTest.obj
 0002:00000918       ??_C@_09CLKC@PathValid?$AA@ 10036918     BandTest.obj
 0002:00000924       ??_C@_0L@JKKK@PathLength?$AA@ 10036924     BandTest.obj
 0002:00000934       ??_C@_08NJBF@ServerIP?$AA@ 10036934     BandTest.obj
 0002:00000940       ??_C@_04OPFC@MyIP?$AA@     10036940     BandTest.obj
 0002:00000948       __real@4@00000000000000000000 10036948     BandTest.obj
 0002:0000094c       __real@4@4003f000000000000000 1003694c     BandTest.obj
 0002:00000950       __real@4@4005c800000000000000 10036950     BandTest.obj
 0002:00000954       ??_C@_0CN@PLHK@Ping?5time?5?$CFd?5to?5external?5router?5@ 10036954     BandTest.obj
 0002:0000098c       ??_C@_0CN@EOAA@Failed?5to?5get?5response?5to?5refere@ 1003698c     BandTest.obj
 0002:000009c4       __real@4@3ffd8000000000000000 100369c4     BandTest.obj
 0002:000009c8       __real@8@4002a000000000000000 100369c8     BandTest.obj
 0002:000009d4       ??_C@_0DB@NPOB@Send_Raw_UDP?5?9?5sendto?5failed?5wit@ 100369d4     BandTest.obj
 0002:00000a10       ??_C@_0BA@EDFD@address?5?$CB?$DN?5NULL?$AA@ 10036a10     BandTest.obj
 0002:00000a24       ??_C@_0BC@KNDG@dest_port?5?$DO?$DN?51024?$AA@ 10036a24     BandTest.obj
 0002:00000a3c       ??_C@_0BE@MMGN@source_port?5?$DO?$DN?51024?$AA@ 10036a3c     BandTest.obj
 0002:00000a54       ??_C@_0BJ@CHJP@socket?5?$CB?$DN?5INVALID_SOCKET?$AA@ 10036a54     BandTest.obj
 0002:00000a74       ??_C@_0BD@KFNH@payload_size?5?$DM?5550?$AA@ 10036a74     BandTest.obj
 0002:00000a8c       ??_C@_0CC@MDOC@sendto?5failed?5with?5error?5code?5?$CFd@ 10036a8c     BandTest.obj
 0002:00000ab4       ??_C@_0BA@HBAM@Protocol?5is?5?$CFd?6?$AA@ 10036ab4     BandTest.obj
 0002:00000ac8       ??_C@_0M@DCLP@Type?5is?5?$CFd?6?$AA@ 10036ac8     BandTest.obj
 0002:00000ad8       ??_C@_0CF@JBNG@Received?5ICMP_TIME_EXCEEDED?5from@ 10036ad8     BandTest.obj
 0002:00000b04       ??_C@_0DJ@HEHG@Get_Ping_Response?5?9?5packet?5heade@ 10036b04     BandTest.obj
 0002:00000b48       ??_C@_0CN@MMAP@Get_Ping_Response?5?9?5packet?5heade@ 10036b48     BandTest.obj
 0002:00000b80       ??_C@_0CE@GKFL@recvfrom?5failed?5with?5error?5code?5@ 10036b80     BandTest.obj
 0002:00000bac       ??_C@_0DH@BCNF@Unable?5to?5set?5priority?5on?5ICMP?5s@ 10036bac     BandTest.obj
 0002:00000bf0       ??_C@_0DG@FKCP@Unable?5to?5set?5priority?5on?5UDP?5so@ 10036bf0     BandTest.obj
 0002:00000c30       ??_C@_0DA@EJGG@Unable?5to?5create?5raw?5ICMP?5socket@ 10036c30     BandTest.obj
 0002:00000c6c       ??_C@_0DC@OBNA@Unable?5to?5get?5group?5for?5raw?5sock@ 10036c6c     BandTest.obj
 0002:00000ca8       ??_C@_0CP@OIIB@Unable?5to?5create?5raw?5UDP?5socket?5@ 10036ca8     BandTest.obj
 0002:00000ce0       ??_C@_0EL@FJCL@Unable?5to?5create?5raw?5UDP?5socket?5@ 10036ce0     BandTest.obj
 0002:00000d3c       ??_C@_0CC@FEGE@WSAStartup?5failed?3?5error?5code?5?$CFd@ 10036d3c     BandTest.obj
 0002:00000d64       ??_C@_08HPPE@bandtest?$AA@ 10036d64     BandTest.obj
 0002:00000d70       ??_C@_03PKEJ@txt?$AA@      10036d70     BandTest.obj
 0002:00000d74       ??_C@_0L@JCLO@BandTest?3?5?$AA@ 10036d74     BandTest.obj
 0002:00000d84       ??_C@_0BB@IJI@?$CFd?4?$CFd?4?$CFd?4?$CFd?5?$DL?5?$CFd?$AA@ 10036d84     BandTest.obj
 0002:00000d98       ??_C@_0M@IBML@?$CFd?4?$CFd?4?$CFd?4?$CFd?$AA@ 10036d98     BandTest.obj
 0002:00000da8       ??_C@_0O@FHMD@i386?2chkesp?4c?$AA@ 10036da8     LIBCMTD:chkesp.obj
 0002:00000db8       ??_C@_00A@?$AA@            10036db8     LIBCMTD:chkesp.obj
 0002:00000dbc       ??_C@_0NM@ELEE@The?5value?5of?5ESP?5was?5not?5properl@ 10036dbc     LIBCMTD:chkesp.obj
 0002:00000e98       ??_C@_02JJJH@?6?6?$AA@     10036e98     LIBCMTD:assert.obj
 0002:00000e9c       ??_C@_01BJG@?6?$AA@        10036e9c     LIBCMTD:assert.obj
 0002:00000ea0       ??_C@_03NAME@?4?4?4?$AA@   10036ea0     LIBCMTD:assert.obj
 0002:00000ea4       ??_C@_0CF@JPDF@Microsoft?5Visual?5C?$CL?$CL?5Runtime?5Lib@ 10036ea4     LIBCMTD:assert.obj
 0002:00000ecc       ??_C@_0DN@MHHJ@?$CIPress?5Retry?5to?5debug?5the?5applic@ 10036ecc     LIBCMTD:assert.obj
 0002:00000f0c       ??_C@_0HA@EJLJ@For?5information?5on?5how?5your?5prog@ 10036f0c     LIBCMTD:assert.obj
 0002:00000f7c       ??_C@_0N@NOAB@Expression?3?5?$AA@ 10036f7c     LIBCMTD:assert.obj
 0002:00000f8c       ??_C@_06JMOL@Line?3?5?$AA@ 10036f8c     LIBCMTD:assert.obj
 0002:00000f94       ??_C@_06FAAO@File?3?5?$AA@ 10036f94     LIBCMTD:assert.obj
 0002:00000f9c       ??_C@_0BH@NNCD@?$DMprogram?5name?5unknown?$DO?$AA@ 10036f9c     LIBCMTD:assert.obj
 0002:00000fb4       ??_C@_09PIFG@Program?3?5?$AA@ 10036fb4     LIBCMTD:assert.obj
 0002:00000fc0       ??_C@_0BC@OIMC@Assertion?5failed?$CB?$AA@ 10036fc0     LIBCMTD:assert.obj
 0002:00000fd4       ??_C@_0P@LNLA@format?5?$CB?$DN?5NULL?$AA@ 10036fd4     LIBCMTD:sprintf.obj
 0002:00000fe4       ??_C@_09NEAG@sprintf?4c?$AA@ 10036fe4     LIBCMTD:sprintf.obj
 0002:00000ff0       ??_C@_0P@OOIN@string?5?$CB?$DN?5NULL?$AA@ 10036ff0     LIBCMTD:sprintf.obj
 0002:00001000       ??_C@_0L@HE@vsprintf?4c?$AA@ 10037000     LIBCMTD:vsprintf.obj
 0002:0000100c       ??_C@_0BB@BLL@Assertion?5Failed?$AA@ 1003700c     LIBCMTD:dbgrpt.obj
 0002:00001020       ??_C@_05CKBG@Error?$AA@    10037020     LIBCMTD:dbgrpt.obj
 0002:00001028       ??_C@_07JCGI@Warning?$AA@  10037028     LIBCMTD:dbgrpt.obj
 0002:00001030       ??_C@_0M@ODEP@?$CFs?$CI?$CFd?$CJ?5?3?5?$CFs?$AA@ 10037030     LIBCMTD:dbgrpt.obj
 0002:0000103c       ??_C@_01FEHD@?$AN?$AA@     1003703c     LIBCMTD:dbgrpt.obj
 0002:00001040       ??_C@_0BD@BEAK@Assertion?5failed?3?5?$AA@ 10037040     LIBCMTD:dbgrpt.obj
 0002:00001054       ??_C@_0CL@LCCP@_CrtDbgReport?3?5String?5too?5long?5o@ 10037054     LIBCMTD:dbgrpt.obj
 0002:00001080       ??_C@_0DC@EMDK@Second?5Chance?5Assertion?5Failed?3?5@ 10037080     LIBCMTD:dbgrpt.obj
 0002:000010b4       ??_C@_09NJAK@wsprintfA?$AA@ 100370b4     LIBCMTD:dbgrpt.obj
 0002:000010c0       ??_C@_0L@HKL@user32?4dll?$AA@ 100370c0     LIBCMTD:dbgrpt.obj
 0002:000010cc       ??_C@_0CD@GCMD@Microsoft?5Visual?5C?$CL?$CL?5Debug?5Libra@ 100370cc     LIBCMTD:dbgrpt.obj
 0002:000010f0       ??_C@_0FD@EBDD@Debug?5?$CFs?$CB?6?6Program?3?5?$CFs?$CFs?$CFs?$CFs?$CFs?$CFs@ 100370f0     LIBCMTD:dbgrpt.obj
 0002:00001144       ??_C@_09DCKN@?6Module?3?5?$AA@ 10037144     LIBCMTD:dbgrpt.obj
 0002:00001150       ??_C@_07HJII@?6File?3?5?$AA@ 10037150     LIBCMTD:dbgrpt.obj
 0002:00001158       ??_C@_07LFGN@?6Line?3?5?$AA@ 10037158     LIBCMTD:dbgrpt.obj
 0002:00001160       ??_C@_0HD@BHFH@?6?6For?5information?5on?5how?5your?5pr@ 10037160     LIBCMTD:dbgrpt.obj
 0002:000011d4       ??_C@_08GFHP@dbgrpt?4c?$AA@ 100371d4     LIBCMTD:dbgrpt.obj
 0002:000011e0       ??_C@_0BG@FBEA@szUserMessage?5?$CB?$DN?5NULL?$AA@ 100371e0     LIBCMTD:dbgrpt.obj
 0002:000011f8       ??_C@_08CNMA@winsig?4c?$AA@ 100371f8     LIBCMTD:winsig.obj
 0002:00001204       ??_C@_0BD@NJFP@GetLastActivePopup?$AA@ 10037204     LIBCMTD:crtmbox.obj
 0002:00001218       ??_C@_0BA@GILI@GetActiveWindow?$AA@ 10037218     LIBCMTD:crtmbox.obj
 0002:00001228       ??_C@_0M@PKCK@MessageBoxA?$AA@ 10037228     LIBCMTD:crtmbox.obj
 0002:00001234       ??_C@_09DLOM@fprintf?4c?$AA@ 10037234     LIBCMTD:fprintf.obj
 0002:00001240       ??_C@_0M@KJPK@str?5?$CB?$DN?5NULL?$AA@ 10037240     LIBCMTD:fprintf.obj
 0002:0000124c       ??_C@_09GCII@setvbuf?4c?$AA@ 1003724c     LIBCMTD:setvbuf.obj
 0002:00001258       ??_C@_07HPAH@_file?4c?$AA@ 10037258     LIBCMTD:_file.obj
 0002:00001260       ??_C@_0L@ENLJ@tidtable?4c?$AA@ 10037260     LIBCMTD:tidtable.obj
 0002:00001270       __real@8@3fff8000000000000000 10037270     LIBCMTD:testfdiv.obj
 0002:00001278       ??_C@_0BK@JEGK@IsProcessorFeaturePresent?$AA@ 10037278     LIBCMTD:testfdiv.obj
 0002:00001294       ??_C@_08OBID@KERNEL32?$AA@ 10037294     LIBCMTD:testfdiv.obj
 0002:000012a0       ??_C@_05OFLO@e?$CL000?$AA@ 100372a0     LIBCMTD:cvt.obj
 0002:000012a8       ??_C@_0DP@IHIN@?$CI?$CCinconsistent?5IOB?5fields?$CC?0?5stre@ 100372a8     LIBCMTD:_flsbuf.obj
 0002:000012e8       ??_C@_09LGEI@_flsbuf?4c?$AA@ 100372e8     LIBCMTD:_flsbuf.obj
 0002:000012f4       ___lookuptable             100372f4     LIBCMTD:output.obj
 0002:00001350       ??_C@_1O@POHA@?$AA?$CI?$AAn?$AAu?$AAl?$AAl?$AA?$CJ?$AA?$AA@ 10037350     LIBCMTD:output.obj
 0002:00001360       ??_C@_06ONKE@?$CInull?$CJ?$AA@ 10037360     LIBCMTD:output.obj
 0002:00001368       ??_C@_08MIHI@output?4c?$AA@ 10037368     LIBCMTD:output.obj
 0002:00001374       ??_C@_0P@PIHB@ch?5?$CB?$DN?5_T?$CI?8?20?8?$CJ?$AA@ 10037374     LIBCMTD:output.obj
 0002:00001384       ??_C@_08KFDJ@ioinit?4c?$AA@ 10037384     LIBCMTD:ioinit.obj
 0002:00001390       ??_C@_06DPMO@Client?$AA@   10037390     LIBCMTD:dbgheap.obj
 0002:00001398       ??_C@_06BAFM@Ignore?$AA@   10037398     LIBCMTD:dbgheap.obj
 0002:000013a0       ??_C@_03DICE@CRT?$AA@      100373a0     LIBCMTD:dbgheap.obj
 0002:000013a4       ??_C@_06BILL@Normal?$AA@   100373a4     LIBCMTD:dbgheap.obj
 0002:000013ac       ??_C@_04NEN@Free?$AA@      100373ac     LIBCMTD:dbgheap.obj
 0002:000013c4       ??_C@_0DC@CGID@Error?3?5memory?5allocation?3?5bad?5me@ 100373c4     LIBCMTD:dbgheap.obj
 0002:000013f8       ??_C@_0CE@FMIA@Invalid?5allocation?5size?3?5?$CFu?5byte@ 100373f8     LIBCMTD:dbgheap.obj
 0002:0000141c       ??_C@_02DILL@?$CFs?$AA@    1003741c     LIBCMTD:dbgheap.obj
 0002:00001420       ??_C@_0CB@CPBI@Client?5hook?5allocation?5failure?4?6@ 10037420     LIBCMTD:dbgheap.obj
 0002:00001444       ??_C@_0DF@DKHF@Client?5hook?5allocation?5failure?5a@ 10037444     LIBCMTD:dbgheap.obj
 0002:0000147c       ??_C@_09IMJC@dbgheap?4c?$AA@ 1003747c     LIBCMTD:dbgheap.obj
 0002:00001488       ??_C@_0BC@EPKL@_CrtCheckMemory?$CI?$CJ?$AA@ 10037488     LIBCMTD:dbgheap.obj
 0002:000014ac       ??_C@_0BK@JDHA@_pFirstBlock?5?$DN?$DN?5pOldBlock?$AA@ 100374ac     LIBCMTD:dbgheap.obj
 0002:000014c8       ??_C@_0BJ@NMEF@_pLastBlock?5?$DN?$DN?5pOldBlock?$AA@ 100374c8     LIBCMTD:dbgheap.obj
 0002:000014e4       ??_C@_0DC@BOCN@fRealloc?5?$HM?$HM?5?$CI?$CBfRealloc?5?$CG?$CG?5pNewBl@ 100374e4     LIBCMTD:dbgheap.obj
 0002:00001518       ??_C@_0DK@DKOM@_BLOCK_TYPE?$CIpOldBlock?9?$DOnBlockUse@ 10037518     LIBCMTD:dbgheap.obj
 0002:00001554       ??_C@_0EF@EDKM@pOldBlock?9?$DOnLine?5?$DN?$DN?5IGNORE_LINE?5@ 10037554     LIBCMTD:dbgheap.obj
 0002:0000159c       ??_C@_0CC@GPMO@_CrtIsValidHeapPointer?$CIpUserData@ 1003759c     LIBCMTD:dbgheap.obj
 0002:000015c0       ??_C@_0CN@FHGE@Allocation?5too?5large?5or?5negative@ 100375c0     LIBCMTD:dbgheap.obj
 0002:000015f0       ??_C@_0CE@EAMN@Client?5hook?5re?9allocation?5failur@ 100375f0     LIBCMTD:dbgheap.obj
 0002:00001614       ??_C@_0DI@KKMM@Client?5hook?5re?9allocation?5failur@ 10037614     LIBCMTD:dbgheap.obj
 0002:0000166c       ??_C@_0BG@JCEC@_pFirstBlock?5?$DN?$DN?5pHead?$AA@ 1003766c     LIBCMTD:dbgheap.obj
 0002:00001684       ??_C@_0BF@NLNN@_pLastBlock?5?$DN?$DN?5pHead?$AA@ 10037684     LIBCMTD:dbgheap.obj
 0002:0000169c       ??_C@_0BO@PLHH@pHead?9?$DOnBlockUse?5?$DN?$DN?5nBlockUse?$AA@ 1003769c     LIBCMTD:dbgheap.obj
 0002:000016bc       ??_C@_0DN@KKIO@pHead?9?$DOnLine?5?$DN?$DN?5IGNORE_LINE?5?$CG?$CG?5p@ 100376bc     LIBCMTD:dbgheap.obj
 0002:000016fc       ??_C@_0CK@OJNB@DAMAGE?3?5after?5?$CFhs?5block?5?$CI?$CD?$CFd?$CJ?5at@ 100376fc     LIBCMTD:dbgheap.obj
 0002:00001728       ??_C@_0CL@IJIL@DAMAGE?3?5before?5?$CFhs?5block?5?$CI?$CD?$CFd?$CJ?5a@ 10037728     LIBCMTD:dbgheap.obj
 0002:00001754       ??_C@_0CH@PHOC@_BLOCK_TYPE_IS_VALID?$CIpHead?9?$DOnBlo@ 10037754     LIBCMTD:dbgheap.obj
 0002:0000177c       ??_C@_0BL@MBNA@Client?5hook?5free?5failure?4?6?$AA@ 1003777c     LIBCMTD:dbgheap.obj
 0002:000017b4       ??_C@_0DK@EKKL@memory?5check?5error?5at?50x?$CF08X?5?$DN?50@ 100377b4     LIBCMTD:dbgheap.obj
 0002:000017f0       ??_C@_0CJ@GCII@?$CFhs?5located?5at?50x?$CF08X?5is?5?$CFu?5byte@ 100377f0     LIBCMTD:dbgheap.obj
 0002:0000181c       ??_C@_0CA@EJPI@?$CFhs?5allocated?5at?5file?5?$CFhs?$CI?$CFd?$CJ?4?6?$AA@ 1003781c     LIBCMTD:dbgheap.obj
 0002:0000183c       ??_C@_0CJ@LHHG@DAMAGE?3?5on?5top?5of?5Free?5block?5at?5@ 1003783c     LIBCMTD:dbgheap.obj
 0002:00001868       ??_C@_07GJHM@DAMAGED?$AA@  10037868     LIBCMTD:dbgheap.obj
 0002:00001870       ??_C@_0CL@ODIE@_heapchk?5fails?5with?5unknown?5retu@ 10037870     LIBCMTD:dbgheap.obj
 0002:0000189c       ??_C@_0CC@EHNC@_heapchk?5fails?5with?5_HEAPBADPTR?4@ 1003789c     LIBCMTD:dbgheap.obj
 0002:000018c0       ??_C@_0CC@JNDP@_heapchk?5fails?5with?5_HEAPBADEND?4@ 100378c0     LIBCMTD:dbgheap.obj
 0002:000018e4       ??_C@_0CD@DNMG@_heapchk?5fails?5with?5_HEAPBADNODE@ 100378e4     LIBCMTD:dbgheap.obj
 0002:00001908       ??_C@_0CE@JMCB@_heapchk?5fails?5with?5_HEAPBADBEGI@ 10037908     LIBCMTD:dbgheap.obj
 0002:0000195c       ??_C@_0CD@MEMI@Bad?5memory?5block?5found?5at?50x?$CF08X@ 1003795c     LIBCMTD:dbgheap.obj
 0002:00001980       ??_C@_0CI@GMAO@_CrtMemCheckPoint?3?5NULL?5state?5po@ 10037980     LIBCMTD:dbgheap.obj
 0002:000019b4       ??_C@_0CI@MNAE@_CrtMemDifference?3?5NULL?5state?5po@ 100379b4     LIBCMTD:dbgheap.obj
 0002:000019dc       ??_C@_0BH@PKIJ@Object?5dump?5complete?4?6?$AA@ 100379dc     LIBCMTD:dbgheap.obj
 0002:000019f4       ??_C@_0DB@DBPF@crt?5block?5at?50x?$CF08X?0?5subtype?5?$CFx?0@ 100379f4     LIBCMTD:dbgheap.obj
 0002:00001a28       ??_C@_0CI@JLM@normal?5block?5at?50x?$CF08X?0?5?$CFu?5bytes@ 10037a28     LIBCMTD:dbgheap.obj
 0002:00001a50       ??_C@_0DE@PFEA@client?5block?5at?50x?$CF08X?0?5subtype?5@ 10037a50     LIBCMTD:dbgheap.obj
 0002:00001a84       ??_C@_06MBCE@?$HL?$CFld?$HN?5?$AA@ 10037a84     LIBCMTD:dbgheap.obj
 0002:00001a8c       ??_C@_0L@BLDJ@?$CFhs?$CI?$CFd?$CJ?5?3?5?$AA@ 10037a8c     LIBCMTD:dbgheap.obj
 0002:00001a98       ??_C@_0BE@FEMA@?$CDFile?5Error?$CD?$CI?$CFd?$CJ?5?3?5?$AA@ 10037a98     LIBCMTD:dbgheap.obj
 0002:00001aac       ??_C@_0BE@FPPM@Dumping?5objects?5?9?$DO?6?$AA@ 10037aac     LIBCMTD:dbgheap.obj
 0002:00001acc       ??_C@_0BA@POLM@?5Data?3?5?$DM?$CFs?$DO?5?$CFs?6?$AA@ 10037acc     LIBCMTD:dbgheap.obj
 0002:00001adc       ??_C@_05JLAO@?$CF?42X?5?$AA@ 10037adc     LIBCMTD:dbgheap.obj
 0002:00001ae4       ??_C@_0BI@KONA@Detected?5memory?5leaks?$CB?6?$AA@ 10037ae4     LIBCMTD:dbgheap.obj
 0002:00001afc       ??_C@_0BP@LCCN@Total?5allocations?3?5?$CFld?5bytes?4?6?$AA@ 10037afc     LIBCMTD:dbgheap.obj
 0002:00001b1c       ??_C@_0CB@COID@Largest?5number?5used?3?5?$CFld?5bytes?4?6@ 10037b1c     LIBCMTD:dbgheap.obj
 0002:00001b40       ??_C@_0BO@MEJD@?$CFld?5bytes?5in?5?$CFld?5?$CFhs?5Blocks?4?6?$AA@ 10037b40     LIBCMTD:dbgheap.obj
 0002:00001b60       ??_C@_09IGKD@stdenvp?4c?$AA@ 10037b60     LIBCMTD:stdenvp.obj
 0002:00001b6c       ??_C@_09MPMN@stdargv?4c?$AA@ 10037b6c     LIBCMTD:stdargv.obj
 0002:00001b78       ??_C@_07BNNE@a_env?4c?$AA@ 10037b78     LIBCMTD:a_env.obj
 0002:00001b80       ??_C@_0BH@PHHF@__GLOBAL_HEAP_SELECTED?$AA@ 10037b80     LIBCMTD:heapinit.obj
 0002:00001b98       ??_C@_0BF@BBGL@__MSVCRT_HEAP_SELECT?$AA@ 10037b98     LIBCMTD:heapinit.obj
 0002:00001bb0       ??_C@_0P@GGKG@runtime?5error?5?$AA@ 10037bb0     LIBCMTD:crt0msg.obj
 0002:00001bc0       ??_C@_02PIMC@?$AN?6?$AA@   10037bc0     LIBCMTD:crt0msg.obj
 0002:00001bc4       ??_C@_0O@DELO@TLOSS?5error?$AN?6?$AA@ 10037bc4     LIBCMTD:crt0msg.obj
 0002:00001bd4       ??_C@_0N@OMLL@SING?5error?$AN?6?$AA@ 10037bd4     LIBCMTD:crt0msg.obj
 0002:00001be4       ??_C@_0P@OJAK@DOMAIN?5error?$AN?6?$AA@ 10037be4     LIBCMTD:crt0msg.obj
 0002:00001bf4       ??_C@_0CF@EANP@R6028?$AN?6?9?5unable?5to?5initialize?5he@ 10037bf4     LIBCMTD:crt0msg.obj
 0002:00001c1c       ??_C@_0DF@ECGN@R6027?$AN?6?9?5not?5enough?5space?5for?5lo@ 10037c1c     LIBCMTD:crt0msg.obj
 0002:00001c54       ??_C@_0DF@FKAC@R6026?$AN?6?9?5not?5enough?5space?5for?5st@ 10037c54     LIBCMTD:crt0msg.obj
 0002:00001c8c       ??_C@_0CG@DPMN@R6025?$AN?6?9?5pure?5virtual?5function?5c@ 10037c8c     LIBCMTD:crt0msg.obj
 0002:00001cb4       ??_C@_0DF@CKIP@R6024?$AN?6?9?5not?5enough?5space?5for?5_o@ 10037cb4     LIBCMTD:crt0msg.obj
 0002:00001cec       ??_C@_0CJ@GGOE@R6019?$AN?6?9?5unable?5to?5open?5console?5@ 10037cec     LIBCMTD:crt0msg.obj
 0002:00001d18       ??_C@_0CB@LBOB@R6018?$AN?6?9?5unexpected?5heap?5error?$AN?6@ 10037d18     LIBCMTD:crt0msg.obj
 0002:00001d3c       ??_C@_0CN@FPEG@R6017?$AN?6?9?5unexpected?5multithread?5@ 10037d3c     LIBCMTD:crt0msg.obj
 0002:00001d6c       ??_C@_0CM@OBIC@R6016?$AN?6?9?5not?5enough?5space?5for?5th@ 10037d6c     LIBCMTD:crt0msg.obj
 0002:00001d98       ??_C@_0CB@HPAL@?$AN?6abnormal?5program?5termination?$AN?6@ 10037d98     LIBCMTD:crt0msg.obj
 0002:00001dbc       ??_C@_0CM@JOOB@R6009?$AN?6?9?5not?5enough?5space?5for?5en@ 10037dbc     LIBCMTD:crt0msg.obj
 0002:00001de8       ??_C@_0CK@OIBL@R6008?$AN?6?9?5not?5enough?5space?5for?5ar@ 10037de8     LIBCMTD:crt0msg.obj
 0002:00001e14       ??_C@_0CF@LKPB@R6002?$AN?6?9?5floating?5point?5not?5load@ 10037e14     LIBCMTD:crt0msg.obj
 0002:00001e3c       ??_C@_0BK@DEOK@Runtime?5Error?$CB?6?6Program?3?5?$AA@ 10037e3c     LIBCMTD:crt0msg.obj
 0002:00001e58       ??_C@_07PDLA@mlock?4c?$AA@ 10037e58     LIBCMTD:mlock.obj
 0002:00001e60       ??_C@_09JNND@_sftbuf?4c?$AA@ 10037e60     LIBCMTD:_sftbuf.obj
 0002:00001e6c       ??_C@_0BH@EOPG@flag?5?$DN?$DN?50?5?$HM?$HM?5flag?5?$DN?$DN?51?$AA@ 10037e6c     LIBCMTD:_sftbuf.obj
 0002:00001e84       ??_C@_0L@JIE@_freebuf?4c?$AA@ 10037e84     LIBCMTD:_freebuf.obj
 0002:00001e90       ??_C@_0P@FHEA@stream?5?$CB?$DN?5NULL?$AA@ 10037e90     LIBCMTD:_freebuf.obj
 0002:00001ea0       ??_C@_09EMDO@_getbuf?4c?$AA@ 10037ea0     LIBCMTD:_getbuf.obj
 0002:00001eac       ??_C@_01A@?$AA?$AA@        10037eac     LIBCMTD:a_map.obj
 0002:00001eb0       ??_C@_13A@?$AA?$AA?$AA?$AA@ 10037eb0     LIBCMTD:a_map.obj
 0002:00001f58       ??_C@_09LNLM@osfinfo?4c?$AA@ 10037f58     LIBCMTD:osfinfo.obj
 0002:00001f64       ??_C@_08PHBD@fclose?4c?$AA@ 10037f64     LIBCMTD:fclose.obj
 0002:00001f70       ??_C@_07PCLE@LC_TIME?$AA@  10037f70     LIBCMTD:setlocal.obj
 0002:00001f78       ??_C@_0L@NKG@LC_NUMERIC?$AA@ 10037f78     LIBCMTD:setlocal.obj
 0002:00001f84       ??_C@_0M@CBIH@LC_MONETARY?$AA@ 10037f84     LIBCMTD:setlocal.obj
 0002:00001f90       ??_C@_08LFGE@LC_CTYPE?$AA@ 10037f90     LIBCMTD:setlocal.obj
 0002:00001f9c       ??_C@_0L@CFLC@LC_COLLATE?$AA@ 10037f9c     LIBCMTD:setlocal.obj
 0002:00001fa8       ??_C@_06GCPK@LC_ALL?$AA@   10037fa8     LIBCMTD:setlocal.obj
 0002:00001fb0       ??_C@_01FAJB@?$DL?$AA@     10037fb0     LIBCMTD:setlocal.obj
 0002:00001fb4       ??_C@_02BGDO@?$DN?$DL?$AA@ 10037fb4     LIBCMTD:setlocal.obj
 0002:00001fb8       ??_C@_0L@MOEE@setlocal?4c?$AA@ 10037fb8     LIBCMTD:setlocal.obj
 0002:00001fc4       ??_C@_01KPOD@?$DN?$AA@     10037fc4     LIBCMTD:setlocal.obj
 0002:00001fc8       ??_C@_03DBOJ@_?4?0?$AA@    10037fc8     LIBCMTD:setlocal.obj
 0002:00001fcc       ??_C@_01PJCK@?4?$AA@       10037fcc     LIBCMTD:setlocal.obj
 0002:00001fd0       ??_C@_01NON@_?$AA@         10037fd0     LIBCMTD:setlocal.obj
 0002:00001fd4       ??_C@_06PAPI@1?$CDQNAN?$AA@ 10037fd4     LIBCMTD:x10fout.obj
 0002:00001fdc       ??_C@_05BGNL@1?$CDINF?$AA@ 10037fdc     LIBCMTD:x10fout.obj
 0002:00001fe4       ??_C@_05EDPF@1?$CDIND?$AA@ 10037fe4     LIBCMTD:x10fout.obj
 0002:00001fec       ??_C@_06LKFM@1?$CDSNAN?$AA@ 10037fec     LIBCMTD:x10fout.obj
 0002:00001ff4       ??_C@_0L@EEGJ@inittime?4c?$AA@ 10037ff4     LIBCMTD:inittime.obj
 0002:00002000       ??_C@_09IMJJ@initnum?4c?$AA@ 10038000     LIBCMTD:initnum.obj
 0002:0000200c       ??_C@_09KPNI@initmon?4c?$AA@ 1003800c     LIBCMTD:initmon.obj
 0002:00002018       ??_C@_0L@COIL@initctyp?4c?$AA@ 10038018     LIBCMTD:initctyp.obj
 0002:00002024       ??_C@_08OBJD@Paraguay?$AA@ 10038024     LIBCMTD:getqloc.obj
 0002:00002030       ??_C@_07GLKH@Uruguay?$AA@  10038030     LIBCMTD:getqloc.obj
 0002:00002038       ??_C@_05FPFC@Chile?$AA@    10038038     LIBCMTD:getqloc.obj
 0002:00002040       ??_C@_07IIGF@Ecuador?$AA@  10038040     LIBCMTD:getqloc.obj
 0002:00002048       ??_C@_09PKAL@Argentina?$AA@ 10038048     LIBCMTD:getqloc.obj
 0002:00002054       ??_C@_04LKAH@Peru?$AA@     10038054     LIBCMTD:getqloc.obj
 0002:0000205c       ??_C@_08NEEM@Colombia?$AA@ 1003805c     LIBCMTD:getqloc.obj
 0002:00002068       ??_C@_09ODEB@Venezuela?$AA@ 10038068     LIBCMTD:getqloc.obj
 0002:00002074       ??_C@_0BD@CLEL@Dominican?5Republic?$AA@ 10038074     LIBCMTD:getqloc.obj
 0002:00002088       ??_C@_0N@MDGL@South?5Africa?$AA@ 10038088     LIBCMTD:getqloc.obj
 0002:00002098       ??_C@_06NKBG@Panama?$AA@   10038098     LIBCMTD:getqloc.obj
 0002:000020a0       ??_C@_0L@BMHO@Luxembourg?$AA@ 100380a0     LIBCMTD:getqloc.obj
 0002:000020ac       ??_C@_0L@IMDK@Costa?5Rica?$AA@ 100380ac     LIBCMTD:getqloc.obj
 0002:000020b8       ??_C@_0M@BLJF@Switzerland?$AA@ 100380b8     LIBCMTD:getqloc.obj
 0002:000020c4       ??_C@_09KBOL@Guatemala?$AA@ 100380c4     LIBCMTD:getqloc.obj
 0002:000020d0       ??_C@_06JNAK@Canada?$AA@   100380d0     LIBCMTD:getqloc.obj
 0002:000020d8       ??_C@_0BG@OLLP@Spanish?5?9?5Modern?5Sort?$AA@ 100380d8     LIBCMTD:getqloc.obj
 0002:000020f0       ??_C@_09IDKE@Australia?$AA@ 100380f0     LIBCMTD:getqloc.obj
 0002:000020fc       ??_C@_07JJJJ@English?$AA@  100380fc     LIBCMTD:getqloc.obj
 0002:00002104       ??_C@_07NMDO@Austria?$AA@  10038104     LIBCMTD:getqloc.obj
 0002:0000210c       ??_C@_06DEFE@German?$AA@   1003810c     LIBCMTD:getqloc.obj
 0002:00002114       ??_C@_07JAIH@Belgium?$AA@  10038114     LIBCMTD:getqloc.obj
 0002:0000211c       ??_C@_06BNLJ@Mexico?$AA@   1003811c     LIBCMTD:getqloc.obj
 0002:00002124       ??_C@_07JHAG@Spanish?$AA@  10038124     LIBCMTD:getqloc.obj
 0002:0000212c       ??_C@_06DADE@Basque?$AA@   1003812c     LIBCMTD:getqloc.obj
 0002:00002134       ??_C@_06ENFP@Sweden?$AA@   10038134     LIBCMTD:getqloc.obj
 0002:0000213c       ??_C@_07JPMH@Swedish?$AA@  1003813c     LIBCMTD:getqloc.obj
 0002:00002144       ??_C@_07IEKF@Iceland?$AA@  10038144     LIBCMTD:getqloc.obj
 0002:0000214c       ??_C@_09KNEA@Icelandic?$AA@ 1003814c     LIBCMTD:getqloc.obj
 0002:00002158       ??_C@_06IJOD@France?$AA@   10038158     LIBCMTD:getqloc.obj
 0002:00002160       ??_C@_06EINI@French?$AA@   10038160     LIBCMTD:getqloc.obj
 0002:00002168       ??_C@_07FOOE@Finland?$AA@  10038168     LIBCMTD:getqloc.obj
 0002:00002170       ??_C@_07OJOM@Finnish?$AA@  10038170     LIBCMTD:getqloc.obj
 0002:00002178       ??_C@_05FFAC@Spain?$AA@    10038178     LIBCMTD:getqloc.obj
 0002:00002180       ??_C@_0BL@BIHM@Spanish?5?9?5Traditional?5Sort?$AA@ 10038180     LIBCMTD:getqloc.obj
 0002:0000219c       ??_C@_0O@GLHB@united?9states?$AA@ 1003819c     LIBCMTD:getqloc.obj
 0002:000021ac       ??_C@_0P@IIKK@united?9kingdom?$AA@ 100381ac     LIBCMTD:getqloc.obj
 0002:000021bc       ??_C@_0BC@FHBO@trinidad?5?$CG?5tobago?$AA@ 100381bc     LIBCMTD:getqloc.obj
 0002:000021d0       ??_C@_0M@BDFM@south?9korea?$AA@ 100381d0     LIBCMTD:getqloc.obj
 0002:000021dc       ??_C@_0N@CKFA@south?9africa?$AA@ 100381dc     LIBCMTD:getqloc.obj
 0002:000021ec       ??_C@_0M@HNHN@south?5korea?$AA@ 100381ec     LIBCMTD:getqloc.obj
 0002:000021f8       ??_C@_0N@MKDO@south?5africa?$AA@ 100381f8     LIBCMTD:getqloc.obj
 0002:00002208       ??_C@_06KFFJ@slovak?$AA@   10038208     LIBCMTD:getqloc.obj
 0002:00002210       ??_C@_0M@NMAC@puerto?9rico?$AA@ 10038210     LIBCMTD:getqloc.obj
 0002:0000221c       ??_C@_08EJOH@pr?9china?$AA@ 1003821c     LIBCMTD:getqloc.obj
 0002:00002228       ??_C@_08CHMG@pr?5china?$AA@ 10038228     LIBCMTD:getqloc.obj
 0002:00002234       ??_C@_02OCJK@nz?$AA@       10038234     LIBCMTD:getqloc.obj
 0002:00002238       ??_C@_0M@MMKA@new?9zealand?$AA@ 10038238     LIBCMTD:getqloc.obj
 0002:00002244       ??_C@_09MGEH@hong?9kong?$AA@ 10038244     LIBCMTD:getqloc.obj
 0002:00002250       ??_C@_07CCAK@holland?$AA@  10038250     LIBCMTD:getqloc.obj
 0002:00002258       ??_C@_0O@MEPL@great?5britain?$AA@ 10038258     LIBCMTD:getqloc.obj
 0002:00002268       ??_C@_07LGIB@england?$AA@  10038268     LIBCMTD:getqloc.obj
 0002:00002270       ??_C@_05BMOA@czech?$AA@    10038270     LIBCMTD:getqloc.obj
 0002:00002278       ??_C@_05NMPB@china?$AA@    10038278     LIBCMTD:getqloc.obj
 0002:00002280       ??_C@_07GN@britain?$AA@    10038280     LIBCMTD:getqloc.obj
 0002:00002288       ??_C@_07DLAK@america?$AA@  10038288     LIBCMTD:getqloc.obj
 0002:00002290       ??_C@_03IPEP@usa?$AA@      10038290     LIBCMTD:getqloc.obj
 0002:00002294       ??_C@_02PILH@us?$AA@       10038294     LIBCMTD:getqloc.obj
 0002:00002298       ??_C@_02FHP@uk?$AA@        10038298     LIBCMTD:getqloc.obj
 0002:0000229c       ??_C@_05DEAI@swiss?$AA@    1003829c     LIBCMTD:getqloc.obj
 0002:000022a4       ??_C@_0BA@LIAF@swedish?9finland?$AA@ 100382a4     LIBCMTD:getqloc.obj
 0002:000022b4       ??_C@_0BC@FMEG@spanish?9venezuela?$AA@ 100382b4     LIBCMTD:getqloc.obj
 0002:000022c8       ??_C@_0BA@BNMG@spanish?9uruguay?$AA@ 100382c8     LIBCMTD:getqloc.obj
 0002:000022d8       ??_C@_0BE@BKDJ@spanish?9puerto?5rico?$AA@ 100382d8     LIBCMTD:getqloc.obj
 0002:000022ec       ??_C@_0N@JIBL@spanish?9peru?$AA@ 100382ec     LIBCMTD:getqloc.obj
 0002:000022fc       ??_C@_0BB@OGOF@spanish?9paraguay?$AA@ 100382fc     LIBCMTD:getqloc.obj
 0002:00002310       ??_C@_0P@LLFA@spanish?9panama?$AA@ 10038310     LIBCMTD:getqloc.obj
 0002:00002320       ??_C@_0BC@BBJM@spanish?9nicaragua?$AA@ 10038320     LIBCMTD:getqloc.obj
 0002:00002334       ??_C@_0P@NJBN@spanish?9modern?$AA@ 10038334     LIBCMTD:getqloc.obj
 0002:00002344       ??_C@_0BA@NHDN@spanish?9mexican?$AA@ 10038344     LIBCMTD:getqloc.obj
 0002:00002354       ??_C@_0BB@JHOJ@spanish?9honduras?$AA@ 10038354     LIBCMTD:getqloc.obj
 0002:00002368       ??_C@_0BC@BOOM@spanish?9guatemala?$AA@ 10038368     LIBCMTD:getqloc.obj
 0002:0000237c       ??_C@_0BE@EELI@spanish?9el?5salvador?$AA@ 1003837c     LIBCMTD:getqloc.obj
 0002:00002390       ??_C@_0BA@POAE@spanish?9ecuador?$AA@ 10038390     LIBCMTD:getqloc.obj
 0002:000023a0       ??_C@_0BL@LDKN@spanish?9dominican?5republic?$AA@ 100383a0     LIBCMTD:getqloc.obj
 0002:000023bc       ??_C@_0BD@HPMH@spanish?9costa?5rica?$AA@ 100383bc     LIBCMTD:getqloc.obj
 0002:000023d0       ??_C@_0BB@NDDK@spanish?9colombia?$AA@ 100383d0     LIBCMTD:getqloc.obj
 0002:000023e4       ??_C@_0O@BJHA@spanish?9chile?$AA@ 100383e4     LIBCMTD:getqloc.obj
 0002:000023f4       ??_C@_0BA@OBNG@spanish?9bolivia?$AA@ 100383f4     LIBCMTD:getqloc.obj
 0002:00002404       ??_C@_0BC@EFAM@spanish?9argentina?$AA@ 10038404     LIBCMTD:getqloc.obj
 0002:00002418       ??_C@_0BF@KMMM@portuguese?9brazilian?$AA@ 10038418     LIBCMTD:getqloc.obj
 0002:00002430       ??_C@_0BC@BAAE@norwegian?9nynorsk?$AA@ 10038430     LIBCMTD:getqloc.obj
 0002:00002444       ??_C@_0BB@PBHK@norwegian?9bokmal?$AA@ 10038444     LIBCMTD:getqloc.obj
 0002:00002458       ??_C@_09EHKL@norwegian?$AA@ 10038458     LIBCMTD:getqloc.obj
 0002:00002464       ??_C@_0O@BEAN@italian?9swiss?$AA@ 10038464     LIBCMTD:getqloc.obj
 0002:00002474       ??_C@_0O@OIFK@irish?9english?$AA@ 10038474     LIBCMTD:getqloc.obj
 0002:00002484       ??_C@_0N@NBPL@german?9swiss?$AA@ 10038484     LIBCMTD:getqloc.obj
 0002:00002494       ??_C@_0BC@ICFJ@german?9luxembourg?$AA@ 10038494     LIBCMTD:getqloc.obj
 0002:000024a8       ??_C@_0BE@GGPC@german?9lichtenstein?$AA@ 100384a8     LIBCMTD:getqloc.obj
 0002:000024bc       ??_C@_0BA@MKDC@german?9austrian?$AA@ 100384bc     LIBCMTD:getqloc.obj
 0002:000024cc       ??_C@_0N@ODNB@french?9swiss?$AA@ 100384cc     LIBCMTD:getqloc.obj
 0002:000024dc       ??_C@_0BC@MGCM@french?9luxembourg?$AA@ 100384dc     LIBCMTD:getqloc.obj
 0002:000024f0       ??_C@_0BA@NABK@french?9canadian?$AA@ 100384f0     LIBCMTD:getqloc.obj
 0002:00002500       ??_C@_0P@CJNO@french?9belgian?$AA@ 10038500     LIBCMTD:getqloc.obj
 0002:00002510       ??_C@_0M@LJOL@english?9usa?$AA@ 10038510     LIBCMTD:getqloc.obj
 0002:0000251c       ??_C@_0L@FMNC@english?9us?$AA@ 1003851c     LIBCMTD:getqloc.obj
 0002:00002528       ??_C@_0L@KBBK@english?9uk?$AA@ 10038528     LIBCMTD:getqloc.obj
 0002:00002534       ??_C@_0BK@NDDE@english?9trinidad?5y?5tobago?$AA@ 10038534     LIBCMTD:getqloc.obj
 0002:00002550       ??_C@_0BF@LKML@english?9south?5africa?$AA@ 10038550     LIBCMTD:getqloc.obj
 0002:00002568       ??_C@_0L@EGPP@english?9nz?$AA@ 10038568     LIBCMTD:getqloc.obj
 0002:00002574       ??_C@_0BA@HLH@english?9jamaica?$AA@ 10038574     LIBCMTD:getqloc.obj
 0002:00002584       ??_C@_0M@PMJI@english?9ire?$AA@ 10038584     LIBCMTD:getqloc.obj
 0002:00002590       ??_C@_0BC@HINE@english?9caribbean?$AA@ 10038590     LIBCMTD:getqloc.obj
 0002:000025a4       ??_C@_0M@DCFH@english?9can?$AA@ 100385a4     LIBCMTD:getqloc.obj
 0002:000025b0       ??_C@_0P@DGHK@english?9belize?$AA@ 100385b0     LIBCMTD:getqloc.obj
 0002:000025c0       ??_C@_0M@FLHK@english?9aus?$AA@ 100385c0     LIBCMTD:getqloc.obj
 0002:000025cc       ??_C@_0BB@HNCK@english?9american?$AA@ 100385cc     LIBCMTD:getqloc.obj
 0002:000025e0       ??_C@_0O@PAMI@dutch?9belgian?$AA@ 100385e0     LIBCMTD:getqloc.obj
 0002:000025f0       ??_C@_0BE@FPEJ@chinese?9traditional?$AA@ 100385f0     LIBCMTD:getqloc.obj
 0002:00002604       ??_C@_0BC@CHFL@chinese?9singapore?$AA@ 10038604     LIBCMTD:getqloc.obj
 0002:00002618       ??_C@_0BD@DCMH@chinese?9simplified?$AA@ 10038618     LIBCMTD:getqloc.obj
 0002:0000262c       ??_C@_0BB@JMOE@chinese?9hongkong?$AA@ 1003862c     LIBCMTD:getqloc.obj
 0002:00002640       ??_C@_07NGFN@chinese?$AA@  10038640     LIBCMTD:getqloc.obj
 0002:00002648       ??_C@_03PCOI@chi?$AA@      10038648     LIBCMTD:getqloc.obj
 0002:0000264c       ??_C@_03FIHP@chh?$AA@      1003864c     LIBCMTD:getqloc.obj
 0002:00002650       ??_C@_08HFLO@canadian?$AA@ 10038650     LIBCMTD:getqloc.obj
 0002:0000265c       ??_C@_07INIJ@belgian?$AA@  1003865c     LIBCMTD:getqloc.obj
 0002:00002664       ??_C@_0L@LCCA@australian?$AA@ 10038664     LIBCMTD:getqloc.obj
 0002:00002670       ??_C@_0BB@BJIO@american?9english?$AA@ 10038670     LIBCMTD:getqloc.obj
 0002:00002684       ??_C@_0BB@DAGO@american?5english?$AA@ 10038684     LIBCMTD:getqloc.obj
 0002:00002698       ??_C@_08HENB@american?$AA@ 10038698     LIBCMTD:getqloc.obj
 0002:000026a4       ??_C@_03DGJE@OCP?$AA@      100386a4     LIBCMTD:getqloc.obj
 0002:000026a8       ??_C@_03EKFG@ACP?$AA@      100386a8     LIBCMTD:getqloc.obj
 0002:000026ac       ??_C@_07CJME@H?3mm?3ss?$AA@ 100386ac     LIBCMTD:strftime.obj
 0002:000026b4       ??_C@_0BE@MHI@dddd?0?5MMMM?5dd?0?5yyyy?$AA@ 100386b4     LIBCMTD:strftime.obj
 0002:000026c8       ??_C@_06HCAD@M?1d?1yy?$AA@ 100386c8     LIBCMTD:strftime.obj
 0002:000026d0       ??_C@_02DBLP@PM?$AA@       100386d0     LIBCMTD:strftime.obj
 0002:000026d4       ??_C@_02ENLM@AM?$AA@       100386d4     LIBCMTD:strftime.obj
 0002:000026d8       ??_C@_08LIDF@December?$AA@ 100386d8     LIBCMTD:strftime.obj
 0002:000026e4       ??_C@_08NJLI@November?$AA@ 100386e4     LIBCMTD:strftime.obj
 0002:000026f0       ??_C@_07IAMM@October?$AA@  100386f0     LIBCMTD:strftime.obj
 0002:000026f8       ??_C@_09MKGD@September?$AA@ 100386f8     LIBCMTD:strftime.obj
 0002:00002704       ??_C@_06PADP@August?$AA@   10038704     LIBCMTD:strftime.obj
 0002:0000270c       ??_C@_04PIJO@July?$AA@     1003870c     LIBCMTD:strftime.obj
 0002:00002714       ??_C@_04ICFP@June?$AA@     10038714     LIBCMTD:strftime.obj
 0002:0000271c       ??_C@_05JFGC@April?$AA@    1003871c     LIBCMTD:strftime.obj
 0002:00002724       ??_C@_05FGPD@March?$AA@    10038724     LIBCMTD:strftime.obj
 0002:0000272c       ??_C@_08PGBA@February?$AA@ 1003872c     LIBCMTD:strftime.obj
 0002:00002738       ??_C@_07BPKJ@January?$AA@  10038738     LIBCMTD:strftime.obj
 0002:00002740       ??_C@_03PGJO@Dec?$AA@      10038740     LIBCMTD:strftime.obj
 0002:00002744       ??_C@_03PDLM@Nov?$AA@      10038744     LIBCMTD:strftime.obj
 0002:00002748       ??_C@_03BLHK@Oct?$AA@      10038748     LIBCMTD:strftime.obj
 0002:0000274c       ??_C@_03DPFM@Sep?$AA@      1003874c     LIBCMTD:strftime.obj
 0002:00002750       ??_C@_03CMCH@Aug?$AA@      10038750     LIBCMTD:strftime.obj
 0002:00002754       ??_C@_03OBKI@Jul?$AA@      10038754     LIBCMTD:strftime.obj
 0002:00002758       ??_C@_03LEIG@Jun?$AA@      10038758     LIBCMTD:strftime.obj
 0002:0000275c       ??_C@_03MGHB@May?$AA@      1003875c     LIBCMTD:strftime.obj
 0002:00002760       ??_C@_03MJJM@Apr?$AA@      10038760     LIBCMTD:strftime.obj
 0002:00002764       ??_C@_03GNHA@Mar?$AA@      10038764     LIBCMTD:strftime.obj
 0002:00002768       ??_C@_03PICE@Feb?$AA@      10038768     LIBCMTD:strftime.obj
 0002:0000276c       ??_C@_03IEIF@Jan?$AA@      1003876c     LIBCMTD:strftime.obj
 0002:00002770       ??_C@_08FAKH@Saturday?$AA@ 10038770     LIBCMTD:strftime.obj
 0002:0000277c       ??_C@_06ONCK@Friday?$AA@   1003877c     LIBCMTD:strftime.obj
 0002:00002784       ??_C@_08CCFO@Thursday?$AA@ 10038784     LIBCMTD:strftime.obj
 0002:00002790       ??_C@_09PBIN@Wednesday?$AA@ 10038790     LIBCMTD:strftime.obj
 0002:0000279c       ??_C@_07BMBC@Tuesday?$AA@  1003879c     LIBCMTD:strftime.obj
 0002:000027a4       ??_C@_06CHLK@Monday?$AA@   100387a4     LIBCMTD:strftime.obj
 0002:000027ac       ??_C@_06OOEM@Sunday?$AA@   100387ac     LIBCMTD:strftime.obj
 0002:000027b4       ??_C@_03MPKK@Sat?$AA@      100387b4     LIBCMTD:strftime.obj
 0002:000027b8       ??_C@_03FINJ@Fri?$AA@      100387b8     LIBCMTD:strftime.obj
 0002:000027bc       ??_C@_03HIKC@Thu?$AA@      100387bc     LIBCMTD:strftime.obj
 0002:000027c0       ??_C@_03HECK@Wed?$AA@      100387c0     LIBCMTD:strftime.obj
 0002:000027c4       ??_C@_03ECCP@Tue?$AA@      100387c4     LIBCMTD:strftime.obj
 0002:000027c8       ??_C@_03PIEP@Mon?$AA@      100387c8     LIBCMTD:strftime.obj
 0002:000027cc       ??_C@_03FHEP@Sun?$AA@      100387cc     LIBCMTD:strftime.obj
 0002:000027d0       ??_C@_03MKGK@a?1p?$AA@     100387d0     LIBCMTD:strftime.obj
 0002:000027d4       ??_C@_05BDJK@am?1pm?$AA@   100387d4     LIBCMTD:strftime.obj
 0002:000027dc       ??_C@_0L@HKCB@inithelp?4c?$AA@ 100387dc     LIBCMTD:inithelp.obj
 0002:00002800       ___dnames                  10038800     LIBCMTD:timeset.obj
 0002:00002818       ___mnames                  10038818     LIBCMTD:timeset.obj
 0002:00002840       ??_C@_07DEKI@tzset?4c?$AA@ 10038840     LIBCMTD:tzset.obj
 0002:00002848       ??_C@_02JHIA@TZ?$AA@       10038848     LIBCMTD:tzset.obj
 0002:0000286c       ??_C@_0L@EJNO@wtombenv?4c?$AA@ 1003886c     LIBCMTD:wtombenv.obj
 0002:00002878       ??_C@_07FOIK@a_cmp?4c?$AA@ 10038878     LIBCMTD:a_cmp.obj
 0002:00002880       ??_C@_0DN@PPKB@cchCount1?$DN?$DN0?5?$CG?$CG?5cchCount2?$DN?$DN1?5?$HM?$HM?5@ 10038880     LIBCMTD:a_cmp.obj
 0002:000028d8       ??_C@_08FEIK@setenv?4c?$AA@ 100388d8     LIBCMTD:setenv.obj
 0002:000028e4       ??_C@_06MICP@CONIN$?$AA@   100388e4     LIBCMTD:initcon.obj
 0002:000028ec       ??_C@_07GLCC@CONOUT$?$AA@  100388ec     LIBCMTD:initcon.obj
 0003:00000000       ___xc_a                    1003a000     LIBCMTD:crt0init.obj
 0003:00000104       ___xc_z                    1003a104     LIBCMTD:crt0init.obj
 0003:00000208       ___xi_a                    1003a208     LIBCMTD:crt0init.obj
 0003:00000418       ___xi_z                    1003a418     LIBCMTD:crt0init.obj
 0003:0000051c       ___xp_a                    1003a51c     LIBCMTD:crt0init.obj
 0003:0000072c       ___xp_z                    1003a72c     LIBCMTD:crt0init.obj
 0003:00000830       ___xt_a                    1003a830     LIBCMTD:crt0init.obj
 0003:00000934       ___xt_z                    1003a934     LIBCMTD:crt0init.obj
 0003:00000a40       ?RawSocket@@3IA            1003aa40     BandTest.obj
 0003:00000a44       ?ICMPRawSocket@@3IA        1003aa44     BandTest.obj
 0003:00000a88       ?DebugFile@@3PAXA          1003aa88     BandTest.obj
 0003:00000a8c       ?DefaultSettings@@3UtBandtestSettingsStruct@@A 1003aa8c     BandTest.obj
 0003:000015e0       ?__LINE__Var@?1??Upstream_Detect@@YAKKKAAHAAKPAUtBandtestSettingsStruct@@@Z@4FA@20cf207f 1003b5e0     BandTest.obj
 0003:000015e4       ?__LINE__Var@?1??Send_Raw_UDP@@YA_NPADHIPAUsockaddr@@GG@Z@4FA@20cf207f 1003b5e4     BandTest.obj
 0003:000015e8       ?__LINE__Var@?1??Send_Ping@@YA_NPADHIPAUsockaddr@@H@Z@4FA@20cf207f 1003b5e8     BandTest.obj
 0003:00001630       __fltused                  1003b630     LIBCMTD:fpinit.obj
 0003:00001634       __ldused                   1003b634     LIBCMTD:fpinit.obj
 0003:00001638       __FPinit                   1003b638     LIBCMTD:fpinit.obj
 0003:0000163c       __FPmtinit                 1003b63c     LIBCMTD:fpinit.obj
 0003:00001640       __FPmtterm                 1003b640     LIBCMTD:fpinit.obj
 0003:00001650       __aexit_rtn                1003b650     LIBCMTD:dllcrt0.obj
 0003:00001654       __crtAssertBusy            1003b654     LIBCMTD:dbgrpt.obj
 0003:00001658       __CrtDbgMode               1003b658     LIBCMTD:dbgrpt.obj
 0003:00001664       __CrtDbgFile               1003b664     LIBCMTD:dbgrpt.obj
 0003:00001680       __iob                      1003b680     LIBCMTD:_file.obj
 0003:00001900       ___tlsindex                1003b900     LIBCMTD:tidtable.obj
 0003:00001904       __cfltcvt_tab              1003b904     LIBCMTD:cmiscdat.obj
 0003:0000191c       ___nullstring              1003b91c     LIBCMTD:output.obj
 0003:00001920       ___wnullstring             1003b920     LIBCMTD:output.obj
 0003:00001a20       ___badioinfo               1003ba20     LIBCMTD:ioinit.obj
 0003:00001a44       __crtDbgFlag               1003ba44     LIBCMTD:dbgheap.obj
 0003:00001a4c       __crtBreakAlloc            1003ba4c     LIBCMTD:dbgheap.obj
 0003:00001a68       __amblksiz                 1003ba68     LIBCMTD:heapinit.obj
 0003:00001b00       __locktable                1003bb00     LIBCMTD:mlock.obj
 0003:00001d28       __XcptActTab               1003bd28     LIBCMTD:winxfltr.obj
 0003:00001da0       __First_FPE_Indx           1003bda0     LIBCMTD:winxfltr.obj
 0003:00001da4       __Num_FPE                  1003bda4     LIBCMTD:winxfltr.obj
 0003:00001da8       __XcptActTabSize           1003bda8     LIBCMTD:winxfltr.obj
 0003:00001dac       __XcptActTabCount          1003bdac     LIBCMTD:winxfltr.obj
 0003:00001db0       ___mb_cur_max              1003bdb0     LIBCMTD:nlsdata1.obj
 0003:00001db4       ___decimal_point           1003bdb4     LIBCMTD:nlsdata1.obj
 0003:00001db8       ___decimal_point_length    1003bdb8     LIBCMTD:nlsdata1.obj
 0003:00001dbc       __pctype                   1003bdbc     LIBCMTD:ctype.obj
 0003:00001dc0       __pwctype                  1003bdc0     LIBCMTD:ctype.obj
 0003:00001dc4       __ctype                    1003bdc4     LIBCMTD:ctype.obj
 0003:00002000       __NLG_Destination          1003c000     LIBCMTD:exsup.obj
 0003:00002010       __pfnAllocHook             1003c010     LIBCMTD:dbghook.obj
 0003:00002018       ___old_small_block_heap    1003c018     LIBCMTD:sbheap.obj
 0003:0000403c       ___old_sbh_threshold       1003e03c     LIBCMTD:sbheap.obj
 0003:00004150       ___lc_category             1003e150     LIBCMTD:setlocal.obj
 0003:000041a0       ___rgLocInfo               1003e1a0     LIBCMTD:getqloc.obj
 0003:00004644       ___rglangidNotDefault      1003e644     LIBCMTD:getqloc.obj
 0003:00004658       ___rg_country              1003e658     LIBCMTD:getqloc.obj
 0003:00004710       ___rg_language             1003e710     LIBCMTD:getqloc.obj
 0003:00004918       ___lc_time_curr            1003e918     LIBCMTD:strftime.obj
 0003:00004920       ___lc_time_c               1003e920     LIBCMTD:strftime.obj
 0003:000049d0       ___lconv_static_decimal    1003e9d0     LIBCMTD:lconv.obj
 0003:000049d8       ___lconv_c                 1003e9d8     LIBCMTD:lconv.obj
 0003:00004a08       ___lconv                   1003ea08     LIBCMTD:lconv.obj
 0003:00004a10       __pow10pos                 1003ea10     LIBCMTD:constpow.obj
 0003:00004b70       __pow10neg                 1003eb70     LIBCMTD:constpow.obj
 0003:00004ccc       __timezone                 1003eccc     LIBCMTD:timeset.obj
 0003:00004cd0       __daylight                 1003ecd0     LIBCMTD:timeset.obj
 0003:00004cd4       __dstbias                  1003ecd4     LIBCMTD:timeset.obj
 0003:00004d58       __tzname                   1003ed58     LIBCMTD:timeset.obj
 0003:00004d80       __lpdays                   1003ed80     LIBCMTD:days.obj
 0003:00004db4       __days                     1003edb4     LIBCMTD:days.obj
 0003:00004de8       __coninpfh                 1003ede8     LIBCMTD:initcon.obj
 0003:00004dec       __confh                    1003edec     LIBCMTD:initcon.obj
 0003:000062ac       ?DebugFileName@@3PADA      100402ac     BandTest.obj
 0003:00006b30       ?PingsSent@@3HA            10040b30     BandTest.obj
 0003:00006b34       ?PingsLost@@3HA            10040b34     BandTest.obj
 0003:00006b38       ?NumConsistentPings@@3HA   10040b38     BandTest.obj
 0003:00006b3c       ?NumPingsCheckedForConsistency@@3HA 10040b3c     BandTest.obj
 0003:00006b40       ?StatsValid@@3_NA          10040b40     BandTest.obj
 0003:00006eb4       ___fastflag                10040eb4     LIBCMTD:fpinit.obj
 0003:00006eb8       __adjust_fdiv              10040eb8     LIBCMTD:fpinit.obj
 0003:00006ec0       __aenvptr                  10040ec0     LIBCMTD:dllcrt0.obj
 0003:00006ec4       __wenvptr                  10040ec4     LIBCMTD:dllcrt0.obj
 0003:00006ec8       ___error_mode              10040ec8     LIBCMTD:dllcrt0.obj
 0003:00006ecc       ___app_type                10040ecc     LIBCMTD:dllcrt0.obj
 0003:00006ed4       __umaskval                 10040ed4     LIBCMTD:crt0dat.obj
 0003:00006ed8       __osver                    10040ed8     LIBCMTD:crt0dat.obj
 0003:00006edc       __winver                   10040edc     LIBCMTD:crt0dat.obj
 0003:00006ee0       __winmajor                 10040ee0     LIBCMTD:crt0dat.obj
 0003:00006ee4       __winminor                 10040ee4     LIBCMTD:crt0dat.obj
 0003:00006ee8       ___argc                    10040ee8     LIBCMTD:crt0dat.obj
 0003:00006eec       ___argv                    10040eec     LIBCMTD:crt0dat.obj
 0003:00006ef0       ___wargv                   10040ef0     LIBCMTD:crt0dat.obj
 0003:00006ef4       __environ                  10040ef4     LIBCMTD:crt0dat.obj
 0003:00006ef8       ___initenv                 10040ef8     LIBCMTD:crt0dat.obj
 0003:00006efc       __wenviron                 10040efc     LIBCMTD:crt0dat.obj
 0003:00006f00       ___winitenv                10040f00     LIBCMTD:crt0dat.obj
 0003:00006f04       __pgmptr                   10040f04     LIBCMTD:crt0dat.obj
 0003:00006f08       __wpgmptr                  10040f08     LIBCMTD:crt0dat.obj
 0003:00006f0c       __exitflag                 10040f0c     LIBCMTD:crt0dat.obj
 0003:00006f10       __C_Termination_Done       10040f10     LIBCMTD:crt0dat.obj
 0003:00006f14       __C_Exit_Done              10040f14     LIBCMTD:crt0dat.obj
 0003:00006f3c       __cflush                   10040f3c     LIBCMTD:_file.obj
 0003:00007060       __adbgmsg                  10041060     LIBCMTD:crt0msg.obj
 0003:000070c8       __stdbuf                   100410c8     LIBCMTD:_sftbuf.obj
 0003:000070d0       ___lc_handle               100410d0     LIBCMTD:nlsdata2.obj
 0003:000070e8       ___lc_codepage             100410e8     LIBCMTD:nlsdata2.obj
 0003:000070ec       ___lc_collate_cp           100410ec     LIBCMTD:nlsdata2.obj
 0003:000070f8       __newmode                  100410f8     LIBCMTD:_newmode.obj
 0003:000070fc       ?_pnhHeap@@3P6AHI@ZA       100410fc     LIBCMTD:handler.obj
 0003:00007110       ___lc_time_intl            10041110     LIBCMTD:inittime.obj
 0003:0000712c       ___lc_id                   1004112c     LIBCMTD:nlsdata3.obj
 0003:0000717c       ___lconv_static_null       1004117c     LIBCMTD:lconv.obj
 0003:00007250       ___alternate_form          10041250     <common>
 0003:00007260       ___no_lead_zeros           10041260     <common>
 0003:00007264       ___setlc_active            10041264     <common>
 0003:00007274       ___unguarded_readlc_active 10041274     <common>
 0003:00007278       ___sbh_sizeHeaderList      10041278     <common>
 0003:0000728c       ___sbh_indGroupDefer       1004128c     <common>
 0003:00007290       ___sbh_pHeaderScan         10041290     <common>
 0003:00007294       ___sbh_initialized         10041294     <common>
 0003:00007298       ___sbh_pHeaderDefer        10041298     <common>
 0003:0000729c       ___sbh_cntHeaderList       1004129c     <common>
 0003:000072a0       ___sbh_pHeaderList         100412a0     <common>
 0003:000072a4       ___sbh_threshold           100412a4     <common>
 0003:000072a8       __crtheap                  100412a8     <common>
 0003:000072b8       ___active_heap             100412b8     <common>
 0003:000072bc       __pfnDumpClient            100412bc     <common>
 0003:000072e0       ___pioinfo                 100412e0     <common>
 0003:0000741c       __nhandle                  1004141c     <common>
 0003:00007420       ___mbcodepage              10041420     <common>
 0003:000074a0       ___mbulinfo                100414a0     <common>
 0003:000074ac       ___ismbcodepage            100414ac     <common>
 0003:000074c0       __mbcasemap                100414c0     <common>
 0003:000075c0       __mbctype                  100415c0     <common>
 0003:000076c4       ___mblcid                  100416c4     <common>
 0003:000076c8       ___piob                    100416c8     <common>
 0003:00007a20       __bufin                    10041a20     <common>
 0003:00008a20       __nstream                  10042a20     <common>
 0003:00008a24       ___env_initialized         10042a24     <common>
 0003:00008a34       ___mbctype_initialized     10042a34     <common>
 0003:00008a38       ___onexitend               10042a38     <common>
 0003:00008a3c       ___onexitbegin             10042a3c     <common>
 0003:00008a40       __pfnReportHook            10042a40     <common>
 0003:00008a4c       __acmdln                   10042a4c     <common>
 0003:00008a5c       __pRawDllMain              10042a5c     <common>
 0004:00000000       __IMPORT_DESCRIPTOR_KERNEL32 10043000     kernel32:KERNEL32.dll
 0004:00000014       __IMPORT_DESCRIPTOR_ADVAPI32 10043014     advapi32:ADVAPI32.dll
 0004:00000028       __IMPORT_DESCRIPTOR_WS2_32 10043028     ws2_32:WS2_32.dll
 0004:0000003c       __IMPORT_DESCRIPTOR_WINMM  1004303c     winmm:WINMM.dll
 0004:00000050       __NULL_IMPORT_DESCRIPTOR   10043050     kernel32:KERNEL32.dll
 0004:000002e8       __imp__RegCreateKeyExA@36  100432e8     advapi32:ADVAPI32.dll
 0004:000002ec       __imp__RegQueryValueExA@24 100432ec     advapi32:ADVAPI32.dll
 0004:000002f0       __imp__RegSetValueExA@24   100432f0     advapi32:ADVAPI32.dll
 0004:000002f4       __imp__RegCloseKey@4       100432f4     advapi32:ADVAPI32.dll
 0004:000002f8       \177ADVAPI32_NULL_THUNK_DATA 100432f8     advapi32:ADVAPI32.dll
 0004:00000324       __imp__SetFilePointer@16   10043324     kernel32:KERNEL32.dll
 0004:00000328       __imp__OutputDebugStringA@4 10043328     kernel32:KERNEL32.dll
 0004:0000032c       __imp__WriteFile@20        1004332c     kernel32:KERNEL32.dll
 0004:00000330       __imp__GetModuleFileNameA@12 10043330     kernel32:KERNEL32.dll
 0004:00000334       __imp__GetModuleHandleA@4  10043334     kernel32:KERNEL32.dll
 0004:00000338       __imp__CloseHandle@4       10043338     kernel32:KERNEL32.dll
 0004:0000033c       __imp__GetLastError@0      1004333c     kernel32:KERNEL32.dll
 0004:00000340       __imp__Sleep@4             10043340     kernel32:KERNEL32.dll
 0004:00000344       __imp__CreateFileA@28      10043344     kernel32:KERNEL32.dll
 0004:00000348       __imp__GetCurrentProcessId@0 10043348     kernel32:KERNEL32.dll
 0004:0000034c       __imp__SetEnvironmentVariableA@8 1004334c     kernel32:KERNEL32.dll
 0004:00000350       __imp__CompareStringW@24   10043350     kernel32:KERNEL32.dll
 0004:00000354       __imp__CompareStringA@24   10043354     kernel32:KERNEL32.dll
 0004:00000358       __imp__GetLocaleInfoW@16   10043358     kernel32:KERNEL32.dll
 0004:0000035c       __imp__GetTimeZoneInformation@4 1004335c     kernel32:KERNEL32.dll
 0004:00000360       __imp__GetUserDefaultLCID@0 10043360     kernel32:KERNEL32.dll
 0004:00000364       __imp__EnumSystemLocalesA@8 10043364     kernel32:KERNEL32.dll
 0004:00000368       __imp__GetLocaleInfoA@16   10043368     kernel32:KERNEL32.dll
 0004:0000036c       __imp__IsValidCodePage@4   1004336c     kernel32:KERNEL32.dll
 0004:00000370       __imp__IsValidLocale@8     10043370     kernel32:KERNEL32.dll
 0004:00000374       __imp__SetStdHandle@8      10043374     kernel32:KERNEL32.dll
 0004:00000378       __imp__VirtualAlloc@16     10043378     kernel32:KERNEL32.dll
 0004:0000037c       __imp__HeapReAlloc@16      1004337c     kernel32:KERNEL32.dll
 0004:00000380       __imp__HeapAlloc@12        10043380     kernel32:KERNEL32.dll
 0004:00000384       __imp__RtlUnwind@16        10043384     kernel32:KERNEL32.dll
 0004:00000388       __imp__GetStringTypeW@16   10043388     kernel32:KERNEL32.dll
 0004:0000038c       __imp__GetStringTypeA@20   1004338c     kernel32:KERNEL32.dll
 0004:00000390       __imp__LCMapStringW@24     10043390     kernel32:KERNEL32.dll
 0004:00000394       __imp__LCMapStringA@24     10043394     kernel32:KERNEL32.dll
 0004:00000398       __imp__MultiByteToWideChar@24 10043398     kernel32:KERNEL32.dll
 0004:0000039c       __imp__GetCommandLineA@0   1004339c     kernel32:KERNEL32.dll
 0004:000003a0       __imp__GetVersion@0        100433a0     kernel32:KERNEL32.dll
 0004:000003a4       __imp__DebugBreak@0        100433a4     kernel32:KERNEL32.dll
 0004:000003a8       __imp__GetStdHandle@4      100433a8     kernel32:KERNEL32.dll
 0004:000003ac       __imp__InterlockedDecrement@4 100433ac     kernel32:KERNEL32.dll
 0004:000003b0       __imp__GetProcAddress@8    100433b0     kernel32:KERNEL32.dll
 0004:000003b4       __imp__LoadLibraryA@4      100433b4     kernel32:KERNEL32.dll
 0004:000003b8       __imp__InterlockedIncrement@4 100433b8     kernel32:KERNEL32.dll
 0004:000003bc       __imp__ExitProcess@4       100433bc     kernel32:KERNEL32.dll
 0004:000003c0       __imp__TerminateProcess@8  100433c0     kernel32:KERNEL32.dll
 0004:000003c4       __imp__GetCurrentProcess@0 100433c4     kernel32:KERNEL32.dll
 0004:000003c8       __imp__SetConsoleCtrlHandler@8 100433c8     kernel32:KERNEL32.dll
 0004:000003cc       __imp__EnterCriticalSection@4 100433cc     kernel32:KERNEL32.dll
 0004:000003d0       __imp__LeaveCriticalSection@4 100433d0     kernel32:KERNEL32.dll
 0004:000003d4       __imp__GetCurrentThreadId@0 100433d4     kernel32:KERNEL32.dll
 0004:000003d8       __imp__TlsSetValue@8       100433d8     kernel32:KERNEL32.dll
 0004:000003dc       __imp__TlsAlloc@0          100433dc     kernel32:KERNEL32.dll
 0004:000003e0       __imp__TlsFree@4           100433e0     kernel32:KERNEL32.dll
 0004:000003e4       __imp__SetLastError@4      100433e4     kernel32:KERNEL32.dll
 0004:000003e8       __imp__TlsGetValue@4       100433e8     kernel32:KERNEL32.dll
 0004:000003ec       __imp__GetCurrentThread@0  100433ec     kernel32:KERNEL32.dll
 0004:000003f0       __imp__GetCPInfo@8         100433f0     kernel32:KERNEL32.dll
 0004:000003f4       __imp__GetACP@0            100433f4     kernel32:KERNEL32.dll
 0004:000003f8       __imp__GetOEMCP@0          100433f8     kernel32:KERNEL32.dll
 0004:000003fc       __imp__SetHandleCount@4    100433fc     kernel32:KERNEL32.dll
 0004:00000400       __imp__GetFileType@4       10043400     kernel32:KERNEL32.dll
 0004:00000404       __imp__GetStartupInfoA@4   10043404     kernel32:KERNEL32.dll
 0004:00000408       __imp__DeleteCriticalSection@4 10043408     kernel32:KERNEL32.dll
 0004:0000040c       __imp__IsBadWritePtr@8     1004340c     kernel32:KERNEL32.dll
 0004:00000410       __imp__IsBadReadPtr@8      10043410     kernel32:KERNEL32.dll
 0004:00000414       __imp__HeapValidate@12     10043414     kernel32:KERNEL32.dll
 0004:00000418       __imp__FreeEnvironmentStringsA@4 10043418     kernel32:KERNEL32.dll
 0004:0000041c       __imp__FreeEnvironmentStringsW@4 1004341c     kernel32:KERNEL32.dll
 0004:00000420       __imp__WideCharToMultiByte@32 10043420     kernel32:KERNEL32.dll
 0004:00000424       __imp__GetEnvironmentStrings@0 10043424     kernel32:KERNEL32.dll
 0004:00000428       __imp__GetEnvironmentStringsW@0 10043428     kernel32:KERNEL32.dll
 0004:0000042c       __imp__GetEnvironmentVariableA@12 1004342c     kernel32:KERNEL32.dll
 0004:00000430       __imp__GetVersionExA@4     10043430     kernel32:KERNEL32.dll
 0004:00000434       __imp__HeapDestroy@4       10043434     kernel32:KERNEL32.dll
 0004:00000438       __imp__HeapCreate@12       10043438     kernel32:KERNEL32.dll
 0004:0000043c       __imp__HeapFree@12         1004343c     kernel32:KERNEL32.dll
 0004:00000440       __imp__VirtualFree@12      10043440     kernel32:KERNEL32.dll
 0004:00000444       __imp__InitializeCriticalSection@4 10043444     kernel32:KERNEL32.dll
 0004:00000448       __imp__FatalAppExitA@8     10043448     kernel32:KERNEL32.dll
 0004:0000044c       __imp__UnhandledExceptionFilter@4 1004344c     kernel32:KERNEL32.dll
 0004:00000450       __imp__FlushFileBuffers@4  10043450     kernel32:KERNEL32.dll
 0004:00000454       __imp__WriteConsoleA@20    10043454     kernel32:KERNEL32.dll
 0004:00000458       \177KERNEL32_NULL_THUNK_DATA 10043458     kernel32:KERNEL32.dll
 0004:000004c0       __imp__timeGetTime@0       100434c0     winmm:WINMM.dll
 0004:000004c4       __imp__timeBeginPeriod@4   100434c4     winmm:WINMM.dll
 0004:000004c8       __imp__timeEndPeriod@4     100434c8     winmm:WINMM.dll
 0004:000004cc       \177WINMM_NULL_THUNK_DATA  100434cc     winmm:WINMM.dll
 0004:000004f8       __imp__WSAStartup@8        100434f8     ws2_32:WS2_32.dll
 0004:000004fc       __imp__WSASocketA@24       100434fc     ws2_32:WS2_32.dll
 0004:00000500       __imp__socket@12           10043500     ws2_32:WS2_32.dll
 0004:00000504       __imp__WSACleanup@0        10043504     ws2_32:WS2_32.dll
 0004:00000508       __imp__getsockopt@20       10043508     ws2_32:WS2_32.dll
 0004:0000050c       __imp__ioctlsocket@12      1004350c     ws2_32:WS2_32.dll
 0004:00000510       __imp__recvfrom@24         10043510     ws2_32:WS2_32.dll
 0004:00000514       __imp__sendto@24           10043514     ws2_32:WS2_32.dll
 0004:00000518       __imp__htonl@4             10043518     ws2_32:WS2_32.dll
 0004:0000051c       __imp__htons@4             1004351c     ws2_32:WS2_32.dll
 0004:00000520       __imp__bind@12             10043520     ws2_32:WS2_32.dll
 0004:00000524       __imp__WSAGetLastError@0   10043524     ws2_32:WS2_32.dll
 0004:00000528       __imp__ntohl@4             10043528     ws2_32:WS2_32.dll
 0004:0000052c       __imp__setsockopt@20       1004352c     ws2_32:WS2_32.dll
 0004:00000530       __imp__closesocket@4       10043530     ws2_32:WS2_32.dll
 0004:00000534       \177WS2_32_NULL_THUNK_DATA 10043534     ws2_32:WS2_32.dll

 entry point at        0001:00005ea0

