 BandTest

 Timestamp is 67aa2e97 (Mon Feb 10 16:51:35 2025)

 Preferred load address is 10000000

 Start         Length     Name                   Class
 0001:00000000 0000e864H .text                   CODE
 0002:00000000 00000184H .idata$5                DATA
 0002:00000188 00000de8H .rdata                  DATA
 0002:00000f70 00000050H .idata$2                DATA
 0002:00000fc0 00000014H .idata$3                DATA
 0002:00000fd4 00000184H .idata$4                DATA
 0002:00001158 000005d4H .idata$6                DATA
 0002:00001730 00000081H .edata                  DATA
 0003:00000000 00000004H .CRT$XCA                DATA
 0003:00000004 00000004H .CRT$XCZ                DATA
 0003:00000008 00000004H .CRT$XIA                DATA
 0003:0000000c 00000008H .CRT$XIC                DATA
 0003:00000014 00000004H .CRT$XIZ                DATA
 0003:00000018 00000004H .CRT$XPA                DATA
 0003:0000001c 00000008H .CRT$XPX                DATA
 0003:00000024 00000004H .CRT$XPZ                DATA
 0003:00000028 00000004H .CRT$XTA                DATA
 0003:0000002c 00000004H .CRT$XTZ                DATA
 0003:00000030 00004180H .data                   DATA
 0003:000041b0 00001b4cH .bss                    DATA
 0004:00000000 00000058H .rsrc$01                DATA
 0004:00000060 00000470H .rsrc$02                DATA

  Address         Publics by Value              Rva+Base     Lib:Object

 0001:00000000       _DllMain@12                10001000 f   BandTest.obj
 0001:00000010       ?Detect_Bandwidth@@YAKKKHAAHAAKKPAUtBandtestSettingsStruct@@PAD@Z 10001010 f   BandTest.obj
 0001:00001760       ?Ping_Compare@@YAHPBX0@Z   10002760 f   BandTest.obj
 0001:00001780       ?Sort_Pings@@YAXHPAK@Z     10002780 f   BandTest.obj
 0001:00001b90       _GetLastError@0            10002b90 f   kernel32:KERNEL32.dll
 0001:00001b96       _GetCurrentProcessId@0     10002b96 f   kernel32:KERNEL32.dll
 0001:00001b9c       _Sleep@4                   10002b9c f   kernel32:KERNEL32.dll
 0001:00001ba2       _RegCloseKey@4             10002ba2 f   advapi32:ADVAPI32.dll
 0001:00001ba8       _RegSetValueExA@24         10002ba8 f   advapi32:ADVAPI32.dll
 0001:00001bae       _RegCreateKeyExA@36        10002bae f   advapi32:ADVAPI32.dll
 0001:00001bb4       _RegQueryValueExA@24       10002bb4 f   advapi32:ADVAPI32.dll
 0001:00001bba       _sendto@24                 10002bba f   ws2_32:WS2_32.dll
 0001:00001bc0       _ntohl@4                   10002bc0 f   ws2_32:WS2_32.dll
 0001:00001bc6       _bind@12                   10002bc6 f   ws2_32:WS2_32.dll
 0001:00001bcc       _htons@4                   10002bcc f   ws2_32:WS2_32.dll
 0001:00001bd2       _htonl@4                   10002bd2 f   ws2_32:WS2_32.dll
 0001:00001bd8       _setsockopt@20             10002bd8 f   ws2_32:WS2_32.dll
 0001:00001bde       _closesocket@4             10002bde f   ws2_32:WS2_32.dll
 0001:00001be4       _WSACleanup@0              10002be4 f   ws2_32:WS2_32.dll
 0001:00001bea       _WSAGetLastError@0         10002bea f   ws2_32:WS2_32.dll
 0001:00001bf0       _socket@12                 10002bf0 f   ws2_32:WS2_32.dll
 0001:00001bf6       _WSAStartup@8              10002bf6 f   ws2_32:WS2_32.dll
 0001:00001bfc       _recvfrom@24               10002bfc f   ws2_32:WS2_32.dll
 0001:00001c02       _ioctlsocket@12            10002c02 f   ws2_32:WS2_32.dll
 0001:00001c08       _timeEndPeriod@4           10002c08 f   winmm:WINMM.dll
 0001:00001c0e       _timeBeginPeriod@4         10002c0e f   winmm:WINMM.dll
 0001:00001c14       _timeGetTime@0             10002c14 f   winmm:WINMM.dll
 0001:00001c20       _strncpy                   10002c20 f   LIBCMT:strncpy.obj
 0001:00001d1e       _sprintf                   10002d1e f   LIBCMT:sprintf.obj
 0001:00001d70       _srand                     10002d70 f   LIBCMT:rand.obj
 0001:00001d7d       _rand                      10002d7d f   LIBCMT:rand.obj
 0001:00001d9f       __fpmath                   10002d9f f   LIBCMT:fpinit.obj
 0001:00001db6       __fpclear                  10002db6 f   LIBCMT:fpinit.obj
 0001:00001db7       __cfltcvt_init             10002db7 f   LIBCMT:fpinit.obj
 0001:00001def       ___setfflag                10002def f   LIBCMT:fpinit.obj
 0001:00001e00       __chkstk                   10002e00 f   LIBCMT:chkstk.obj
 0001:00001e00       __alloca_probe             10002e00 f   LIBCMT:chkstk.obj
 0001:00001e30       __ftol                     10002e30 f   LIBCMT:ftol.obj
 0001:00001e57       _qsort                     10002e57 f   LIBCMT:qsort.obj
 0001:00002030       _memmove                   10003030 f   LIBCMT:memmove.obj
 0001:00002365       __CRT_INIT@12              10003365 f   LIBCMT:dllcrt0.obj
 0001:0000243e       __DllMainCRTStartup@12     1000343e f   LIBCMT:dllcrt0.obj
 0001:000024db       __amsg_exit                100034db f   LIBCMT:dllcrt0.obj
 0001:0000250e       __flsbuf                   1000350e f   LIBCMT:_flsbuf.obj
 0001:00002626       __output                   10003626 f   LIBCMT:output.obj
 0001:00002e8d       __mtinit                   10003e8d f   LIBCMT:tidtable.obj
 0001:00002ee1       __mtterm                   10003ee1 f   LIBCMT:tidtable.obj
 0001:00002eff       __initptd                  10003eff f   LIBCMT:tidtable.obj
 0001:00002f12       __getptd                   10003f12 f   LIBCMT:tidtable.obj
 0001:00002f79       __freeptd                  10003f79 f   LIBCMT:tidtable.obj
 0001:00003019       ___threadid                10004019 f   LIBCMT:tidtable.obj
 0001:0000301f       ___threadhandle            1000401f f   LIBCMT:tidtable.obj
 0001:00003025       __setdefaultprecision      10004025 f   LIBCMT:fp8.obj
 0001:00003037       __ms_p5_test_fdiv          10004037 f   LIBCMT:testfdiv.obj
 0001:00003075       __ms_p5_mp_test_fdiv       10004075 f   LIBCMT:testfdiv.obj
 0001:0000309e       __forcdecpt                1000409e f   LIBCMT:cvt.obj
 0001:000030f8       __cropzeros                100040f8 f   LIBCMT:cvt.obj
 0001:00003146       __positive                 10004146 f   LIBCMT:cvt.obj
 0001:0000315e       __fassign                  1000415e f   LIBCMT:cvt.obj
 0001:0000319c       __cftoe                    1000419c f   LIBCMT:cvt.obj
 0001:000032bf       __cftof                    100042bf f   LIBCMT:cvt.obj
 0001:000033bb       __cftog                    100043bb f   LIBCMT:cvt.obj
 0001:0000344e       __cfltcvt                  1000444e f   LIBCMT:cvt.obj
 0001:000034c4       __cinit                    100044c4 f   LIBCMT:crt0dat.obj
 0001:000034f1       _exit                      100044f1 f   LIBCMT:crt0dat.obj
 0001:00003502       __exit                     10004502 f   LIBCMT:crt0dat.obj
 0001:00003513       __cexit                    10004513 f   LIBCMT:crt0dat.obj
 0001:00003522       __c_exit                   10004522 f   LIBCMT:crt0dat.obj
 0001:000035d6       __lockexit                 100045d6 f   LIBCMT:crt0dat.obj
 0001:000035df       __unlockexit               100045df f   LIBCMT:crt0dat.obj
 0001:00003602       __ioinit                   10004602 f   LIBCMT:ioinit.obj
 0001:000037be       __ioterm                   100047be f   LIBCMT:ioinit.obj
 0001:00003812       __setenvp                  10004812 f   LIBCMT:stdenvp.obj
 0001:000038cb       __setargv                  100048cb f   LIBCMT:stdargv.obj
 0001:00003b18       ___crtGetEnvironmentStringsA 10004b18 f   LIBCMT:a_env.obj
 0001:00003c4a       __GetLinkerVersion         10004c4a f   LIBCMT:heapinit.obj
 0001:00003c77       ___heap_select             10004c77 f   LIBCMT:heapinit.obj
 0001:00003dbf       __heap_init                10004dbf f   LIBCMT:heapinit.obj
 0001:00003e1c       __heap_term                10004e1c f   LIBCMT:heapinit.obj
 0001:00003ec4       __FF_MSGBANNER             10004ec4 f   LIBCMT:crt0msg.obj
 0001:00003efd       __NMSG_WRITE               10004efd f   LIBCMT:crt0msg.obj
 0001:00004050       __GET_RTERRMSG             10005050 f   LIBCMT:crt0msg.obj
 0001:00004081       __lseek                    10005081 f   LIBCMT:lseek.obj
 0001:000040e6       __lseek_lk                 100050e6 f   LIBCMT:lseek.obj
 0001:00004159       __write                    10005159 f   LIBCMT:write.obj
 0001:000041be       __write_lk                 100051be f   LIBCMT:write.obj
 0001:00004349       __getbuf                   10005349 f   LIBCMT:_getbuf.obj
 0001:0000438d       __isatty                   1000538d f   LIBCMT:isatty.obj
 0001:000043b6       ___initstdio               100053b6 f   LIBCMT:_file.obj
 0001:0000445e       ___endstdio                1000545e f   LIBCMT:_file.obj
 0001:00004472       __lock_file                10005472 f   LIBCMT:_file.obj
 0001:000044a1       __lock_file2               100054a1 f   LIBCMT:_file.obj
 0001:000044c4       __unlock_file              100054c4 f   LIBCMT:_file.obj
 0001:000044f3       __unlock_file2             100054f3 f   LIBCMT:_file.obj
 0001:00004516       _free                      10005516 f   LIBCMT:free.obj
 0001:00004600       _strlen                    10005600 f   LIBCMT:strlen.obj
 0001:0000467b       _malloc                    1000567b f   LIBCMT:malloc.obj
 0001:0000468d       __nh_malloc                1000568d f   LIBCMT:malloc.obj
 0001:000046b9       __heap_alloc               100056b9 f   LIBCMT:malloc.obj
 0001:000047b5       _wctomb                    100057b5 f   LIBCMT:wctomb.obj
 0001:0000480e       __wctomb_lk                1000580e f   LIBCMT:wctomb.obj
 0001:00004880       __aulldiv                  10005880 f   LIBCMT:ulldiv.obj
 0001:000048f0       __aullrem                  100058f0 f   LIBCMT:ullrem.obj
 0001:00004965       _calloc                    10005965 f   LIBCMT:calloc.obj
 0001:00004aa2       __mtinitlocks              10005aa2 f   LIBCMT:mlock.obj
 0001:00004acb       __mtdeletelocks            10005acb f   LIBCMT:mlock.obj
 0001:00004b37       __lock                     10005b37 f   LIBCMT:mlock.obj
 0001:00004b98       __unlock                   10005b98 f   LIBCMT:mlock.obj
 0001:00004bad       __lockerr_exit             10005bad f   LIBCMT:mlock.obj
 0001:00004bc5       __XcptFilter               10005bc5 f   LIBCMT:winxfltr.obj
 0001:00004d3d       __statusfp                 10005d3d f   LIBCMT:ieee87.obj
 0001:00004d50       __clearfp                  10005d50 f   LIBCMT:ieee87.obj
 0001:00004d64       __control87                10005d64 f   LIBCMT:ieee87.obj
 0001:00004d99       __controlfp                10005d99 f   LIBCMT:ieee87.obj
 0001:00004daf       __fpreset                  10005daf f   LIBCMT:ieee87.obj
 0001:00004f2a       __isctype                  10005f2a f   LIBCMT:isctype.obj
 0001:00004f9f       __tolower                  10005f9f f   LIBCMT:tolower.obj
 0001:00004fa7       _tolower                   10005fa7 f   LIBCMT:tolower.obj
 0001:00005016       __tolower_lk               10006016 f   LIBCMT:tolower.obj
 0001:000050e1       __ZeroTail                 100060e1 f   LIBCMT:intrncvt.obj
 0001:0000512a       __IncMan                   1000612a f   LIBCMT:intrncvt.obj
 0001:00005180       __RoundMan                 10006180 f   LIBCMT:intrncvt.obj
 0001:0000520c       __CopyMan                  1000620c f   LIBCMT:intrncvt.obj
 0001:00005227       __FillZeroMan              10006227 f   LIBCMT:intrncvt.obj
 0001:00005233       __IsZeroMan                10006233 f   LIBCMT:intrncvt.obj
 0001:0000524e       __ShrMan                   1000624e f   LIBCMT:intrncvt.obj
 0001:000052db       __ld12cvt                  100062db f   LIBCMT:intrncvt.obj
 0001:00005447       __ld12tod                  10006447 f   LIBCMT:intrncvt.obj
 0001:0000545d       __ld12tof                  1000645d f   LIBCMT:intrncvt.obj
 0001:00005473       __ld12told                 10006473 f   LIBCMT:intrncvt.obj
 0001:000054ed       __atodbl                   100064ed f   LIBCMT:intrncvt.obj
 0001:0000551a       __atoldbl                  1000651a f   LIBCMT:intrncvt.obj
 0001:00005548       __atoflt                   10006548 f   LIBCMT:intrncvt.obj
 0001:00005575       __fptostr                  10006575 f   LIBCMT:_fptostr.obj
 0001:000055ec       __fltout2                  100065ec f   LIBCMT:cfout.obj
 0001:00005648       ___dtold                   10006648 f   LIBCMT:cfout.obj
 0001:00005700       _strcpy                    10006700 f   LIBCMT:strcat.obj
 0001:00005710       _strcat                    10006710 f   LIBCMT:strcat.obj
 0001:000057f0       _memset                    100067f0 f   LIBCMT:memset.obj
 0001:00005848       __fptrap                   10006848 f   LIBCMT:crt0fp.obj
 0001:00005851       __setmbcp                  10006851 f   LIBCMT:mbctype.obj
 0001:00005c29       __getmbcp                  10006c29 f   LIBCMT:mbctype.obj
 0001:00005c39       ___initmbctable            10006c39 f   LIBCMT:mbctype.obj
 0001:00005c60       _memcpy                    10006c60 f   LIBCMT:memcpy.obj
 0001:00005f95       _strtol                    10006f95 f   LIBCMT:strtol.obj
 0001:000061b1       _strtoul                   100071b1 f   LIBCMT:strtol.obj
 0001:000061e0       _strchr                    100071e0 f   LIBCMT:strchr.obj
 0001:000061e6       ___from_strstr_to_strchr   100071e6 f   LIBCMT:strchr.obj
 0001:000062a0       _strstr                    100072a0 f   LIBCMT:strstr.obj
 0001:00006320       _strncmp                   10007320 f   LIBCMT:strncmp.obj
 0001:00006358       __get_sbh_threshold        10007358 f   LIBCMT:sbheap.obj
 0001:00006377       __set_sbh_threshold        10007377 f   LIBCMT:sbheap.obj
 0001:0000642a       ___sbh_heap_init           1000742a f   LIBCMT:sbheap.obj
 0001:00006472       ___sbh_find_block          10007472 f   LIBCMT:sbheap.obj
 0001:0000649d       ___sbh_free_block          1000749d f   LIBCMT:sbheap.obj
 0001:000067c6       ___sbh_alloc_block         100077c6 f   LIBCMT:sbheap.obj
 0001:00006acf       ___sbh_alloc_new_region    10007acf f   LIBCMT:sbheap.obj
 0001:00006b80       ___sbh_alloc_new_group     10007b80 f   LIBCMT:sbheap.obj
 0001:00006c7b       ___sbh_resize_block        10007c7b f   LIBCMT:sbheap.obj
 0001:00006f71       ___sbh_heapmin             10007f71 f   LIBCMT:sbheap.obj
 0001:00007042       ___sbh_heap_check          10008042 f   LIBCMT:sbheap.obj
 0001:00007371       __get_old_sbh_threshold    10008371 f   LIBCMT:sbheap.obj
 0001:00007377       __set_old_sbh_threshold    10008377 f   LIBCMT:sbheap.obj
 0001:00007393       ___old_sbh_new_region      10008393 f   LIBCMT:sbheap.obj
 0001:000074d7       ___old_sbh_release_region  100084d7 f   LIBCMT:sbheap.obj
 0001:0000752d       ___old_sbh_decommit_pages  1000852d f   LIBCMT:sbheap.obj
 0001:000075ef       ___old_sbh_find_block      100085ef f   LIBCMT:sbheap.obj
 0001:00007646       ___old_sbh_free_block      10008646 f   LIBCMT:sbheap.obj
 0001:0000768b       ___old_sbh_alloc_block     1000868b f   LIBCMT:sbheap.obj
 0001:00007893       ___old_sbh_alloc_block_from_page 10008893 f   LIBCMT:sbheap.obj
 0001:000079b7       ___old_sbh_resize_block    100089b7 f   LIBCMT:sbheap.obj
 0001:00007a60       ___old_sbh_heap_check      10008a60 f   LIBCMT:sbheap.obj
 0001:00007bbe       ___crtMessageBoxA          10008bbe f   LIBCMT:crtmbox.obj
 0001:00007c47       __dosmaperr                10008c47 f   LIBCMT:dosmap.obj
 0001:00007cba       __errno                    10008cba f   LIBCMT:dosmap.obj
 0001:00007cc3       ___doserrno                10008cc3 f   LIBCMT:dosmap.obj
 0001:00007ccc       __alloc_osfhnd             10008ccc f   LIBCMT:osfinfo.obj
 0001:00007def       __set_osfhnd               10008def f   LIBCMT:osfinfo.obj
 0001:00007e6b       __free_osfhnd              10008e6b f   LIBCMT:osfinfo.obj
 0001:00007eea       __get_osfhandle            10008eea f   LIBCMT:osfinfo.obj
 0001:00007f2c       __open_osfhandle           10008f2c f   LIBCMT:osfinfo.obj
 0001:00007fd3       __lock_fhandle             10008fd3 f   LIBCMT:osfinfo.obj
 0001:00008032       __unlock_fhandle           10009032 f   LIBCMT:osfinfo.obj
 0001:00008054       __fcloseall                10009054 f   LIBCMT:closeall.obj
 0001:000080d5       _fflush                    100090d5 f   LIBCMT:fflush.obj
 0001:00008104       __fflush_lk                10009104 f   LIBCMT:fflush.obj
 0001:00008132       __flush                    10009132 f   LIBCMT:fflush.obj
 0001:0000818e       __flushall                 1000918e f   LIBCMT:fflush.obj
 0001:0000823c       __global_unwind2           1000923c f   LIBCMT:exsup.obj
 0001:0000827e       __local_unwind2            1000927e f   LIBCMT:exsup.obj
 0001:000082d6       __NLG_Return2              100092d6 f   LIBCMT:exsup.obj
 0001:000082e6       __abnormal_termination     100092e6 f   LIBCMT:exsup.obj
 0001:00008309       __NLG_Notify1              10009309 f   LIBCMT:exsup.obj
 0001:00008312       __NLG_Notify               10009312 f   LIBCMT:exsup.obj
 0001:00008325       __NLG_Dispatch             10009325 f   LIBCMT:exsup.obj
 0001:00008334       __except_handler3          10009334 f   LIBCMT:exsup3.obj
 0001:000083f1       __seh_longjmp_unwind@4     100093f1 f   LIBCMT:exsup3.obj
 0001:0000840c       ?_set_new_handler@@YAP6AHI@ZP6AHI@Z@Z 1000940c f   LIBCMT:handler.obj
 0001:00008430       ?_query_new_handler@@YAP6AHI@ZXZ 10009430 f   LIBCMT:handler.obj
 0001:00008436       __callnewh                 10009436 f   LIBCMT:handler.obj
 0001:00008451       _setlocale                 10009451 f   LIBCMT:setlocal.obj
 0001:0000886b       __expandlocale             1000986b f   LIBCMT:setlocal.obj
 0001:00008983       ___init_dummy              10009983 f   LIBCMT:setlocal.obj
 0001:00008986       __strcats                  10009986 f   LIBCMT:setlocal.obj
 0001:000089ab       ___lc_strtolc              100099ab f   LIBCMT:setlocal.obj
 0001:00008a77       ___lc_lctostr              10009a77 f   LIBCMT:setlocal.obj
 0001:00008aca       _signal                    10009aca f   LIBCMT:winsig.obj
 0001:00008cae       _raise                     10009cae f   LIBCMT:winsig.obj
 0001:00008e6d       ___fpecode                 10009e6d f   LIBCMT:winsig.obj
 0001:00008e76       ___pxcptinfoptrs           10009e76 f   LIBCMT:winsig.obj
 0001:00008e7f       ___crtGetStringTypeA       10009e7f f   LIBCMT:a_str.obj
 0001:00008fc8       ___crtLCMapStringA         10009fc8 f   LIBCMT:a_map.obj
 0001:00009217       ___addl                    1000a217 f   LIBCMT:mantold.obj
 0001:00009238       ___add_12                  1000a238 f   LIBCMT:mantold.obj
 0001:00009296       ___shl_12                  1000a296 f   LIBCMT:mantold.obj
 0001:000092c4       ___shr_12                  1000a2c4 f   LIBCMT:mantold.obj
 0001:000092f1       ___mtold12                 1000a2f1 f   LIBCMT:mantold.obj
 0001:000093b8       ___strgtold12              1000a3b8 f   LIBCMT:strgtold.obj
 0001:00009889       ___STRINGTOLD              1000a889 f   LIBCMT:strgtold.obj
 0001:000098c5       _$I10_OUTPUT               1000a8c5 f   LIBCMT:x10fout.obj
 0001:00009b58       __toupper                  1000ab58 f   LIBCMT:toupper.obj
 0001:00009b60       _toupper                   1000ab60 f   LIBCMT:toupper.obj
 0001:00009bcf       __toupper_lk               1000abcf f   LIBCMT:toupper.obj
 0001:00009c9b       _fclose                    1000ac9b f   LIBCMT:fclose.obj
 0001:00009ccc       __fclose_lk                1000accc f   LIBCMT:fclose.obj
 0001:00009d18       __commit                   1000ad18 f   LIBCMT:commit.obj
 0001:00009dab       ___init_time               1000adab f   LIBCMT:inittime.obj
 0001:0000a31a       ___init_numeric            1000b31a f   LIBCMT:initnum.obj
 0001:0000a526       ___init_monetary           1000b526 f   LIBCMT:initmon.obj
 0001:0000a798       ___init_ctype              1000b798 f   LIBCMT:initctyp.obj
 0001:0000a9dd       ___init_collate            1000b9dd f   LIBCMT:initcoll.obj
 0001:0000a9e0       _strcmp                    1000b9e0 f   LIBCMT:strcmp.obj
 0001:0000aa70       _strcspn                   1000ba70 f   LIBCMT:strcspn.obj
 0001:0000aab0       _strpbrk                   1000bab0 f   LIBCMT:strpbrk.obj
 0001:0000aaea       ___get_qualified_locale    1000baea f   LIBCMT:getqloc.obj
 0001:0000b391       ___ld12mul                 1000c391 f   LIBCMT:tenpow.obj
 0001:0000b5b1       ___multtenpow12            1000c5b1 f   LIBCMT:tenpow.obj
 0001:0000b62d       __close                    1000c62d f   LIBCMT:close.obj
 0001:0000b68a       __close_lk                 1000c68a f   LIBCMT:close.obj
 0001:0000b70d       __freebuf                  1000c70d f   LIBCMT:_freebuf.obj
 0001:0000b738       __Getdays                  1000c738 f   LIBCMT:strftime.obj
 0001:0000b7c7       __Getmonths                1000c7c7 f   LIBCMT:strftime.obj
 0001:0000b85c       __Gettnames                1000c85c f   LIBCMT:strftime.obj
 0001:0000ba8e       _strftime                  1000ca8e f   LIBCMT:strftime.obj
 0001:0000baa9       __Strftime                 1000caa9 f   LIBCMT:strftime.obj
 0001:0000c37f       ___getlocaleinfo           1000d37f f   LIBCMT:inithelp.obj
 0001:0000c4b7       _localeconv                1000d4b7 f   LIBCMT:lconv.obj
 0001:0000c4bd       ___crtGetStringTypeW       1000d4bd f   LIBCMT:w_str.obj
 0001:0000c682       __itoa                     1000d682 f   LIBCMT:xtoa.obj
 0001:0000c70b       __ltoa                     1000d70b f   LIBCMT:xtoa.obj
 0001:0000c735       __ultoa                    1000d735 f   LIBCMT:xtoa.obj
 0001:0000c750       __i64toa                   1000d750 f   LIBCMT:xtoa.obj
 0001:0000c807       __ui64toa                  1000d807 f   LIBCMT:xtoa.obj
 0001:0000c830       __strcmpi                  1000d830 f   LIBCMT:stricmp.obj
 0001:0000c830       __stricmp                  1000d830 f   LIBCMT:stricmp.obj
 0001:0000c900       __strnicmp                 1000d900 f   LIBCMT:strnicmp.obj
 0001:0000ca01       _atol                      1000da01 f   LIBCMT:atox.obj
 0001:0000ca8c       _atoi                      1000da8c f   LIBCMT:atox.obj
 0001:0000ca97       __atoi64                   1000da97 f   LIBCMT:atox.obj
 0001:0000cb51       ___tzset                   1000db51 f   LIBCMT:tzset.obj
 0001:0000cb7f       __tzset                    1000db7f f   LIBCMT:tzset.obj
 0001:0000ce1c       __isindst                  1000de1c f   LIBCMT:tzset.obj
 0001:0000d129       ___crtGetLocaleInfoW       1000e129 f   LIBCMT:w_loc.obj
 0001:0000d23c       ___crtGetLocaleInfoA       1000e23c f   LIBCMT:a_loc.obj
 0001:0000d360       __allmul                   1000e360 f   LIBCMT:llmul.obj
 0001:0000d394       _getenv                    1000e394 f   LIBCMT:getenv.obj
 0001:0000d3b5       __getenv_lk                1000e3b5 f   LIBCMT:getenv.obj
 0001:0000d432       __mbsnbicoll               1000e432 f   LIBCMT:mbsnbico.obj
 0001:0000d471       ___wtomb_environ           1000e471 f   LIBCMT:wtombenv.obj
 0001:0000d4df       ___crtCompareStringA       1000e4df f   LIBCMT:a_cmp.obj
 0001:0000d787       ___crtsetenv               1000e787 f   LIBCMT:setenv.obj
 0001:0000d9cd       _realloc                   1000e9cd f   LIBCMT:realloc.obj
 0001:0000dcfc       __mbschr                   1000ecfc f   LIBCMT:mbschr.obj
 0001:0000dd93       __strdup                   1000ed93 f   LIBCMT:strdup.obj
 0001:0000ddc0       _GetCommandLineA@0         1000edc0 f   kernel32:KERNEL32.dll
 0001:0000ddc6       _GetVersion@0              1000edc6 f   kernel32:KERNEL32.dll
 0001:0000ddcc       _GetCurrentThreadId@0      1000edcc f   kernel32:KERNEL32.dll
 0001:0000ddd2       _TlsSetValue@8             1000edd2 f   kernel32:KERNEL32.dll
 0001:0000ddd8       _TlsAlloc@0                1000edd8 f   kernel32:KERNEL32.dll
 0001:0000ddde       _TlsFree@4                 1000edde f   kernel32:KERNEL32.dll
 0001:0000dde4       _SetLastError@4            1000ede4 f   kernel32:KERNEL32.dll
 0001:0000ddea       _TlsGetValue@4             1000edea f   kernel32:KERNEL32.dll
 0001:0000ddf0       _GetCurrentThread@0        1000edf0 f   kernel32:KERNEL32.dll
 0001:0000ddf6       _GetProcAddress@8          1000edf6 f   kernel32:KERNEL32.dll
 0001:0000ddfc       _GetModuleHandleA@4        1000edfc f   kernel32:KERNEL32.dll
 0001:0000de02       _ExitProcess@4             1000ee02 f   kernel32:KERNEL32.dll
 0001:0000de08       _TerminateProcess@8        1000ee08 f   kernel32:KERNEL32.dll
 0001:0000de0e       _GetCurrentProcess@0       1000ee0e f   kernel32:KERNEL32.dll
 0001:0000de14       _SetHandleCount@4          1000ee14 f   kernel32:KERNEL32.dll
 0001:0000de1a       _GetStdHandle@4            1000ee1a f   kernel32:KERNEL32.dll
 0001:0000de20       _GetFileType@4             1000ee20 f   kernel32:KERNEL32.dll
 0001:0000de26       _GetStartupInfoA@4         1000ee26 f   kernel32:KERNEL32.dll
 0001:0000de2c       _DeleteCriticalSection@4   1000ee2c f   kernel32:KERNEL32.dll
 0001:0000de32       _GetModuleFileNameA@12     1000ee32 f   kernel32:KERNEL32.dll
 0001:0000de38       _FreeEnvironmentStringsA@4 1000ee38 f   kernel32:KERNEL32.dll
 0001:0000de3e       _FreeEnvironmentStringsW@4 1000ee3e f   kernel32:KERNEL32.dll
 0001:0000de44       _WideCharToMultiByte@32    1000ee44 f   kernel32:KERNEL32.dll
 0001:0000de4a       _GetEnvironmentStrings@0   1000ee4a f   kernel32:KERNEL32.dll
 0001:0000de50       _GetEnvironmentStringsW@0  1000ee50 f   kernel32:KERNEL32.dll
 0001:0000de56       _GetEnvironmentVariableA@12 1000ee56 f   kernel32:KERNEL32.dll
 0001:0000de5c       _GetVersionExA@4           1000ee5c f   kernel32:KERNEL32.dll
 0001:0000de62       _HeapDestroy@4             1000ee62 f   kernel32:KERNEL32.dll
 0001:0000de68       _HeapCreate@12             1000ee68 f   kernel32:KERNEL32.dll
 0001:0000de6e       _VirtualFree@12            1000ee6e f   kernel32:KERNEL32.dll
 0001:0000de74       _HeapFree@12               1000ee74 f   kernel32:KERNEL32.dll
 0001:0000de7a       _WriteFile@20              1000ee7a f   kernel32:KERNEL32.dll
 0001:0000de80       _SetFilePointer@16         1000ee80 f   kernel32:KERNEL32.dll
 0001:0000de86       _EnterCriticalSection@4    1000ee86 f   kernel32:KERNEL32.dll
 0001:0000de8c       _LeaveCriticalSection@4    1000ee8c f   kernel32:KERNEL32.dll
 0001:0000de92       _HeapAlloc@12              1000ee92 f   kernel32:KERNEL32.dll
 0001:0000de98       _InterlockedDecrement@4    1000ee98 f   kernel32:KERNEL32.dll
 0001:0000de9e       _InterlockedIncrement@4    1000ee9e f   kernel32:KERNEL32.dll
 0001:0000dea4       _InitializeCriticalSection@4 1000eea4 f   kernel32:KERNEL32.dll
 0001:0000deaa       _FatalAppExitA@8           1000eeaa f   kernel32:KERNEL32.dll
 0001:0000deb0       _UnhandledExceptionFilter@4 1000eeb0 f   kernel32:KERNEL32.dll
 0001:0000deb6       _GetCPInfo@8               1000eeb6 f   kernel32:KERNEL32.dll
 0001:0000debc       _GetACP@0                  1000eebc f   kernel32:KERNEL32.dll
 0001:0000dec2       _GetOEMCP@0                1000eec2 f   kernel32:KERNEL32.dll
 0001:0000dec8       _VirtualAlloc@16           1000eec8 f   kernel32:KERNEL32.dll
 0001:0000dece       _HeapReAlloc@16            1000eece f   kernel32:KERNEL32.dll
 0001:0000ded4       _IsBadWritePtr@8           1000eed4 f   kernel32:KERNEL32.dll
 0001:0000deda       _LoadLibraryA@4            1000eeda f   kernel32:KERNEL32.dll
 0001:0000dee0       _SetStdHandle@8            1000eee0 f   kernel32:KERNEL32.dll
 0001:0000dee6       _RtlUnwind@16              1000eee6 f   kernel32:KERNEL32.dll
 0001:0000deec       _SetConsoleCtrlHandler@8   1000eeec f   kernel32:KERNEL32.dll
 0001:0000def2       _MultiByteToWideChar@24    1000eef2 f   kernel32:KERNEL32.dll
 0001:0000def8       _GetStringTypeA@20         1000eef8 f   kernel32:KERNEL32.dll
 0001:0000defe       _GetStringTypeW@16         1000eefe f   kernel32:KERNEL32.dll
 0001:0000df04       _LCMapStringA@24           1000ef04 f   kernel32:KERNEL32.dll
 0001:0000df0a       _LCMapStringW@24           1000ef0a f   kernel32:KERNEL32.dll
 0001:0000df10       _FlushFileBuffers@4        1000ef10 f   kernel32:KERNEL32.dll
 0001:0000df16       _IsValidLocale@8           1000ef16 f   kernel32:KERNEL32.dll
 0001:0000df1c       _IsValidCodePage@4         1000ef1c f   kernel32:KERNEL32.dll
 0001:0000df22       _GetLocaleInfoA@16         1000ef22 f   kernel32:KERNEL32.dll
 0001:0000df28       _EnumSystemLocalesA@8      1000ef28 f   kernel32:KERNEL32.dll
 0001:0000df2e       _GetUserDefaultLCID@0      1000ef2e f   kernel32:KERNEL32.dll
 0001:0000df34       _CloseHandle@4             1000ef34 f   kernel32:KERNEL32.dll
 0001:0000df3a       _GetTimeZoneInformation@4  1000ef3a f   kernel32:KERNEL32.dll
 0001:0000df40       _GetLocaleInfoW@16         1000ef40 f   kernel32:KERNEL32.dll
 0001:0000df46       _CompareStringA@24         1000ef46 f   kernel32:KERNEL32.dll
 0001:0000df4c       _CompareStringW@24         1000ef4c f   kernel32:KERNEL32.dll
 0001:0000df52       _SetEnvironmentVariableA@8 1000ef52 f   kernel32:KERNEL32.dll
 0001:0000df58       _cprintf                   1000ef58 f   LIBCMT:cprintf.obj
 0001:0000df58       __cprintf                  1000ef58 f   LIBCMT:cprintf.obj
 0001:0000e787       __putch                    1000f787 f   LIBCMT:putch.obj
 0001:0000e7a8       __putch_lk                 1000f7a8 f   LIBCMT:putch.obj
 0001:0000e7ec       ___initconin               1000f7ec f   LIBCMT:initcon.obj
 0001:0000e80b       ___initconout              1000f80b f   LIBCMT:initcon.obj
 0001:0000e82a       ___termcon                 1000f82a f   LIBCMT:initcon.obj
 0001:0000e858       _WriteConsoleA@20          1000f858 f   kernel32:KERNEL32.dll
 0001:0000e85e       _CreateFileA@28            1000f85e f   kernel32:KERNEL32.dll
 0002:00000000       __imp__RegCloseKey@4       10010000     advapi32:ADVAPI32.dll
 0002:00000004       __imp__RegQueryValueExA@24 10010004     advapi32:ADVAPI32.dll
 0002:00000008       __imp__RegCreateKeyExA@36  10010008     advapi32:ADVAPI32.dll
 0002:0000000c       __imp__RegSetValueExA@24   1001000c     advapi32:ADVAPI32.dll
 0002:00000010       \177ADVAPI32_NULL_THUNK_DATA 10010010     advapi32:ADVAPI32.dll
 0002:00000014       __imp__Sleep@4             10010014     kernel32:KERNEL32.dll
 0002:00000018       __imp__GetCurrentProcessId@0 10010018     kernel32:KERNEL32.dll
 0002:0000001c       __imp__GetLastError@0      1001001c     kernel32:KERNEL32.dll
 0002:00000020       __imp__WriteConsoleA@20    10010020     kernel32:KERNEL32.dll
 0002:00000024       __imp__SetEnvironmentVariableA@8 10010024     kernel32:KERNEL32.dll
 0002:00000028       __imp__CompareStringW@24   10010028     kernel32:KERNEL32.dll
 0002:0000002c       __imp__CompareStringA@24   1001002c     kernel32:KERNEL32.dll
 0002:00000030       __imp__GetLocaleInfoW@16   10010030     kernel32:KERNEL32.dll
 0002:00000034       __imp__GetTimeZoneInformation@4 10010034     kernel32:KERNEL32.dll
 0002:00000038       __imp__CloseHandle@4       10010038     kernel32:KERNEL32.dll
 0002:0000003c       __imp__GetUserDefaultLCID@0 1001003c     kernel32:KERNEL32.dll
 0002:00000040       __imp__EnumSystemLocalesA@8 10010040     kernel32:KERNEL32.dll
 0002:00000044       __imp__GetLocaleInfoA@16   10010044     kernel32:KERNEL32.dll
 0002:00000048       __imp__IsValidCodePage@4   10010048     kernel32:KERNEL32.dll
 0002:0000004c       __imp__IsValidLocale@8     1001004c     kernel32:KERNEL32.dll
 0002:00000050       __imp__FlushFileBuffers@4  10010050     kernel32:KERNEL32.dll
 0002:00000054       __imp__LCMapStringW@24     10010054     kernel32:KERNEL32.dll
 0002:00000058       __imp__LCMapStringA@24     10010058     kernel32:KERNEL32.dll
 0002:0000005c       __imp__GetStringTypeW@16   1001005c     kernel32:KERNEL32.dll
 0002:00000060       __imp__GetStringTypeA@20   10010060     kernel32:KERNEL32.dll
 0002:00000064       __imp__MultiByteToWideChar@24 10010064     kernel32:KERNEL32.dll
 0002:00000068       __imp__GetCommandLineA@0   10010068     kernel32:KERNEL32.dll
 0002:0000006c       __imp__GetVersion@0        1001006c     kernel32:KERNEL32.dll
 0002:00000070       __imp__GetCurrentThreadId@0 10010070     kernel32:KERNEL32.dll
 0002:00000074       __imp__TlsSetValue@8       10010074     kernel32:KERNEL32.dll
 0002:00000078       __imp__TlsAlloc@0          10010078     kernel32:KERNEL32.dll
 0002:0000007c       __imp__TlsFree@4           1001007c     kernel32:KERNEL32.dll
 0002:00000080       __imp__SetLastError@4      10010080     kernel32:KERNEL32.dll
 0002:00000084       __imp__TlsGetValue@4       10010084     kernel32:KERNEL32.dll
 0002:00000088       __imp__GetCurrentThread@0  10010088     kernel32:KERNEL32.dll
 0002:0000008c       __imp__GetProcAddress@8    1001008c     kernel32:KERNEL32.dll
 0002:00000090       __imp__GetModuleHandleA@4  10010090     kernel32:KERNEL32.dll
 0002:00000094       __imp__ExitProcess@4       10010094     kernel32:KERNEL32.dll
 0002:00000098       __imp__TerminateProcess@8  10010098     kernel32:KERNEL32.dll
 0002:0000009c       __imp__GetCurrentProcess@0 1001009c     kernel32:KERNEL32.dll
 0002:000000a0       __imp__SetHandleCount@4    100100a0     kernel32:KERNEL32.dll
 0002:000000a4       __imp__GetStdHandle@4      100100a4     kernel32:KERNEL32.dll
 0002:000000a8       __imp__GetFileType@4       100100a8     kernel32:KERNEL32.dll
 0002:000000ac       __imp__GetStartupInfoA@4   100100ac     kernel32:KERNEL32.dll
 0002:000000b0       __imp__DeleteCriticalSection@4 100100b0     kernel32:KERNEL32.dll
 0002:000000b4       __imp__GetModuleFileNameA@12 100100b4     kernel32:KERNEL32.dll
 0002:000000b8       __imp__FreeEnvironmentStringsA@4 100100b8     kernel32:KERNEL32.dll
 0002:000000bc       __imp__FreeEnvironmentStringsW@4 100100bc     kernel32:KERNEL32.dll
 0002:000000c0       __imp__WideCharToMultiByte@32 100100c0     kernel32:KERNEL32.dll
 0002:000000c4       __imp__GetEnvironmentStrings@0 100100c4     kernel32:KERNEL32.dll
 0002:000000c8       __imp__GetEnvironmentStringsW@0 100100c8     kernel32:KERNEL32.dll
 0002:000000cc       __imp__GetEnvironmentVariableA@12 100100cc     kernel32:KERNEL32.dll
 0002:000000d0       __imp__GetVersionExA@4     100100d0     kernel32:KERNEL32.dll
 0002:000000d4       __imp__HeapDestroy@4       100100d4     kernel32:KERNEL32.dll
 0002:000000d8       __imp__HeapCreate@12       100100d8     kernel32:KERNEL32.dll
 0002:000000dc       __imp__VirtualFree@12      100100dc     kernel32:KERNEL32.dll
 0002:000000e0       __imp__HeapFree@12         100100e0     kernel32:KERNEL32.dll
 0002:000000e4       __imp__WriteFile@20        100100e4     kernel32:KERNEL32.dll
 0002:000000e8       __imp__SetFilePointer@16   100100e8     kernel32:KERNEL32.dll
 0002:000000ec       __imp__EnterCriticalSection@4 100100ec     kernel32:KERNEL32.dll
 0002:000000f0       __imp__LeaveCriticalSection@4 100100f0     kernel32:KERNEL32.dll
 0002:000000f4       __imp__HeapAlloc@12        100100f4     kernel32:KERNEL32.dll
 0002:000000f8       __imp__InterlockedDecrement@4 100100f8     kernel32:KERNEL32.dll
 0002:000000fc       __imp__InterlockedIncrement@4 100100fc     kernel32:KERNEL32.dll
 0002:00000100       __imp__InitializeCriticalSection@4 10010100     kernel32:KERNEL32.dll
 0002:00000104       __imp__FatalAppExitA@8     10010104     kernel32:KERNEL32.dll
 0002:00000108       __imp__UnhandledExceptionFilter@4 10010108     kernel32:KERNEL32.dll
 0002:0000010c       __imp__GetCPInfo@8         1001010c     kernel32:KERNEL32.dll
 0002:00000110       __imp__GetACP@0            10010110     kernel32:KERNEL32.dll
 0002:00000114       __imp__GetOEMCP@0          10010114     kernel32:KERNEL32.dll
 0002:00000118       __imp__VirtualAlloc@16     10010118     kernel32:KERNEL32.dll
 0002:0000011c       __imp__HeapReAlloc@16      1001011c     kernel32:KERNEL32.dll
 0002:00000120       __imp__IsBadWritePtr@8     10010120     kernel32:KERNEL32.dll
 0002:00000124       __imp__LoadLibraryA@4      10010124     kernel32:KERNEL32.dll
 0002:00000128       __imp__SetStdHandle@8      10010128     kernel32:KERNEL32.dll
 0002:0000012c       __imp__RtlUnwind@16        1001012c     kernel32:KERNEL32.dll
 0002:00000130       __imp__SetConsoleCtrlHandler@8 10010130     kernel32:KERNEL32.dll
 0002:00000134       __imp__CreateFileA@28      10010134     kernel32:KERNEL32.dll
 0002:00000138       \177KERNEL32_NULL_THUNK_DATA 10010138     kernel32:KERNEL32.dll
 0002:0000013c       __imp__timeGetTime@0       1001013c     winmm:WINMM.dll
 0002:00000140       __imp__timeBeginPeriod@4   10010140     winmm:WINMM.dll
 0002:00000144       __imp__timeEndPeriod@4     10010144     winmm:WINMM.dll
 0002:00000148       \177WINMM_NULL_THUNK_DATA  10010148     winmm:WINMM.dll
 0002:0000014c       __imp__ioctlsocket@12      1001014c     ws2_32:WS2_32.dll
 0002:00000150       __imp__recvfrom@24         10010150     ws2_32:WS2_32.dll
 0002:00000154       __imp__WSAStartup@8        10010154     ws2_32:WS2_32.dll
 0002:00000158       __imp__socket@12           10010158     ws2_32:WS2_32.dll
 0002:0000015c       __imp__WSACleanup@0        1001015c     ws2_32:WS2_32.dll
 0002:00000160       __imp__closesocket@4       10010160     ws2_32:WS2_32.dll
 0002:00000164       __imp__setsockopt@20       10010164     ws2_32:WS2_32.dll
 0002:00000168       __imp__htonl@4             10010168     ws2_32:WS2_32.dll
 0002:0000016c       __imp__htons@4             1001016c     ws2_32:WS2_32.dll
 0002:00000170       __imp__bind@12             10010170     ws2_32:WS2_32.dll
 0002:00000174       __imp__ntohl@4             10010174     ws2_32:WS2_32.dll
 0002:00000178       __imp__sendto@24           10010178     ws2_32:WS2_32.dll
 0002:0000017c       __imp__WSAGetLastError@0   1001017c     ws2_32:WS2_32.dll
 0002:00000180       \177WS2_32_NULL_THUNK_DATA 10010180     ws2_32:WS2_32.dll
 0002:000001ac       __real@4@4003c800000000000000 100101ac     BandTest.obj
 0002:000001b0       __real@4@bfff8000000000000000 100101b0     BandTest.obj
 0002:000001b4       __real@4@400b8700000000000000 100101b4     BandTest.obj
 0002:000001b8       __real@4@4008fa00000000000000 100101b8     BandTest.obj
 0002:000001c0       __real@8@00000000000000000000 100101c0     BandTest.obj
 0002:000001c8       __real@4@401283d6000000000000 100101c8     BandTest.obj
 0002:000001cc       __real@4@4001a000000000000000 100101cc     BandTest.obj
 0002:000001d0       __real@4@401b8000000000000000 100101d0     BandTest.obj
 0002:000001d4       __real@4@00000000000000000000 100101d4     BandTest.obj
 0002:000001d8       __real@4@3ffe8000000000000000 100101d8     BandTest.obj
 0002:000001dc       __real@4@4003f000000000000000 100101dc     BandTest.obj
 0002:000001e0       __real@4@3ffdb333330000000000 100101e0     BandTest.obj
 0002:000001e4       __real@4@4005c800000000000000 100101e4     BandTest.obj
 0002:000001e8       __real@4@3ffd8000000000000000 100101e8     BandTest.obj
 0002:000001ec       ___lookuptable             100101ec     LIBCMT:output.obj
 0002:00000248       ??_C@_1O@POHA@?$AA?$CI?$AAn?$AAu?$AAl?$AAl?$AA?$CJ?$AA?$AA@ 10010248     LIBCMT:output.obj
 0002:00000258       ??_C@_06ONKE@?$CInull?$CJ?$AA@ 10010258     LIBCMT:output.obj
 0002:00000260       __real@8@3fff8000000000000000 10010260     LIBCMT:testfdiv.obj
 0002:00000268       __real@8@4015800bf60000000000 10010268     LIBCMT:testfdiv.obj
 0002:00000270       __real@8@4014bffffc0000000000 10010270     LIBCMT:testfdiv.obj
 0002:00000278       ??_C@_0BK@JEGK@IsProcessorFeaturePresent?$AA@ 10010278     LIBCMT:testfdiv.obj
 0002:00000294       ??_C@_08OBID@KERNEL32?$AA@ 10010294     LIBCMT:testfdiv.obj
 0002:000002a0       ??_C@_05OFLO@e?$CL000?$AA@ 100102a0     LIBCMT:cvt.obj
 0002:000002a8       ??_C@_0BH@PHHF@__GLOBAL_HEAP_SELECTED?$AA@ 100102a8     LIBCMT:heapinit.obj
 0002:000002c0       ??_C@_0BF@BBGL@__MSVCRT_HEAP_SELECT?$AA@ 100102c0     LIBCMT:heapinit.obj
 0002:000002d8       ??_C@_0P@GGKG@runtime?5error?5?$AA@ 100102d8     LIBCMT:crt0msg.obj
 0002:000002e8       ??_C@_02PIMC@?$AN?6?$AA@   100102e8     LIBCMT:crt0msg.obj
 0002:000002ec       ??_C@_0O@DELO@TLOSS?5error?$AN?6?$AA@ 100102ec     LIBCMT:crt0msg.obj
 0002:000002fc       ??_C@_0N@OMLL@SING?5error?$AN?6?$AA@ 100102fc     LIBCMT:crt0msg.obj
 0002:0000030c       ??_C@_0P@OJAK@DOMAIN?5error?$AN?6?$AA@ 1001030c     LIBCMT:crt0msg.obj
 0002:0000031c       ??_C@_0CF@EANP@R6028?$AN?6?9?5unable?5to?5initialize?5he@ 1001031c     LIBCMT:crt0msg.obj
 0002:00000344       ??_C@_0DF@ECGN@R6027?$AN?6?9?5not?5enough?5space?5for?5lo@ 10010344     LIBCMT:crt0msg.obj
 0002:0000037c       ??_C@_0DF@FKAC@R6026?$AN?6?9?5not?5enough?5space?5for?5st@ 1001037c     LIBCMT:crt0msg.obj
 0002:000003b4       ??_C@_0CG@DPMN@R6025?$AN?6?9?5pure?5virtual?5function?5c@ 100103b4     LIBCMT:crt0msg.obj
 0002:000003dc       ??_C@_0DF@CKIP@R6024?$AN?6?9?5not?5enough?5space?5for?5_o@ 100103dc     LIBCMT:crt0msg.obj
 0002:00000414       ??_C@_0CJ@GGOE@R6019?$AN?6?9?5unable?5to?5open?5console?5@ 10010414     LIBCMT:crt0msg.obj
 0002:00000440       ??_C@_0CB@LBOB@R6018?$AN?6?9?5unexpected?5heap?5error?$AN?6@ 10010440     LIBCMT:crt0msg.obj
 0002:00000464       ??_C@_0CN@FPEG@R6017?$AN?6?9?5unexpected?5multithread?5@ 10010464     LIBCMT:crt0msg.obj
 0002:00000494       ??_C@_0CM@OBIC@R6016?$AN?6?9?5not?5enough?5space?5for?5th@ 10010494     LIBCMT:crt0msg.obj
 0002:000004c0       ??_C@_0CB@HPAL@?$AN?6abnormal?5program?5termination?$AN?6@ 100104c0     LIBCMT:crt0msg.obj
 0002:000004e4       ??_C@_0CM@JOOB@R6009?$AN?6?9?5not?5enough?5space?5for?5en@ 100104e4     LIBCMT:crt0msg.obj
 0002:00000510       ??_C@_0CK@OIBL@R6008?$AN?6?9?5not?5enough?5space?5for?5ar@ 10010510     LIBCMT:crt0msg.obj
 0002:0000053c       ??_C@_0CF@LKPB@R6002?$AN?6?9?5floating?5point?5not?5load@ 1001053c     LIBCMT:crt0msg.obj
 0002:00000564       ??_C@_0CF@JPDF@Microsoft?5Visual?5C?$CL?$CL?5Runtime?5Lib@ 10010564     LIBCMT:crt0msg.obj
 0002:0000058c       ??_C@_02JJJH@?6?6?$AA@     1001058c     LIBCMT:crt0msg.obj
 0002:00000590       ??_C@_0BK@DEOK@Runtime?5Error?$CB?6?6Program?3?5?$AA@ 10010590     LIBCMT:crt0msg.obj
 0002:000005ac       ??_C@_03NAME@?4?4?4?$AA@   100105ac     LIBCMT:crt0msg.obj
 0002:000005b0       ??_C@_0BH@NNCD@?$DMprogram?5name?5unknown?$DO?$AA@ 100105b0     LIBCMT:crt0msg.obj
 0002:00000610       ??_C@_0BD@NJFP@GetLastActivePopup?$AA@ 10010610     LIBCMT:crtmbox.obj
 0002:00000624       ??_C@_0BA@GILI@GetActiveWindow?$AA@ 10010624     LIBCMT:crtmbox.obj
 0002:00000634       ??_C@_0M@PKCK@MessageBoxA?$AA@ 10010634     LIBCMT:crtmbox.obj
 0002:00000640       ??_C@_0L@HKL@user32?4dll?$AA@ 10010640     LIBCMT:crtmbox.obj
 0002:0000064c       ??_C@_07PCLE@LC_TIME?$AA@  1001064c     LIBCMT:setlocal.obj
 0002:00000654       ??_C@_0L@NKG@LC_NUMERIC?$AA@ 10010654     LIBCMT:setlocal.obj
 0002:00000660       ??_C@_0M@CBIH@LC_MONETARY?$AA@ 10010660     LIBCMT:setlocal.obj
 0002:0000066c       ??_C@_08LFGE@LC_CTYPE?$AA@ 1001066c     LIBCMT:setlocal.obj
 0002:00000678       ??_C@_0L@CFLC@LC_COLLATE?$AA@ 10010678     LIBCMT:setlocal.obj
 0002:00000684       ??_C@_06GCPK@LC_ALL?$AA@   10010684     LIBCMT:setlocal.obj
 0002:0000068c       ??_C@_01FAJB@?$DL?$AA@     1001068c     LIBCMT:setlocal.obj
 0002:00000690       ??_C@_02BGDO@?$DN?$DL?$AA@ 10010690     LIBCMT:setlocal.obj
 0002:00000694       ??_C@_01KPOD@?$DN?$AA@     10010694     LIBCMT:setlocal.obj
 0002:00000698       ??_C@_03DBOJ@_?4?0?$AA@    10010698     LIBCMT:setlocal.obj
 0002:0000069c       ??_C@_01PJCK@?4?$AA@       1001069c     LIBCMT:setlocal.obj
 0002:000006a0       ??_C@_01NON@_?$AA@         100106a0     LIBCMT:setlocal.obj
 0002:000006a4       ??_C@_01A@?$AA?$AA@        100106a4     LIBCMT:a_str.obj
 0002:000006a8       ??_C@_13A@?$AA?$AA?$AA?$AA@ 100106a8     LIBCMT:a_str.obj
 0002:000006d8       ??_C@_06PAPI@1?$CDQNAN?$AA@ 100106d8     LIBCMT:x10fout.obj
 0002:000006e0       ??_C@_05BGNL@1?$CDINF?$AA@ 100106e0     LIBCMT:x10fout.obj
 0002:000006e8       ??_C@_05EDPF@1?$CDIND?$AA@ 100106e8     LIBCMT:x10fout.obj
 0002:000006f0       ??_C@_06LKFM@1?$CDSNAN?$AA@ 100106f0     LIBCMT:x10fout.obj
 0002:000006f8       ??_C@_08OBJD@Paraguay?$AA@ 100106f8     LIBCMT:getqloc.obj
 0002:00000704       ??_C@_07GLKH@Uruguay?$AA@  10010704     LIBCMT:getqloc.obj
 0002:0000070c       ??_C@_05FPFC@Chile?$AA@    1001070c     LIBCMT:getqloc.obj
 0002:00000714       ??_C@_07IIGF@Ecuador?$AA@  10010714     LIBCMT:getqloc.obj
 0002:0000071c       ??_C@_09PKAL@Argentina?$AA@ 1001071c     LIBCMT:getqloc.obj
 0002:00000728       ??_C@_04LKAH@Peru?$AA@     10010728     LIBCMT:getqloc.obj
 0002:00000730       ??_C@_08NEEM@Colombia?$AA@ 10010730     LIBCMT:getqloc.obj
 0002:0000073c       ??_C@_09ODEB@Venezuela?$AA@ 1001073c     LIBCMT:getqloc.obj
 0002:00000748       ??_C@_0BD@CLEL@Dominican?5Republic?$AA@ 10010748     LIBCMT:getqloc.obj
 0002:0000075c       ??_C@_0N@MDGL@South?5Africa?$AA@ 1001075c     LIBCMT:getqloc.obj
 0002:0000076c       ??_C@_06NKBG@Panama?$AA@   1001076c     LIBCMT:getqloc.obj
 0002:00000774       ??_C@_0L@BMHO@Luxembourg?$AA@ 10010774     LIBCMT:getqloc.obj
 0002:00000780       ??_C@_0L@IMDK@Costa?5Rica?$AA@ 10010780     LIBCMT:getqloc.obj
 0002:0000078c       ??_C@_0M@BLJF@Switzerland?$AA@ 1001078c     LIBCMT:getqloc.obj
 0002:00000798       ??_C@_09KBOL@Guatemala?$AA@ 10010798     LIBCMT:getqloc.obj
 0002:000007a4       ??_C@_06JNAK@Canada?$AA@   100107a4     LIBCMT:getqloc.obj
 0002:000007ac       ??_C@_0BG@OLLP@Spanish?5?9?5Modern?5Sort?$AA@ 100107ac     LIBCMT:getqloc.obj
 0002:000007c4       ??_C@_09IDKE@Australia?$AA@ 100107c4     LIBCMT:getqloc.obj
 0002:000007d0       ??_C@_07JJJJ@English?$AA@  100107d0     LIBCMT:getqloc.obj
 0002:000007d8       ??_C@_07NMDO@Austria?$AA@  100107d8     LIBCMT:getqloc.obj
 0002:000007e0       ??_C@_06DEFE@German?$AA@   100107e0     LIBCMT:getqloc.obj
 0002:000007e8       ??_C@_07JAIH@Belgium?$AA@  100107e8     LIBCMT:getqloc.obj
 0002:000007f0       ??_C@_06BNLJ@Mexico?$AA@   100107f0     LIBCMT:getqloc.obj
 0002:000007f8       ??_C@_07JHAG@Spanish?$AA@  100107f8     LIBCMT:getqloc.obj
 0002:00000800       ??_C@_06DADE@Basque?$AA@   10010800     LIBCMT:getqloc.obj
 0002:00000808       ??_C@_06ENFP@Sweden?$AA@   10010808     LIBCMT:getqloc.obj
 0002:00000810       ??_C@_07JPMH@Swedish?$AA@  10010810     LIBCMT:getqloc.obj
 0002:00000818       ??_C@_07IEKF@Iceland?$AA@  10010818     LIBCMT:getqloc.obj
 0002:00000820       ??_C@_09KNEA@Icelandic?$AA@ 10010820     LIBCMT:getqloc.obj
 0002:0000082c       ??_C@_06IJOD@France?$AA@   1001082c     LIBCMT:getqloc.obj
 0002:00000834       ??_C@_06EINI@French?$AA@   10010834     LIBCMT:getqloc.obj
 0002:0000083c       ??_C@_07FOOE@Finland?$AA@  1001083c     LIBCMT:getqloc.obj
 0002:00000844       ??_C@_07OJOM@Finnish?$AA@  10010844     LIBCMT:getqloc.obj
 0002:0000084c       ??_C@_05FFAC@Spain?$AA@    1001084c     LIBCMT:getqloc.obj
 0002:00000854       ??_C@_0BL@BIHM@Spanish?5?9?5Traditional?5Sort?$AA@ 10010854     LIBCMT:getqloc.obj
 0002:00000870       ??_C@_0O@GLHB@united?9states?$AA@ 10010870     LIBCMT:getqloc.obj
 0002:00000880       ??_C@_0P@IIKK@united?9kingdom?$AA@ 10010880     LIBCMT:getqloc.obj
 0002:00000890       ??_C@_0BC@FHBO@trinidad?5?$CG?5tobago?$AA@ 10010890     LIBCMT:getqloc.obj
 0002:000008a4       ??_C@_0M@BDFM@south?9korea?$AA@ 100108a4     LIBCMT:getqloc.obj
 0002:000008b0       ??_C@_0N@CKFA@south?9africa?$AA@ 100108b0     LIBCMT:getqloc.obj
 0002:000008c0       ??_C@_0M@HNHN@south?5korea?$AA@ 100108c0     LIBCMT:getqloc.obj
 0002:000008cc       ??_C@_0N@MKDO@south?5africa?$AA@ 100108cc     LIBCMT:getqloc.obj
 0002:000008dc       ??_C@_06KFFJ@slovak?$AA@   100108dc     LIBCMT:getqloc.obj
 0002:000008e4       ??_C@_0M@NMAC@puerto?9rico?$AA@ 100108e4     LIBCMT:getqloc.obj
 0002:000008f0       ??_C@_08EJOH@pr?9china?$AA@ 100108f0     LIBCMT:getqloc.obj
 0002:000008fc       ??_C@_08CHMG@pr?5china?$AA@ 100108fc     LIBCMT:getqloc.obj
 0002:00000908       ??_C@_02OCJK@nz?$AA@       10010908     LIBCMT:getqloc.obj
 0002:0000090c       ??_C@_0M@MMKA@new?9zealand?$AA@ 1001090c     LIBCMT:getqloc.obj
 0002:00000918       ??_C@_09MGEH@hong?9kong?$AA@ 10010918     LIBCMT:getqloc.obj
 0002:00000924       ??_C@_07CCAK@holland?$AA@  10010924     LIBCMT:getqloc.obj
 0002:0000092c       ??_C@_0O@MEPL@great?5britain?$AA@ 1001092c     LIBCMT:getqloc.obj
 0002:0000093c       ??_C@_07LGIB@england?$AA@  1001093c     LIBCMT:getqloc.obj
 0002:00000944       ??_C@_05BMOA@czech?$AA@    10010944     LIBCMT:getqloc.obj
 0002:0000094c       ??_C@_05NMPB@china?$AA@    1001094c     LIBCMT:getqloc.obj
 0002:00000954       ??_C@_07GN@britain?$AA@    10010954     LIBCMT:getqloc.obj
 0002:0000095c       ??_C@_07DLAK@america?$AA@  1001095c     LIBCMT:getqloc.obj
 0002:00000964       ??_C@_03IPEP@usa?$AA@      10010964     LIBCMT:getqloc.obj
 0002:00000968       ??_C@_02PILH@us?$AA@       10010968     LIBCMT:getqloc.obj
 0002:0000096c       ??_C@_02FHP@uk?$AA@        1001096c     LIBCMT:getqloc.obj
 0002:00000970       ??_C@_05DEAI@swiss?$AA@    10010970     LIBCMT:getqloc.obj
 0002:00000978       ??_C@_0BA@LIAF@swedish?9finland?$AA@ 10010978     LIBCMT:getqloc.obj
 0002:00000988       ??_C@_0BC@FMEG@spanish?9venezuela?$AA@ 10010988     LIBCMT:getqloc.obj
 0002:0000099c       ??_C@_0BA@BNMG@spanish?9uruguay?$AA@ 1001099c     LIBCMT:getqloc.obj
 0002:000009ac       ??_C@_0BE@BKDJ@spanish?9puerto?5rico?$AA@ 100109ac     LIBCMT:getqloc.obj
 0002:000009c0       ??_C@_0N@JIBL@spanish?9peru?$AA@ 100109c0     LIBCMT:getqloc.obj
 0002:000009d0       ??_C@_0BB@OGOF@spanish?9paraguay?$AA@ 100109d0     LIBCMT:getqloc.obj
 0002:000009e4       ??_C@_0P@LLFA@spanish?9panama?$AA@ 100109e4     LIBCMT:getqloc.obj
 0002:000009f4       ??_C@_0BC@BBJM@spanish?9nicaragua?$AA@ 100109f4     LIBCMT:getqloc.obj
 0002:00000a08       ??_C@_0P@NJBN@spanish?9modern?$AA@ 10010a08     LIBCMT:getqloc.obj
 0002:00000a18       ??_C@_0BA@NHDN@spanish?9mexican?$AA@ 10010a18     LIBCMT:getqloc.obj
 0002:00000a28       ??_C@_0BB@JHOJ@spanish?9honduras?$AA@ 10010a28     LIBCMT:getqloc.obj
 0002:00000a3c       ??_C@_0BC@BOOM@spanish?9guatemala?$AA@ 10010a3c     LIBCMT:getqloc.obj
 0002:00000a50       ??_C@_0BE@EELI@spanish?9el?5salvador?$AA@ 10010a50     LIBCMT:getqloc.obj
 0002:00000a64       ??_C@_0BA@POAE@spanish?9ecuador?$AA@ 10010a64     LIBCMT:getqloc.obj
 0002:00000a74       ??_C@_0BL@LDKN@spanish?9dominican?5republic?$AA@ 10010a74     LIBCMT:getqloc.obj
 0002:00000a90       ??_C@_0BD@HPMH@spanish?9costa?5rica?$AA@ 10010a90     LIBCMT:getqloc.obj
 0002:00000aa4       ??_C@_0BB@NDDK@spanish?9colombia?$AA@ 10010aa4     LIBCMT:getqloc.obj
 0002:00000ab8       ??_C@_0O@BJHA@spanish?9chile?$AA@ 10010ab8     LIBCMT:getqloc.obj
 0002:00000ac8       ??_C@_0BA@OBNG@spanish?9bolivia?$AA@ 10010ac8     LIBCMT:getqloc.obj
 0002:00000ad8       ??_C@_0BC@EFAM@spanish?9argentina?$AA@ 10010ad8     LIBCMT:getqloc.obj
 0002:00000aec       ??_C@_0BF@KMMM@portuguese?9brazilian?$AA@ 10010aec     LIBCMT:getqloc.obj
 0002:00000b04       ??_C@_0BC@BAAE@norwegian?9nynorsk?$AA@ 10010b04     LIBCMT:getqloc.obj
 0002:00000b18       ??_C@_0BB@PBHK@norwegian?9bokmal?$AA@ 10010b18     LIBCMT:getqloc.obj
 0002:00000b2c       ??_C@_09EHKL@norwegian?$AA@ 10010b2c     LIBCMT:getqloc.obj
 0002:00000b38       ??_C@_0O@BEAN@italian?9swiss?$AA@ 10010b38     LIBCMT:getqloc.obj
 0002:00000b48       ??_C@_0O@OIFK@irish?9english?$AA@ 10010b48     LIBCMT:getqloc.obj
 0002:00000b58       ??_C@_0N@NBPL@german?9swiss?$AA@ 10010b58     LIBCMT:getqloc.obj
 0002:00000b68       ??_C@_0BC@ICFJ@german?9luxembourg?$AA@ 10010b68     LIBCMT:getqloc.obj
 0002:00000b7c       ??_C@_0BE@GGPC@german?9lichtenstein?$AA@ 10010b7c     LIBCMT:getqloc.obj
 0002:00000b90       ??_C@_0BA@MKDC@german?9austrian?$AA@ 10010b90     LIBCMT:getqloc.obj
 0002:00000ba0       ??_C@_0N@ODNB@french?9swiss?$AA@ 10010ba0     LIBCMT:getqloc.obj
 0002:00000bb0       ??_C@_0BC@MGCM@french?9luxembourg?$AA@ 10010bb0     LIBCMT:getqloc.obj
 0002:00000bc4       ??_C@_0BA@NABK@french?9canadian?$AA@ 10010bc4     LIBCMT:getqloc.obj
 0002:00000bd4       ??_C@_0P@CJNO@french?9belgian?$AA@ 10010bd4     LIBCMT:getqloc.obj
 0002:00000be4       ??_C@_0M@LJOL@english?9usa?$AA@ 10010be4     LIBCMT:getqloc.obj
 0002:00000bf0       ??_C@_0L@FMNC@english?9us?$AA@ 10010bf0     LIBCMT:getqloc.obj
 0002:00000bfc       ??_C@_0L@KBBK@english?9uk?$AA@ 10010bfc     LIBCMT:getqloc.obj
 0002:00000c08       ??_C@_0BK@NDDE@english?9trinidad?5y?5tobago?$AA@ 10010c08     LIBCMT:getqloc.obj
 0002:00000c24       ??_C@_0BF@LKML@english?9south?5africa?$AA@ 10010c24     LIBCMT:getqloc.obj
 0002:00000c3c       ??_C@_0L@EGPP@english?9nz?$AA@ 10010c3c     LIBCMT:getqloc.obj
 0002:00000c48       ??_C@_0BA@HLH@english?9jamaica?$AA@ 10010c48     LIBCMT:getqloc.obj
 0002:00000c58       ??_C@_0M@PMJI@english?9ire?$AA@ 10010c58     LIBCMT:getqloc.obj
 0002:00000c64       ??_C@_0BC@HINE@english?9caribbean?$AA@ 10010c64     LIBCMT:getqloc.obj
 0002:00000c78       ??_C@_0M@DCFH@english?9can?$AA@ 10010c78     LIBCMT:getqloc.obj
 0002:00000c84       ??_C@_0P@DGHK@english?9belize?$AA@ 10010c84     LIBCMT:getqloc.obj
 0002:00000c94       ??_C@_0M@FLHK@english?9aus?$AA@ 10010c94     LIBCMT:getqloc.obj
 0002:00000ca0       ??_C@_0BB@HNCK@english?9american?$AA@ 10010ca0     LIBCMT:getqloc.obj
 0002:00000cb4       ??_C@_0O@PAMI@dutch?9belgian?$AA@ 10010cb4     LIBCMT:getqloc.obj
 0002:00000cc4       ??_C@_0BE@FPEJ@chinese?9traditional?$AA@ 10010cc4     LIBCMT:getqloc.obj
 0002:00000cd8       ??_C@_0BC@CHFL@chinese?9singapore?$AA@ 10010cd8     LIBCMT:getqloc.obj
 0002:00000cec       ??_C@_0BD@DCMH@chinese?9simplified?$AA@ 10010cec     LIBCMT:getqloc.obj
 0002:00000d00       ??_C@_0BB@JMOE@chinese?9hongkong?$AA@ 10010d00     LIBCMT:getqloc.obj
 0002:00000d14       ??_C@_07NGFN@chinese?$AA@  10010d14     LIBCMT:getqloc.obj
 0002:00000d1c       ??_C@_03PCOI@chi?$AA@      10010d1c     LIBCMT:getqloc.obj
 0002:00000d20       ??_C@_03FIHP@chh?$AA@      10010d20     LIBCMT:getqloc.obj
 0002:00000d24       ??_C@_08HFLO@canadian?$AA@ 10010d24     LIBCMT:getqloc.obj
 0002:00000d30       ??_C@_07INIJ@belgian?$AA@  10010d30     LIBCMT:getqloc.obj
 0002:00000d38       ??_C@_0L@LCCA@australian?$AA@ 10010d38     LIBCMT:getqloc.obj
 0002:00000d44       ??_C@_0BB@BJIO@american?9english?$AA@ 10010d44     LIBCMT:getqloc.obj
 0002:00000d58       ??_C@_0BB@DAGO@american?5english?$AA@ 10010d58     LIBCMT:getqloc.obj
 0002:00000d6c       ??_C@_08HENB@american?$AA@ 10010d6c     LIBCMT:getqloc.obj
 0002:00000d78       ??_C@_03DGJE@OCP?$AA@      10010d78     LIBCMT:getqloc.obj
 0002:00000d7c       ??_C@_03EKFG@ACP?$AA@      10010d7c     LIBCMT:getqloc.obj
 0002:00000d80       ??_C@_07CJME@H?3mm?3ss?$AA@ 10010d80     LIBCMT:strftime.obj
 0002:00000d88       ??_C@_0BE@MHI@dddd?0?5MMMM?5dd?0?5yyyy?$AA@ 10010d88     LIBCMT:strftime.obj
 0002:00000d9c       ??_C@_06HCAD@M?1d?1yy?$AA@ 10010d9c     LIBCMT:strftime.obj
 0002:00000da4       ??_C@_02DBLP@PM?$AA@       10010da4     LIBCMT:strftime.obj
 0002:00000da8       ??_C@_02ENLM@AM?$AA@       10010da8     LIBCMT:strftime.obj
 0002:00000dac       ??_C@_08LIDF@December?$AA@ 10010dac     LIBCMT:strftime.obj
 0002:00000db8       ??_C@_08NJLI@November?$AA@ 10010db8     LIBCMT:strftime.obj
 0002:00000dc4       ??_C@_07IAMM@October?$AA@  10010dc4     LIBCMT:strftime.obj
 0002:00000dcc       ??_C@_09MKGD@September?$AA@ 10010dcc     LIBCMT:strftime.obj
 0002:00000dd8       ??_C@_06PADP@August?$AA@   10010dd8     LIBCMT:strftime.obj
 0002:00000de0       ??_C@_04PIJO@July?$AA@     10010de0     LIBCMT:strftime.obj
 0002:00000de8       ??_C@_04ICFP@June?$AA@     10010de8     LIBCMT:strftime.obj
 0002:00000df0       ??_C@_05JFGC@April?$AA@    10010df0     LIBCMT:strftime.obj
 0002:00000df8       ??_C@_05FGPD@March?$AA@    10010df8     LIBCMT:strftime.obj
 0002:00000e00       ??_C@_08PGBA@February?$AA@ 10010e00     LIBCMT:strftime.obj
 0002:00000e0c       ??_C@_07BPKJ@January?$AA@  10010e0c     LIBCMT:strftime.obj
 0002:00000e14       ??_C@_03PGJO@Dec?$AA@      10010e14     LIBCMT:strftime.obj
 0002:00000e18       ??_C@_03PDLM@Nov?$AA@      10010e18     LIBCMT:strftime.obj
 0002:00000e1c       ??_C@_03BLHK@Oct?$AA@      10010e1c     LIBCMT:strftime.obj
 0002:00000e20       ??_C@_03DPFM@Sep?$AA@      10010e20     LIBCMT:strftime.obj
 0002:00000e24       ??_C@_03CMCH@Aug?$AA@      10010e24     LIBCMT:strftime.obj
 0002:00000e28       ??_C@_03OBKI@Jul?$AA@      10010e28     LIBCMT:strftime.obj
 0002:00000e2c       ??_C@_03LEIG@Jun?$AA@      10010e2c     LIBCMT:strftime.obj
 0002:00000e30       ??_C@_03MGHB@May?$AA@      10010e30     LIBCMT:strftime.obj
 0002:00000e34       ??_C@_03MJJM@Apr?$AA@      10010e34     LIBCMT:strftime.obj
 0002:00000e38       ??_C@_03GNHA@Mar?$AA@      10010e38     LIBCMT:strftime.obj
 0002:00000e3c       ??_C@_03PICE@Feb?$AA@      10010e3c     LIBCMT:strftime.obj
 0002:00000e40       ??_C@_03IEIF@Jan?$AA@      10010e40     LIBCMT:strftime.obj
 0002:00000e44       ??_C@_08FAKH@Saturday?$AA@ 10010e44     LIBCMT:strftime.obj
 0002:00000e50       ??_C@_06ONCK@Friday?$AA@   10010e50     LIBCMT:strftime.obj
 0002:00000e58       ??_C@_08CCFO@Thursday?$AA@ 10010e58     LIBCMT:strftime.obj
 0002:00000e64       ??_C@_09PBIN@Wednesday?$AA@ 10010e64     LIBCMT:strftime.obj
 0002:00000e70       ??_C@_07BMBC@Tuesday?$AA@  10010e70     LIBCMT:strftime.obj
 0002:00000e78       ??_C@_06CHLK@Monday?$AA@   10010e78     LIBCMT:strftime.obj
 0002:00000e80       ??_C@_06OOEM@Sunday?$AA@   10010e80     LIBCMT:strftime.obj
 0002:00000e88       ??_C@_03MPKK@Sat?$AA@      10010e88     LIBCMT:strftime.obj
 0002:00000e8c       ??_C@_03FINJ@Fri?$AA@      10010e8c     LIBCMT:strftime.obj
 0002:00000e90       ??_C@_03HIKC@Thu?$AA@      10010e90     LIBCMT:strftime.obj
 0002:00000e94       ??_C@_03HECK@Wed?$AA@      10010e94     LIBCMT:strftime.obj
 0002:00000e98       ??_C@_03ECCP@Tue?$AA@      10010e98     LIBCMT:strftime.obj
 0002:00000e9c       ??_C@_03PIEP@Mon?$AA@      10010e9c     LIBCMT:strftime.obj
 0002:00000ea0       ??_C@_03FHEP@Sun?$AA@      10010ea0     LIBCMT:strftime.obj
 0002:00000ea4       ??_C@_03MKGK@a?1p?$AA@     10010ea4     LIBCMT:strftime.obj
 0002:00000ea8       ??_C@_05BDJK@am?1pm?$AA@   10010ea8     LIBCMT:strftime.obj
 0002:00000ec8       ___dnames                  10010ec8     LIBCMT:timeset.obj
 0002:00000ee0       ___mnames                  10010ee0     LIBCMT:timeset.obj
 0002:00000f08       ??_C@_02JHIA@TZ?$AA@       10010f08     LIBCMT:tzset.obj
 0002:00000f60       ??_C@_06MICP@CONIN$?$AA@   10010f60     LIBCMT:initcon.obj
 0002:00000f68       ??_C@_07GLCC@CONOUT$?$AA@  10010f68     LIBCMT:initcon.obj
 0002:00000f70       __IMPORT_DESCRIPTOR_KERNEL32 10010f70     kernel32:KERNEL32.dll
 0002:00000f84       __IMPORT_DESCRIPTOR_ADVAPI32 10010f84     advapi32:ADVAPI32.dll
 0002:00000f98       __IMPORT_DESCRIPTOR_WS2_32 10010f98     ws2_32:WS2_32.dll
 0002:00000fac       __IMPORT_DESCRIPTOR_WINMM  10010fac     winmm:WINMM.dll
 0002:00000fc0       __NULL_IMPORT_DESCRIPTOR   10010fc0     kernel32:KERNEL32.dll
 0003:00000000       ___xc_a                    10012000     LIBCMT:crt0init.obj
 0003:00000004       ___xc_z                    10012004     LIBCMT:crt0init.obj
 0003:00000008       ___xi_a                    10012008     LIBCMT:crt0init.obj
 0003:00000014       ___xi_z                    10012014     LIBCMT:crt0init.obj
 0003:00000018       ___xp_a                    10012018     LIBCMT:crt0init.obj
 0003:00000024       ___xp_z                    10012024     LIBCMT:crt0init.obj
 0003:00000028       ___xt_a                    10012028     LIBCMT:crt0init.obj
 0003:0000002c       ___xt_z                    1001202c     LIBCMT:crt0init.obj
 0003:00000030       ?RawSocket@@3IA            10012030     BandTest.obj
 0003:00000034       ?ICMPRawSocket@@3IA        10012034     BandTest.obj
 0003:00000078       ?DefaultSettings@@3UtBandtestSettingsStruct@@A 10012078     BandTest.obj
 0003:000009dc       ??_C@_07CBBL@Quality?$AA@  100129dc     BandTest.obj
 0003:000009e4       ??_C@_08EINO@PingLoss?$AA@ 100129e4     BandTest.obj
 0003:000009f0       ??_C@_05CLJL@?$CF3?41f?$AA@ 100129f0     BandTest.obj
 0003:000009f8       ??_C@_04IH@Down?$AA@       100129f8     BandTest.obj
 0003:00000a00       ??_C@_02NCFM@Up?$AA@       10012a00     BandTest.obj
 0003:00000a04       ??_C@_08LKGL@Path?$CF02d?$AA@ 10012a04     BandTest.obj
 0003:00000a10       ??_C@_09CLKC@PathValid?$AA@ 10012a10     BandTest.obj
 0003:00000a1c       ??_C@_0L@JKKK@PathLength?$AA@ 10012a1c     BandTest.obj
 0003:00000a28       ??_C@_08NJBF@ServerIP?$AA@ 10012a28     BandTest.obj
 0003:00000a34       ??_C@_04OPFC@MyIP?$AA@     10012a34     BandTest.obj
 0003:00000a40       __fltused                  10012a40     LIBCMT:fpinit.obj
 0003:00000a44       __ldused                   10012a44     LIBCMT:fpinit.obj
 0003:00000a48       __FPinit                   10012a48     LIBCMT:fpinit.obj
 0003:00000a4c       __FPmtinit                 10012a4c     LIBCMT:fpinit.obj
 0003:00000a50       __FPmtterm                 10012a50     LIBCMT:fpinit.obj
 0003:00000a60       __aexit_rtn                10012a60     LIBCMT:dllcrt0.obj
 0003:00000a64       ___nullstring              10012a64     LIBCMT:output.obj
 0003:00000a68       ___wnullstring             10012a68     LIBCMT:output.obj
 0003:00000a6c       ___tlsindex                10012a6c     LIBCMT:tidtable.obj
 0003:00000a70       __cfltcvt_tab              10012a70     LIBCMT:cmiscdat.obj
 0003:00000a88       ___badioinfo               10012a88     LIBCMT:ioinit.obj
 0003:00000aac       __amblksiz                 10012aac     LIBCMT:heapinit.obj
 0003:00000b40       __iob                      10012b40     LIBCMT:_file.obj
 0003:00000dc0       __pctype                   10012dc0     LIBCMT:ctype.obj
 0003:00000dc4       __pwctype                  10012dc4     LIBCMT:ctype.obj
 0003:00000dc8       __ctype                    10012dc8     LIBCMT:ctype.obj
 0003:00000fd0       __locktable                10012fd0     LIBCMT:mlock.obj
 0003:00001090       __XcptActTab               10013090     LIBCMT:winxfltr.obj
 0003:00001108       __First_FPE_Indx           10013108     LIBCMT:winxfltr.obj
 0003:0000110c       __Num_FPE                  1001310c     LIBCMT:winxfltr.obj
 0003:00001110       __XcptActTabSize           10013110     LIBCMT:winxfltr.obj
 0003:00001114       __XcptActTabCount          10013114     LIBCMT:winxfltr.obj
 0003:00001118       ___mb_cur_max              10013118     LIBCMT:nlsdata1.obj
 0003:0000111c       ___decimal_point           1001311c     LIBCMT:nlsdata1.obj
 0003:00001120       ___decimal_point_length    10013120     LIBCMT:nlsdata1.obj
 0003:00001260       ___old_small_block_heap    10013260     LIBCMT:sbheap.obj
 0003:00003284       ___old_sbh_threshold       10015284     LIBCMT:sbheap.obj
 0003:000033f0       __NLG_Destination          100153f0     LIBCMT:exsup.obj
 0003:00003510       ___lc_category             10015510     LIBCMT:setlocal.obj
 0003:00003560       ___rgLocInfo               10015560     LIBCMT:getqloc.obj
 0003:00003a04       ___rglangidNotDefault      10015a04     LIBCMT:getqloc.obj
 0003:00003a18       ___rg_country              10015a18     LIBCMT:getqloc.obj
 0003:00003ad0       ___rg_language             10015ad0     LIBCMT:getqloc.obj
 0003:00003cd8       ___lc_time_curr            10015cd8     LIBCMT:strftime.obj
 0003:00003ce0       ___lc_time_c               10015ce0     LIBCMT:strftime.obj
 0003:00003d90       ___lconv_static_decimal    10015d90     LIBCMT:lconv.obj
 0003:00003d98       ___lconv_c                 10015d98     LIBCMT:lconv.obj
 0003:00003dc8       ___lconv                   10015dc8     LIBCMT:lconv.obj
 0003:00003dd0       __pow10pos                 10015dd0     LIBCMT:constpow.obj
 0003:00003f30       __pow10neg                 10015f30     LIBCMT:constpow.obj
 0003:0000408c       __timezone                 1001608c     LIBCMT:timeset.obj
 0003:00004090       __daylight                 10016090     LIBCMT:timeset.obj
 0003:00004094       __dstbias                  10016094     LIBCMT:timeset.obj
 0003:00004118       __tzname                   10016118     LIBCMT:timeset.obj
 0003:00004140       __lpdays                   10016140     LIBCMT:days.obj
 0003:00004174       __days                     10016174     LIBCMT:days.obj
 0003:000041a8       __coninpfh                 100161a8     LIBCMT:initcon.obj
 0003:000041ac       __confh                    100161ac     LIBCMT:initcon.obj
 0003:000045b4       ?PingsSent@@3HA            100165b4     BandTest.obj
 0003:000045b8       ?PingsLost@@3HA            100165b8     BandTest.obj
 0003:000045bc       ?NumConsistentPings@@3HA   100165bc     BandTest.obj
 0003:000045c0       ?NumPingsCheckedForConsistency@@3HA 100165c0     BandTest.obj
 0003:000045c4       ?StatsValid@@3_NA          100165c4     BandTest.obj
 0003:000045cc       ___fastflag                100165cc     LIBCMT:fpinit.obj
 0003:000045d0       __adjust_fdiv              100165d0     LIBCMT:fpinit.obj
 0003:000045d8       __aenvptr                  100165d8     LIBCMT:dllcrt0.obj
 0003:000045dc       __wenvptr                  100165dc     LIBCMT:dllcrt0.obj
 0003:000045e0       ___error_mode              100165e0     LIBCMT:dllcrt0.obj
 0003:000045e4       ___app_type                100165e4     LIBCMT:dllcrt0.obj
 0003:000045e8       __umaskval                 100165e8     LIBCMT:crt0dat.obj
 0003:000045ec       __osver                    100165ec     LIBCMT:crt0dat.obj
 0003:000045f0       __winver                   100165f0     LIBCMT:crt0dat.obj
 0003:000045f4       __winmajor                 100165f4     LIBCMT:crt0dat.obj
 0003:000045f8       __winminor                 100165f8     LIBCMT:crt0dat.obj
 0003:000045fc       ___argc                    100165fc     LIBCMT:crt0dat.obj
 0003:00004600       ___argv                    10016600     LIBCMT:crt0dat.obj
 0003:00004604       ___wargv                   10016604     LIBCMT:crt0dat.obj
 0003:00004608       __environ                  10016608     LIBCMT:crt0dat.obj
 0003:0000460c       ___initenv                 1001660c     LIBCMT:crt0dat.obj
 0003:00004610       __wenviron                 10016610     LIBCMT:crt0dat.obj
 0003:00004614       ___winitenv                10016614     LIBCMT:crt0dat.obj
 0003:00004618       __pgmptr                   10016618     LIBCMT:crt0dat.obj
 0003:0000461c       __wpgmptr                  1001661c     LIBCMT:crt0dat.obj
 0003:00004620       __exitflag                 10016620     LIBCMT:crt0dat.obj
 0003:00004624       __C_Termination_Done       10016624     LIBCMT:crt0dat.obj
 0003:00004628       __C_Exit_Done              10016628     LIBCMT:crt0dat.obj
 0003:00004734       __adbgmsg                  10016734     LIBCMT:crt0msg.obj
 0003:00004738       __cflush                   10016738     LIBCMT:_file.obj
 0003:000047b4       __newmode                  100167b4     LIBCMT:_newmode.obj
 0003:000047b8       ?_pnhHeap@@3P6AHI@ZA       100167b8     LIBCMT:handler.obj
 0003:000047c8       ___lc_handle               100167c8     LIBCMT:nlsdata2.obj
 0003:000047e0       ___lc_codepage             100167e0     LIBCMT:nlsdata2.obj
 0003:000047e4       ___lc_collate_cp           100167e4     LIBCMT:nlsdata2.obj
 0003:00004804       ___lc_time_intl            10016804     LIBCMT:inittime.obj
 0003:00004820       ___lc_id                   10016820     LIBCMT:nlsdata3.obj
 0003:00004870       ___lconv_static_null       10016870     LIBCMT:lconv.obj
 0003:00004940       ___alternate_form          10016940     <common>
 0003:00004944       ___no_lead_zeros           10016944     <common>
 0003:00004948       ___setlc_active            10016948     <common>
 0003:0000494c       ___unguarded_readlc_active 1001694c     <common>
 0003:00004950       ___sbh_sizeHeaderList      10016950     <common>
 0003:00004954       ___sbh_indGroupDefer       10016954     <common>
 0003:00004958       ___sbh_pHeaderScan         10016958     <common>
 0003:0000495c       ___sbh_initialized         1001695c     <common>
 0003:00004960       ___sbh_pHeaderDefer        10016960     <common>
 0003:00004964       ___sbh_cntHeaderList       10016964     <common>
 0003:00004968       ___sbh_pHeaderList         10016968     <common>
 0003:0000496c       ___sbh_threshold           1001696c     <common>
 0003:00004970       ___mbcodepage              10016970     <common>
 0003:00004980       ___mbulinfo                10016980     <common>
 0003:0000498c       ___ismbcodepage            1001698c     <common>
 0003:000049a0       __mbcasemap                100169a0     <common>
 0003:00004aa0       __mbctype                  10016aa0     <common>
 0003:00004ba4       ___mblcid                  10016ba4     <common>
 0003:00004ba8       ___piob                    10016ba8     <common>
 0003:00004bc0       __bufin                    10016bc0     <common>
 0003:00005bc0       __nstream                  10017bc0     <common>
 0003:00005bc4       __crtheap                  10017bc4     <common>
 0003:00005bc8       ___active_heap             10017bc8     <common>
 0003:00005be0       ___pioinfo                 10017be0     <common>
 0003:00005ce0       __nhandle                  10017ce0     <common>
 0003:00005ce4       ___env_initialized         10017ce4     <common>
 0003:00005ce8       ___mbctype_initialized     10017ce8     <common>
 0003:00005cec       ___onexitend               10017cec     <common>
 0003:00005cf0       ___onexitbegin             10017cf0     <common>
 0003:00005cf4       __acmdln                   10017cf4     <common>
 0003:00005cf8       __pRawDllMain              10017cf8     <common>

 entry point at        0001:0000243e

 Static symbols

 0001:000001e0       ?Upstream_Detect@@YAKKKAAHAAKPAUtBandtestSettingsStruct@@@Z 100011e0 f   BandTest.obj
 0001:00001520       ?Ping_Host@@YAHKKHHPAKK@Z  10002520 f   BandTest.obj
 0001:000017a0       ?Average_Ping@@YAMHPAK_N@Z 100027a0 f   BandTest.obj
 0001:000018a0       ?Send_Ping@@YA_NPADHIPAUsockaddr@@H@Z 100028a0 f   BandTest.obj
 0001:000019b0       ?Get_Ping_Response@@YA_NIAAHPAUsockaddr@@KAAK@Z 100029b0 f   BandTest.obj
 0001:00001b20       ?Set_Registry_Int@@YA_NPBDH@Z 10002b20 f   BandTest.obj
 0001:00001b50       ?Get_Registry_Int@@YAHPBDH@Z 10002b50 f   BandTest.obj
 0001:0000df69       _output                    1000ef69 f   LIBCMT:cprintf.obj
 0001:0000e6e3       _write_char                1000f6e3 f   LIBCMT:cprintf.obj
 0001:0000e6fd       _write_multi_char          1000f6fd f   LIBCMT:cprintf.obj
 0001:0000e729       _write_string              1000f729 f   LIBCMT:cprintf.obj
 0001:0000e75c       _get_int_arg               1000f75c f   LIBCMT:cprintf.obj
 0001:0000e769       _get_int64_arg             1000f769 f   LIBCMT:cprintf.obj
 0001:0000e779       _get_short_arg             1000f779 f   LIBCMT:cprintf.obj
 0001:0000d90e       _findenv                   1000e90e f   LIBCMT:setenv.obj
 0001:0000d966       _copy_environ              1000e966 f   LIBCMT:setenv.obj
 0001:0000d75c       _strncnt                   1000e75c f   LIBCMT:a_cmp.obj
 0001:0000cb95       __tzset_lk                 1000db95 f   LIBCMT:tzset.obj
 0001:0000ce3d       __isindst_lk               1000de3d f   LIBCMT:tzset.obj
 0001:0000cfe9       _cvtdate                   1000dfe9 f   LIBCMT:tzset.obj
 0001:0000c6af       _xtoa                      1000d6af f   LIBCMT:xtoa.obj
 0001:0000c781       _x64toa@20                 1000d781 f   LIBCMT:xtoa.obj
 0001:0000bba3       __expandtime               1000cba3 f   LIBCMT:strftime.obj
 0001:0000bf92       __store_str                1000cf92 f   LIBCMT:strftime.obj
 0001:0000bfb9       __store_num                1000cfb9 f   LIBCMT:strftime.obj
 0001:0000c028       __store_number             1000d028 f   LIBCMT:strftime.obj
 0001:0000c071       __store_winword            1000d071 f   LIBCMT:strftime.obj
 0001:0000ac67       _TranslateName             1000bc67 f   LIBCMT:getqloc.obj
 0001:0000acbf       _GetLcidFromLangCountry    1000bcbf f   LIBCMT:getqloc.obj
 0001:0000ad46       _LangCountryEnumProc@4     1000bd46 f   LIBCMT:getqloc.obj
 0001:0000af4a       _GetLcidFromLanguage       1000bf4a f   LIBCMT:getqloc.obj
 0001:0000afa0       _LanguageEnumProc@4        1000bfa0 f   LIBCMT:getqloc.obj
 0001:0000b05d       _GetLcidFromCountry        1000c05d f   LIBCMT:getqloc.obj
 0001:0000b094       _CountryEnumProc@4         1000c094 f   LIBCMT:getqloc.obj
 0001:0000b11a       _GetLcidFromDefault        1000c11a f   LIBCMT:getqloc.obj
 0001:0000b134       _ProcessCodePage           1000c134 f   LIBCMT:getqloc.obj
 0001:0000b19a       _TestDefaultCountry        1000c19a f   LIBCMT:getqloc.obj
 0001:0000b1b9       _TestDefaultLanguage       1000c1b9 f   LIBCMT:getqloc.obj
 0001:0000b21b       _IsThisWindowsNT           1000c21b f   LIBCMT:getqloc.obj
 0001:0000b251       _crtGetLocaleInfoA@16      1000c251 f   LIBCMT:getqloc.obj
 0001:0000b337       _LcidFromHexString         1000c337 f   LIBCMT:getqloc.obj
 0001:0000b370       _GetPrimaryLen             1000c370 f   LIBCMT:getqloc.obj
 0001:0000a5f1       __get_lc_lconv             1000b5f1 f   LIBCMT:initmon.obj
 0001:0000a713       _fix_grouping              1000b713 f   LIBCMT:initmon.obj
 0001:0000a74a       __free_lc_lconv            1000b74a f   LIBCMT:initmon.obj
 0001:0000a4ef       _fix_grouping              1000b4ef f   LIBCMT:initnum.obj
 0001:00009e3c       __get_lc_time              1000ae3c f   LIBCMT:inittime.obj
 0001:0000a18a       __free_lc_time             1000b18a f   LIBCMT:inittime.obj
 0001:000091ec       _strncnt                   1000a1ec f   LIBCMT:a_map.obj
 0001:00008c4c       _ctrlevent_capture@4       10009c4c f   LIBCMT:winsig.obj
 0001:00008e30       _siglookup                 10009e30 f   LIBCMT:winsig.obj
 0001:00008697       __setlocale_set_cat        10009697 f   LIBCMT:setlocal.obj
 0001:000087b2       __setlocale_get_all        100097b2 f   LIBCMT:setlocal.obj
 0001:00008254       _gu_return                 10009254 f   LIBCMT:exsup.obj
 0001:0000825c       __unwind_handler           1000925c f   LIBCMT:exsup.obj
 0001:00008197       _flsall                    10009197 f   LIBCMT:fflush.obj
 0001:00005fac       _strtoxl                   10006fac f   LIBCMT:strtol.obj
 0001:00005cd0       LeadUp1                    10006cd0 f   LIBCMT:memcpy.obj
 0001:00005cfc       LeadUp2                    10006cfc f   LIBCMT:memcpy.obj
 0001:00005d20       LeadUp3                    10006d20 f   LIBCMT:memcpy.obj
 0001:00005d9f       UnwindUp0                  10006d9f f   LIBCMT:memcpy.obj
 0001:00005d8c       UnwindUp1                  10006d8c f   LIBCMT:memcpy.obj
 0001:00005d84       UnwindUp2                  10006d84 f   LIBCMT:memcpy.obj
 0001:00005d7c       UnwindUp3                  10006d7c f   LIBCMT:memcpy.obj
 0001:00005d74       UnwindUp4                  10006d74 f   LIBCMT:memcpy.obj
 0001:00005d6c       UnwindUp5                  10006d6c f   LIBCMT:memcpy.obj
 0001:00005d64       UnwindUp6                  10006d64 f   LIBCMT:memcpy.obj
 0001:00005d5c       UnwindUp7                  10006d5c f   LIBCMT:memcpy.obj
 0001:00005db8       TrailUp0                   10006db8 f   LIBCMT:memcpy.obj
 0001:00005dc0       TrailUp1                   10006dc0 f   LIBCMT:memcpy.obj
 0001:00005dcc       TrailUp2                   10006dcc f   LIBCMT:memcpy.obj
 0001:00005de0       TrailUp3                   10006de0 f   LIBCMT:memcpy.obj
 0001:00005e58       LeadDown1                  10006e58 f   LIBCMT:memcpy.obj
 0001:00005e78       LeadDown2                  10006e78 f   LIBCMT:memcpy.obj
 0001:00005ea0       LeadDown3                  10006ea0 f   LIBCMT:memcpy.obj
 0001:00005ef4       UnwindDown7                10006ef4 f   LIBCMT:memcpy.obj
 0001:00005efc       UnwindDown6                10006efc f   LIBCMT:memcpy.obj
 0001:00005f04       UnwindDown5                10006f04 f   LIBCMT:memcpy.obj
 0001:00005f0c       UnwindDown4                10006f0c f   LIBCMT:memcpy.obj
 0001:00005f14       UnwindDown3                10006f14 f   LIBCMT:memcpy.obj
 0001:00005f1c       UnwindDown2                10006f1c f   LIBCMT:memcpy.obj
 0001:00005f24       UnwindDown1                10006f24 f   LIBCMT:memcpy.obj
 0001:00005f37       UnwindDown0                10006f37 f   LIBCMT:memcpy.obj
 0001:00005f50       TrailDown0                 10006f50 f   LIBCMT:memcpy.obj
 0001:00005f58       TrailDown1                 10006f58 f   LIBCMT:memcpy.obj
 0001:00005f68       TrailDown2                 10006f68 f   LIBCMT:memcpy.obj
 0001:00005f7c       TrailDown3                 10006f7c f   LIBCMT:memcpy.obj
 0001:000059fe       _getSystemCP               100069fe f   LIBCMT:mbctype.obj
 0001:00005a48       _CPtoLCID                  10006a48 f   LIBCMT:mbctype.obj
 0001:00005a7b       _setSBCS                   10006a7b f   LIBCMT:mbctype.obj
 0001:00005aa4       _setSBUpLow                10006aa4 f   LIBCMT:mbctype.obj
 0001:00004dda       __abstract_cw              10005dda f   LIBCMT:ieee87.obj
 0001:00004e6c       __hw_cw                    10005e6c f   LIBCMT:ieee87.obj
 0001:00004ef5       __abstract_sw              10005ef5 f   LIBCMT:ieee87.obj
 0001:00004d03       _xcptlookup                10005d03 f   LIBCMT:winxfltr.obj
 0001:00003964       _parse_cmdline             10004964 f   LIBCMT:stdargv.obj
 0001:00003531       _doexit                    10004531 f   LIBCMT:crt0dat.obj
 0001:000035e8       __initterm                 100045e8 f   LIBCMT:crt0dat.obj
 0001:000031fd       __cftoe2                   100041fd f   LIBCMT:cvt.obj
 0001:00003314       __cftof2                   10004314 f   LIBCMT:cvt.obj
 0001:0000349f       __shift                    1000449f f   LIBCMT:cvt.obj
 0001:00002dc4       _write_char                10003dc4 f   LIBCMT:output.obj
 0001:00002df9       _write_multi_char          10003df9 f   LIBCMT:output.obj
 0001:00002e2a       _write_string              10003e2a f   LIBCMT:output.obj
 0001:00002e62       _get_int_arg               10003e62 f   LIBCMT:output.obj
 0001:00002e6f       _get_int64_arg             10003e6f f   LIBCMT:output.obj
 0001:00002e7f       _get_short_arg             10003e7f f   LIBCMT:output.obj
 0001:000020a0       LeadUp1                    100030a0 f   LIBCMT:memmove.obj
 0001:000020cc       LeadUp2                    100030cc f   LIBCMT:memmove.obj
 0001:000020f0       LeadUp3                    100030f0 f   LIBCMT:memmove.obj
 0001:0000216f       UnwindUp0                  1000316f f   LIBCMT:memmove.obj
 0001:0000215c       UnwindUp1                  1000315c f   LIBCMT:memmove.obj
 0001:00002154       UnwindUp2                  10003154 f   LIBCMT:memmove.obj
 0001:0000214c       UnwindUp3                  1000314c f   LIBCMT:memmove.obj
 0001:00002144       UnwindUp4                  10003144 f   LIBCMT:memmove.obj
 0001:0000213c       UnwindUp5                  1000313c f   LIBCMT:memmove.obj
 0001:00002134       UnwindUp6                  10003134 f   LIBCMT:memmove.obj
 0001:0000212c       UnwindUp7                  1000312c f   LIBCMT:memmove.obj
 0001:00002188       TrailUp0                   10003188 f   LIBCMT:memmove.obj
 0001:00002190       TrailUp1                   10003190 f   LIBCMT:memmove.obj
 0001:0000219c       TrailUp2                   1000319c f   LIBCMT:memmove.obj
 0001:000021b0       TrailUp3                   100031b0 f   LIBCMT:memmove.obj
 0001:00002228       LeadDown1                  10003228 f   LIBCMT:memmove.obj
 0001:00002248       LeadDown2                  10003248 f   LIBCMT:memmove.obj
 0001:00002270       LeadDown3                  10003270 f   LIBCMT:memmove.obj
 0001:000022c4       UnwindDown7                100032c4 f   LIBCMT:memmove.obj
 0001:000022cc       UnwindDown6                100032cc f   LIBCMT:memmove.obj
 0001:000022d4       UnwindDown5                100032d4 f   LIBCMT:memmove.obj
 0001:000022dc       UnwindDown4                100032dc f   LIBCMT:memmove.obj
 0001:000022e4       UnwindDown3                100032e4 f   LIBCMT:memmove.obj
 0001:000022ec       UnwindDown2                100032ec f   LIBCMT:memmove.obj
 0001:000022f4       UnwindDown1                100032f4 f   LIBCMT:memmove.obj
 0001:00002307       UnwindDown0                10003307 f   LIBCMT:memmove.obj
 0001:00002320       TrailDown0                 10003320 f   LIBCMT:memmove.obj
 0001:00002328       TrailDown1                 10003328 f   LIBCMT:memmove.obj
 0001:00002338       TrailDown2                 10003338 f   LIBCMT:memmove.obj
 0001:0000234c       TrailDown3                 1000334c f   LIBCMT:memmove.obj
 0001:00001fab       _shortsort                 10002fab f   LIBCMT:qsort.obj
 0001:00001ff9       _swap                      10002ff9 f   LIBCMT:qsort.obj
