 WWCtrlD

 Timestamp is 67aa300b (Mon Feb 10 16:57:47 2025)

 Preferred load address is 10000000

 Start         Length     Name                   Class
 0001:00000000 00009792H .text                   CODE
 0001:00009792 0001000eH .textbss                CODE
 0002:00000000 000007ceH .rdata                  DATA
 0002:000007d0 0000163aH .edata                  DATA
 0003:00000000 00000104H .CRT$XCA                DATA
 0003:00000104 00000104H .CRT$XCZ                DATA
 0003:00000208 00000104H .CRT$XIA                DATA
 0003:0000030c 00000104H .CRT$XIZ                DATA
 0003:00000410 0000028cH .data                   DATA
 0003:000006a0 0000006cH .bss                    DATA
 0004:00000000 00000050H .idata$2                DATA
 0004:00000050 00000014H .idata$3                DATA
 0004:00000064 000003acH .idata$4                DATA
 0004:00000410 000003acH .idata$5                DATA
 0004:000007bc 000003e3H .idata$6                DATA
 0005:00000000 000002fcH .rsrc$01                DATA
 0005:00000300 0000119cH .rsrc$02                DATA

  Address         Publics by Value              Rva+Base     Lib:Object

 0001:00000520       ?Get_Point_Count@ColorBarClass@@QBEHXZ 10001520 f i ColorBar.obj
 0001:00000540       ?Get_Selection_Pos@ColorBarClass@@QBEMXZ 10001540 f i ColorBar.obj
 0001:00000570       ?Get_Range@ColorBarClass@@QBEXAAM0@Z 10001570 f i ColorBar.obj
 0001:000005b0       ?Get_Color_Bar@ColorBarClass@@SAPAV1@PAUHWND__@@@Z 100015b0 f i ColorBar.obj
 0001:000005e0       ??0ColorBarClass@@QAE@XZ   100015e0 f   ColorBar.obj
 0001:00000780       ??_GColorBarClass@@UAEPAXI@Z 10001780 f i ColorBar.obj
 0001:000007c0       ??_EColorBarClass@@UAEPAXI@Z 100017c0 f i ColorBar.obj
 0001:00000860       ??_I@YGXPAXIHP6EX0@Z@Z     10001860 f i ColorBar.obj
 0001:000008c0       ??1ColorBarClass@@UAE@XZ   100018c0 f   ColorBar.obj
 0001:00000930       ?_GetBaseMessageMap@ColorBarClass@@KGPBUAFX_MSGMAP@@XZ 10001930 f   ColorBar.obj
 0001:00000950       ?GetMessageMap@ColorBarClass@@MBEPBUAFX_MSGMAP@@XZ 10001950 f   ColorBar.obj
 0001:00000970       ?RegisterColorBar@@YAXPAUHINSTANCE__@@@Z 10001970 f   ColorBar.obj
 0001:00000a10       ?fnColorBarProc@@YGJPAUHWND__@@IIJ@Z 10001a10 f   ColorBar.obj
 0001:00000c70       ?OnCreate@ColorBarClass@@IAEHPAUtagCREATESTRUCTA@@@Z 10001c70 f   ColorBar.obj
 0001:00000cd0       ?Create@ColorBarClass@@UAEHPBD0KABUtagRECT@@PAVCWnd@@IPAUCCreateContext@@@Z 10001cd0 f   ColorBar.obj
 0001:00000d80       ?Create_Bitmap@ColorBarClass@@IAEXXZ 10001d80 f   ColorBar.obj
 0001:00001110       ?Free_Bitmap@ColorBarClass@@IAEXXZ 10002110 f   ColorBar.obj
 0001:00001180       ?OnSize@ColorBarClass@@IAEXIHH@Z 10002180 f   ColorBar.obj
 0001:000011c0       ?Paint_Bar_Vert@ColorBarClass@@IAEXHHHHPAE@Z 100021c0 f   ColorBar.obj
 0001:000013f0       ?Paint_Bar_Horz@ColorBarClass@@IAEXHHHHPAE@Z 100023f0 f   ColorBar.obj
 0001:000018d0       ?Paint_DIB@ColorBarClass@@IAEXXZ 100028d0 f   ColorBar.obj
 0001:00001ca0       ?OnPaint@ColorBarClass@@IAEXXZ 10002ca0 f   ColorBar.obj
 0001:00001cf0       ?Paint_Screen@ColorBarClass@@IAEXPAUHDC__@@@Z 10002cf0 f   ColorBar.obj
 0001:00001f10       ?Get_Point@ColorBarClass@@QAE_NHPAM000@Z 10002f10 f   ColorBar.obj
 0001:00001ff0       ?Insert_Point@ColorBarClass@@QAE_NVCPoint@@K@Z 10002ff0 f   ColorBar.obj
 0001:00002410       ?Insert_Point@ColorBarClass@@QAE_NHMMMMK@Z 10003410 f   ColorBar.obj
 0001:000024e0       ?Delete_Point@ColorBarClass@@QAE_NH@Z 100034e0 f   ColorBar.obj
 0001:000025c0       ?Modify_Point@ColorBarClass@@QAE_NHMMMMK@Z 100035c0 f   ColorBar.obj
 0001:00002720       ?Set_Range@ColorBarClass@@QAEXMM@Z 10003720 f   ColorBar.obj
 0001:00002770       ?Update_Point_Info@ColorBarClass@@IAEXXZ 10003770 f   ColorBar.obj
 0001:00002cb0       ?Free_Marker_Bitmap@ColorBarClass@@IAEXXZ 10003cb0 f   ColorBar.obj
 0001:00002d00       ?Load_Key_Frame_BMP@ColorBarClass@@IAEXXZ 10003d00 f   ColorBar.obj
 0001:00002f40       ?Paint_Key_Frame@ColorBarClass@@IAEXHH@Z 10003f40 f   ColorBar.obj
 0001:00003180       ?Marker_From_Point@ColorBarClass@@QAEHVCPoint@@@Z 10004180 f   ColorBar.obj
 0001:000032a0       ?OnLButtonDown@ColorBarClass@@IAEXIVCPoint@@@Z 100042a0 f   ColorBar.obj
 0001:00003470       ?OnLButtonUp@ColorBarClass@@IAEXIVCPoint@@@Z 10004470 f   ColorBar.obj
 0001:00003500       ?OnMouseMove@ColorBarClass@@IAEXIVCPoint@@@Z 10004500 f   ColorBar.obj
 0001:000037a0       ?Send_Notification@ColorBarClass@@QAEJHH@Z 100047a0 f   ColorBar.obj
 0001:000038b0       ?OnKillFocus@ColorBarClass@@IAEXPAVCWnd@@@Z 100048b0 f   ColorBar.obj
 0001:000038f0       ?OnSetFocus@ColorBarClass@@IAEXPAVCWnd@@@Z 100048f0 f   ColorBar.obj
 0001:00003930       ?OnKeyDown@ColorBarClass@@IAEXIII@Z 10004930 f   ColorBar.obj
 0001:000039d0       ?OnLButtonDblClk@ColorBarClass@@IAEXIVCPoint@@@Z 100049d0 f   ColorBar.obj
 0001:00003a40       ?Get_Selection_Rectangle@ColorBarClass@@IAEXAAVCRect@@@Z 10004a40 f   ColorBar.obj
 0001:00003be0       ?Set_Selection_Pos@ColorBarClass@@QAEXM@Z 10004be0 f   ColorBar.obj
 0001:00003c70       ?Move_Selection@ColorBarClass@@IAEXVCPoint@@_N@Z 10004c70 f   ColorBar.obj
 0001:00003dd0       ?Move_Selection@ColorBarClass@@IAEXM_N@Z 10004dd0 f   ColorBar.obj
 0001:00003f10       ?Get_Color@ColorBarClass@@QAEXMPAM00@Z 10004f10 f   ColorBar.obj
 0001:000041c0       ?Clear_Points@ColorBarClass@@QAEXXZ 100051c0 f   ColorBar.obj
 0001:00004200       ?Set_User_Data@ColorBarClass@@QAE_NHK@Z 10005200 f   ColorBar.obj
 0001:00004260       ?Get_User_Data@ColorBarClass@@QAEKH@Z 10005260 f   ColorBar.obj
 0001:000042c0       ?Set_Graph_Percent@ColorBarClass@@QAE_NHM@Z 100052c0 f   ColorBar.obj
 0001:00004330       ?Get_Graph_Percent@ColorBarClass@@QAEMH@Z 10005330 f   ColorBar.obj
 0001:00004390       ?Set_Redraw@ColorBarClass@@QAEX_N@Z 10005390 f   ColorBar.obj
 0001:000043e0       ?Repaint@ColorBarClass@@IAEXXZ 100053e0 f   ColorBar.obj
 0001:00004430       ?Get_Color_Picker@ColorPickerClass@@SAPAV1@PAUHWND__@@@Z 10005430 f i ColorPicker.obj
 0001:00004460       ??0ColorPickerClass@@QAE@XZ 10005460 f   ColorPicker.obj
 0001:00004510       ??_GColorPickerClass@@UAEPAXI@Z 10005510 f i ColorPicker.obj
 0001:00004550       ??_EColorPickerClass@@UAEPAXI@Z 10005550 f i ColorPicker.obj
 0001:000045f0       ??1ColorPickerClass@@UAE@XZ 100055f0 f   ColorPicker.obj
 0001:00004650       ?_GetBaseMessageMap@ColorPickerClass@@KGPBUAFX_MSGMAP@@XZ 10005650 f   ColorPicker.obj
 0001:00004670       ?GetMessageMap@ColorPickerClass@@MBEPBUAFX_MSGMAP@@XZ 10005670 f   ColorPicker.obj
 0001:00004690       ?OnPaint@ColorPickerClass@@IAEXXZ 10005690 f   ColorPicker.obj
 0001:00004770       ?RegisterColorPicker@@YAXPAUHINSTANCE__@@@Z 10005770 f   ColorPicker.obj
 0001:00004810       ?fnColorPickerProc@@YGJPAUHWND__@@IIJ@Z 10005810 f   ColorPicker.obj
 0001:00004a70       ?OnCreate@ColorPickerClass@@IAEHPAUtagCREATESTRUCTA@@@Z 10005a70 f   ColorPicker.obj
 0001:00004ad0       ?Create@ColorPickerClass@@UAEHPBD0KABUtagRECT@@PAVCWnd@@IPAUCCreateContext@@@Z 10005ad0 f   ColorPicker.obj
 0001:00004b80       ?Create_Bitmap@ColorPickerClass@@IAEXXZ 10005b80 f   ColorPicker.obj
 0001:00004cc0       ?Fill_Rect@ColorPickerClass@@IAEXPAEABUtagRECT@@KH@Z 10005cc0 f   ColorPicker.obj
 0001:00004dc0       ?Color_From_Point@ColorPickerClass@@IAEKHH@Z 10005dc0 f   ColorPicker.obj
 0001:00004f40       ?Polar_To_Rect@@YAXMMAAM0@Z 10005f40 f   ColorPicker.obj
 0001:00004fa0       ?Rect_To_Polar@@YAXMMAAM0@Z 10005fa0 f   ColorPicker.obj
 0001:00005050       ?RGB_to_Hue@@YAXHHHAAM0@Z  10006050 f   ColorPicker.obj
 0001:00005210       ?Point_From_Color@ColorPickerClass@@IAE?AVCPoint@@K@Z 10006210 f   ColorPicker.obj
 0001:000054b0       ?Paint_DIB@ColorPickerClass@@IAEXHHPAE@Z 100064b0 f   ColorPicker.obj
 0001:00005910       ?Free_Bitmap@ColorPickerClass@@IAEXXZ 10006910 f   ColorPicker.obj
 0001:00005980       ?OnSize@ColorPickerClass@@IAEXIHH@Z 10006980 f   ColorPicker.obj
 0001:000059c0       ?OnEraseBkgnd@ColorPickerClass@@IAEHPAVCDC@@@Z 100069c0 f   ColorPicker.obj
 0001:000059e0       ?OnLButtonDown@ColorPickerClass@@IAEXIVCPoint@@@Z 100069e0 f   ColorPicker.obj
 0001:00005b70       ?OnLButtonUp@ColorPickerClass@@IAEXIVCPoint@@@Z 10006b70 f   ColorPicker.obj
 0001:00005bd0       ?OnMouseMove@ColorPickerClass@@IAEXIVCPoint@@@Z 10006bd0 f   ColorPicker.obj
 0001:00005d30       ?Calc_Display_Rect@ColorPickerClass@@IAEXAAUtagRECT@@@Z 10006d30 f   ColorPicker.obj
 0001:00005df0       ?Erase_Marker@ColorPickerClass@@IAEXXZ 10006df0 f   ColorPicker.obj
 0001:00005ee0       ?Paint_Marker@ColorPickerClass@@IAEXXZ 10006ee0 f   ColorPicker.obj
 0001:00005fe0       ?Select_Color@ColorPickerClass@@QAEXHHH@Z 10006fe0 f   ColorPicker.obj
 0001:000060a0       ?Get_Current_Color@ColorPickerClass@@QAEXPAH00@Z 100070a0 f   ColorPicker.obj
 0001:00006100       _Create_Color_Picker_Form  10007100 f   ColorPickerDialogClass.obj
 0001:000061e0       ??0MyManageStateClass@@QAE@XZ 100071e0 f i ColorPickerDialogClass.obj
 0001:00006220       ??1MyManageStateClass@@QAE@XZ 10007220 f i ColorPickerDialogClass.obj
 0001:00006250       _Get_Form_Color            10007250 f   ColorPickerDialogClass.obj
 0001:000062f0       ?Get_Red@ColorPickerDialogClass@@QBEHXZ 100072f0 f i ColorPickerDialogClass.obj
 0001:00006320       ?Get_Green@ColorPickerDialogClass@@QBEHXZ 10007320 f i ColorPickerDialogClass.obj
 0001:00006350       ?Get_Blue@ColorPickerDialogClass@@QBEHXZ 10007350 f i ColorPickerDialogClass.obj
 0001:00006380       _Set_Form_Color            10007380 f   ColorPickerDialogClass.obj
 0001:00006400       ?Set_Color@ColorPickerDialogClass@@QAEXHHH@Z 10007400 f i ColorPickerDialogClass.obj
 0001:00006450       _Set_Form_Original_Color   10007450 f   ColorPickerDialogClass.obj
 0001:000064d0       _Show_Color_Picker         100074d0 f   ColorPickerDialogClass.obj
 0001:000065b0       ??1ColorPickerDialogClass@@UAE@XZ 100075b0 f i ColorPickerDialogClass.obj
 0001:00006610       _Set_Update_Callback       10007610 f   ColorPickerDialogClass.obj
 0001:00006690       ?Set_Update_Callback@ColorPickerDialogClass@@QAEXP6AXHHHPAX@Z0@Z 10007690 f i ColorPickerDialogClass.obj
 0001:000066d0       ??0ColorPickerDialogClass@@QAE@HHHPAVCWnd@@I@Z 100076d0 f   ColorPickerDialogClass.obj
 0001:00006830       ??_GColorPickerDialogClass@@UAEPAXI@Z 10007830 f i ColorPickerDialogClass.obj
 0001:00006830       ??_EColorPickerDialogClass@@UAEPAXI@Z 10007830 f i ColorPickerDialogClass.obj
 0001:00006870       ?Create_Form@ColorPickerDialogClass@@QAEXPAVCWnd@@@Z 10007870 f   ColorPickerDialogClass.obj
 0001:000068d0       ?DoDataExchange@ColorPickerDialogClass@@MAEXPAVCDataExchange@@@Z 100078d0 f   ColorPickerDialogClass.obj
 0001:00006950       ?_GetBaseMessageMap@ColorPickerDialogClass@@KGPBUAFX_MSGMAP@@XZ 10007950 f   ColorPickerDialogClass.obj
 0001:00006970       ?GetMessageMap@ColorPickerDialogClass@@MBEPBUAFX_MSGMAP@@XZ 10007970 f   ColorPickerDialogClass.obj
 0001:00006990       ?OnInitDialog@ColorPickerDialogClass@@MAEHXZ 10007990 f   ColorPickerDialogClass.obj
 0001:00006d00       ?Update_Red_Bar@ColorPickerDialogClass@@IAEXXZ 10007d00 f   ColorPickerDialogClass.obj
 0001:00006db0       ?Update_Green_Bar@ColorPickerDialogClass@@IAEXXZ 10007db0 f   ColorPickerDialogClass.obj
 0001:00006e60       ?Update_Blue_Bar@ColorPickerDialogClass@@IAEXXZ 10007e60 f   ColorPickerDialogClass.obj
 0001:00006f10       ?Update_Current_Color_Bar@ColorPickerDialogClass@@IAEXXZ 10007f10 f   ColorPickerDialogClass.obj
 0001:00006f70       ?Update_Whiteness_Bar@ColorPickerDialogClass@@IAEXXZ 10007f70 f   ColorPickerDialogClass.obj
 0001:000070a0       ?OnNotify@ColorPickerDialogClass@@MAEHIJPAJ@Z 100080a0 f   ColorPickerDialogClass.obj
 0001:000073d0       ?Update_Color@ColorPickerDialogClass@@IAEXMMMK@Z 100083d0 f   ColorPickerDialogClass.obj
 0001:00007600       ?Set_Original_Color@ColorPickerDialogClass@@QAEXHHH@Z 10008600 f   ColorPickerDialogClass.obj
 0001:00007690       ?OnReset@ColorPickerDialogClass@@IAEXXZ 10008690 f   ColorPickerDialogClass.obj
 0001:000076e0       ?WindowProc@ColorPickerDialogClass@@MAEJIIJ@Z 100086e0 f   ColorPickerDialogClass.obj
 0001:00007720       ?OnCommand@ColorPickerDialogClass@@MAEHIJ@Z 10008720 f   ColorPickerDialogClass.obj
 0001:00007840       ?PostNcDestroy@ColorPickerDialogClass@@MAEXXZ 10008840 f   ColorPickerDialogClass.obj
 0001:000078b0       ?Draw_Sunken_Rect@@YAXPAEABUtagRECT@@H@Z 100088b0 f   Utils.obj
 0001:000079d0       ?Draw_Raised_Rect@@YAXPAEABUtagRECT@@H@Z 100089d0 f   Utils.obj
 0001:00007af0       ?Frame_Rect@@YAXPAEABUtagRECT@@KH@Z 10008af0 f   Utils.obj
 0001:00007d40       ?Draw_Vert_Line@@YAXPAEHHHKH@Z 10008d40 f   Utils.obj
 0001:00007de0       ?Draw_Horz_Line@@YAXPAEHHHKH@Z 10008de0 f   Utils.obj
 0001:00007e90       _ExtRawDllMain@12          10008e90 f   WWCtrl.obj
 0001:00007f10       _DllMain@12                10008f10 f   WWCtrl.obj
 0001:00008010       _Initialize_WWCtrl         10009010 f   WWCtrl.obj
 0001:00008030       ??B?$CTypedSimpleList@PAUCRuntimeClass@@@@QAEPAUCRuntimeClass@@XZ 10009030 f i WWCtrl.obj
 0001:00008060       ??B?$CTypedSimpleList@PAVCOleObjectFactory@@@@QAEPAVCOleObjectFactory@@XZ 10009060 f i WWCtrl.obj
 0001:00008090       ?GetHead@CSimpleList@@QBEPAXXZ 10009090 f i WWCtrl.obj
 0001:000080ae       ?SetOccDialogInfo@CWnd@@MAEHPAU_AFX_OCC_DIALOG_INFO@@@Z 100090ae f   mfc42d:MFC42D.DLL
 0001:000080b4       ?IsFrameWnd@CWnd@@UBEHXZ   100090b4 f   mfc42d:MFC42D.DLL
 0001:000080ba       ?CheckAutoCenter@CWnd@@UAEHXZ 100090ba f   mfc42d:MFC42D.DLL
 0001:000080c0       ?OnChildNotify@CWnd@@MAEHIIJPAJ@Z 100090c0 f   mfc42d:MFC42D.DLL
 0001:000080c6       ?PostNcDestroy@CWnd@@MAEXXZ 100090c6 f   mfc42d:MFC42D.DLL
 0001:000080cc       ?DefWindowProcA@CWnd@@MAEJIIJ@Z 100090cc f   mfc42d:MFC42D.DLL
 0001:000080d2       ?OnWndMsg@CWnd@@MAEHIIJPAJ@Z 100090d2 f   mfc42d:MFC42D.DLL
 0001:000080d8       ?WindowProc@CWnd@@MAEJIIJ@Z 100090d8 f   mfc42d:MFC42D.DLL
 0001:000080de       ?OnAmbientProperty@CWnd@@UAEHPAVCOleControlSite@@JPAUtagVARIANT@@@Z 100090de f   mfc42d:MFC42D.DLL
 0001:000080e4       ?PreTranslateMessage@CWnd@@UAEHPAUtagMSG@@@Z 100090e4 f   mfc42d:MFC42D.DLL
 0001:000080ea       ?EndModalState@CWnd@@UAEXXZ 100090ea f   mfc42d:MFC42D.DLL
 0001:000080f0       ?BeginModalState@CWnd@@UAEXXZ 100090f0 f   mfc42d:MFC42D.DLL
 0001:000080f6       ?DoDataExchange@CWnd@@MAEXPAVCDataExchange@@@Z 100090f6 f   mfc42d:MFC42D.DLL
 0001:000080fc       ?GetSuperWndProcAddr@CWnd@@MAEPAP6GJPAUHWND__@@IIJ@ZXZ 100090fc f   mfc42d:MFC42D.DLL
 0001:00008102       ?OnNotify@CWnd@@MAEHIJPAJ@Z 10009102 f   mfc42d:MFC42D.DLL
 0001:00008108       ?OnCommand@CWnd@@MAEHIJ@Z  10009108 f   mfc42d:MFC42D.DLL
 0001:0000810e       ?EndModalLoop@CWnd@@UAEXH@Z 1000910e f   mfc42d:MFC42D.DLL
 0001:00008114       ?ContinueModal@CWnd@@UAEHXZ 10009114 f   mfc42d:MFC42D.DLL
 0001:0000811a       ?WinHelpA@CWnd@@UAEXKI@Z   1000911a f   mfc42d:MFC42D.DLL
 0001:00008120       ?GetScrollBarCtrl@CWnd@@UBEPAVCScrollBar@@H@Z 10009120 f   mfc42d:MFC42D.DLL
 0001:00008126       ?OnToolHitTest@CWnd@@UBEHVCPoint@@PAUtagTOOLINFOA@@@Z 10009126 f   mfc42d:MFC42D.DLL
 0001:0000812c       ?CalcWindowRect@CWnd@@UAEXPAUtagRECT@@I@Z 1000912c f   mfc42d:MFC42D.DLL
 0001:00008132       ?PreCreateWindow@CWnd@@UAEHAAUtagCREATESTRUCTA@@@Z 10009132 f   mfc42d:MFC42D.DLL
 0001:00008138       ?DestroyWindow@CWnd@@UAEHXZ 10009138 f   mfc42d:MFC42D.DLL
 0001:0000813e       ?PreSubclassWindow@CWnd@@UAEXXZ 1000913e f   mfc42d:MFC42D.DLL
 0001:00008144       ?GetConnectionHook@CCmdTarget@@MAEPAUIConnectionPoint@@ABU_GUID@@@Z 10009144 f   mfc42d:MFC42D.DLL
 0001:0000814a       ?GetExtraConnectionPoints@CCmdTarget@@MAEHPAVCPtrArray@@@Z 1000914a f   mfc42d:MFC42D.DLL
 0001:00008150       ?GetInterfaceHook@CCmdTarget@@UAEPAUIUnknown@@PBX@Z 10009150 f   mfc42d:MFC42D.DLL
 0001:00008156       ?OnCreateAggregates@CCmdTarget@@UAEHXZ 10009156 f   mfc42d:MFC42D.DLL
 0001:0000815c       ?GetEventSinkMap@CCmdTarget@@MBEPBUAFX_EVENTSINKMAP@@XZ 1000915c f   mfc42d:MFC42D.DLL
 0001:00008162       ?GetInterfaceMap@CCmdTarget@@MBEPBUAFX_INTERFACEMAP@@XZ 10009162 f   mfc42d:MFC42D.DLL
 0001:00008168       ?GetConnectionMap@CCmdTarget@@MBEPBUAFX_CONNECTIONMAP@@XZ 10009168 f   mfc42d:MFC42D.DLL
 0001:0000816e       ?GetDispatchMap@CCmdTarget@@MBEPBUAFX_DISPMAP@@XZ 1000916e f   mfc42d:MFC42D.DLL
 0001:00008174       ?GetCommandMap@CCmdTarget@@MBEPBUAFX_OLECMDMAP@@XZ 10009174 f   mfc42d:MFC42D.DLL
 0001:0000817a       ?GetTypeLib@CCmdTarget@@UAEJKPAPAUITypeLib@@@Z 1000917a f   mfc42d:MFC42D.DLL
 0001:00008180       ?GetTypeLibCache@CCmdTarget@@UAEPAVCTypeLibCache@@XZ 10009180 f   mfc42d:MFC42D.DLL
 0001:00008186       ?GetTypeInfoCount@CCmdTarget@@UAEIXZ 10009186 f   mfc42d:MFC42D.DLL
 0001:0000818c       ?GetDispatchIID@CCmdTarget@@UAEHPAU_GUID@@@Z 1000918c f   mfc42d:MFC42D.DLL
 0001:00008192       ?IsInvokeAllowed@CCmdTarget@@UAEHJ@Z 10009192 f   mfc42d:MFC42D.DLL
 0001:00008198       ?OnFinalRelease@CWnd@@UAEXXZ 10009198 f   mfc42d:MFC42D.DLL
 0001:0000819e       ?OnCmdMsg@CCmdTarget@@UAEHIHPAXPAUAFX_CMDHANDLERINFO@@@Z 1000919e f   mfc42d:MFC42D.DLL
 0001:000081a4       ?Dump@CWnd@@UBEXAAVCDumpContext@@@Z 100091a4 f   mfc42d:MFC42D.DLL
 0001:000081aa       ?AssertValid@CWnd@@UBEXXZ  100091aa f   mfc42d:MFC42D.DLL
 0001:000081b0       ?Serialize@CObject@@UAEXAAVCArchive@@@Z 100091b0 f   mfc42d:MFC42D.DLL
 0001:000081b6       ?GetRuntimeClass@CWnd@@UBEPAUCRuntimeClass@@XZ 100091b6 f   mfc42d:MFC42D.DLL
 0001:000081bc       ??0CRect@@QAE@XZ           100091bc f   mfc42d:MFC42D.DLL
 0001:000081c2       ??0CWnd@@QAE@XZ            100091c2 f   mfc42d:MFC42D.DLL
 0001:000081c8       ??3CObject@@SGXPAX@Z       100091c8 f   mfc42d:MFC42D.DLL
 0001:000081ce       ??3@YAXPAX@Z               100091ce f   mfc42d:MFC42D.DLL
 0001:000081d4       ??1CWnd@@UAE@XZ            100091d4 f   mfc42d:MFC42D.DLL
 0001:000081da       ?Detach@CWnd@@QAEPAUHWND__@@XZ 100091da f   mfc42d:MFC42D.DLL
 0001:000081e0       ?AfxAssertFailedLine@@YGHPBDH@Z 100091e0 f   mfc42d:MFC42D.DLL
 0001:000081e6       ?AfxGetAfxWndProc@@YGP6GJPAUHWND__@@IIJ@ZXZ 100091e6 f   mfc42d:MFC42D.DLL
 0001:000081ec       ?Attach@CWnd@@QAEHPAUHWND__@@@Z 100091ec f   mfc42d:MFC42D.DLL
 0001:000081f2       ??2CObject@@SGPAXIPBDH@Z   100091f2 f   mfc42d:MFC42D.DLL
 0001:000081f8       ?OnCreate@CWnd@@IAEHPAUtagCREATESTRUCTA@@@Z 100091f8 f   mfc42d:MFC42D.DLL
 0001:000081fe       ?InflateRect@CRect@@QAEXHH@Z 100091fe f   mfc42d:MFC42D.DLL
 0001:00008204       ?Height@CRect@@QBEHXZ      10009204 f   mfc42d:MFC42D.DLL
 0001:0000820a       ?Width@CRect@@QBEHXZ       1000920a f   mfc42d:MFC42D.DLL
 0001:00008210       ?GetClientRect@CWnd@@QBEXPAUtagRECT@@@Z 10009210 f   mfc42d:MFC42D.DLL
 0001:00008216       ?OnSize@CWnd@@IAEXIHH@Z    10009216 f   mfc42d:MFC42D.DLL
 0001:0000821c       ??0CRect@@QAE@HHHH@Z       1000921c f   mfc42d:MFC42D.DLL
 0001:00008222       ??1CPaintDC@@UAE@XZ        10009222 f   mfc42d:MFC42D.DLL
 0001:00008228       ??BCDC@@QBEPAUHDC__@@XZ    10009228 f   mfc42d:MFC42D.DLL
 0001:0000822e       ??0CPaintDC@@QAE@PAVCWnd@@@Z 1000922e f   mfc42d:MFC42D.DLL
 0001:00008234       ??BCRect@@QAEPAUtagRECT@@XZ 10009234 f   mfc42d:MFC42D.DLL
 0001:0000823a       ?OnLButtonDown@CWnd@@IAEXIVCPoint@@@Z 1000923a f   mfc42d:MFC42D.DLL
 0001:00008240       ?OnLButtonUp@CWnd@@IAEXIVCPoint@@@Z 10009240 f   mfc42d:MFC42D.DLL
 0001:00008246       ?OnMouseMove@CWnd@@IAEXIVCPoint@@@Z 10009246 f   mfc42d:MFC42D.DLL
 0001:0000824c       ?OnKillFocus@CWnd@@IAEXPAV1@@Z 1000924c f   mfc42d:MFC42D.DLL
 0001:00008252       ?OnSetFocus@CWnd@@IAEXPAV1@@Z 10009252 f   mfc42d:MFC42D.DLL
 0001:00008258       ?OnKeyDown@CWnd@@IAEXIII@Z 10009258 f   mfc42d:MFC42D.DLL
 0001:0000825e       ?OnLButtonDblClk@CWnd@@IAEXIVCPoint@@@Z 1000925e f   mfc42d:MFC42D.DLL
 0001:00008264       ?UpdateWindow@CWnd@@QAEXXZ 10009264 f   mfc42d:MFC42D.DLL
 0001:0000826a       ?InvalidateRect@CWnd@@QAEXPBUtagRECT@@H@Z 1000926a f   mfc42d:MFC42D.DLL
 0001:00008270       ??0CPoint@@QAE@HH@Z        10009270 f   mfc42d:MFC42D.DLL
 0001:00008276       ?DeflateRect@CRect@@QAEXHH@Z 10009276 f   mfc42d:MFC42D.DLL
 0001:0000827c       ?ClientToScreen@CWnd@@QBEXPAUtagRECT@@@Z 1000927c f   mfc42d:MFC42D.DLL
 0001:00008282       ?SetCapture@CWnd@@QAEPAV1@XZ 10009282 f   mfc42d:MFC42D.DLL
 0001:00008288       ?AfxSetResourceHandle@@YGXPAUHINSTANCE__@@@Z 10009288 f   mfc42d:MFC42D.DLL
 0001:0000828e       ?AfxGetResourceHandle@@YGPAUHINSTANCE__@@XZ 1000928e f   mfc42d:MFC42D.DLL
 0001:00008294       ?FromHandle@CWnd@@SGPAV1@PAUHWND__@@@Z 10009294 f   mfc42d:MFC42D.DLL
 0001:0000829a       ?DoModal@CDialog@@UAEHXZ   1000929a f   mfc42d:MFC42D.DLL
 0001:000082a0       ??1CDialog@@UAE@XZ         100092a0 f   mfc42d:MFC42D.DLL
 0001:000082a6       ??1CSpinButtonCtrl@@UAE@XZ 100092a6 f   mfc42d:MFC42D.DLL
 0001:000082ac       ?PreInitDialog@CDialog@@MAEXXZ 100092ac f   mfc42d:MFC42D.DLL
 0001:000082b2       ?OnCancel@CDialog@@MAEXXZ  100092b2 f   mfc42d:MFC42D.DLL
 0001:000082b8       ?OnOK@CDialog@@MAEXXZ      100092b8 f   mfc42d:MFC42D.DLL
 0001:000082be       ?OnSetFont@CDialog@@UAEXPAVCFont@@@Z 100092be f   mfc42d:MFC42D.DLL
 0001:000082c4       ?SetOccDialogInfo@CDialog@@MAEHPAU_AFX_OCC_DIALOG_INFO@@@Z 100092c4 f   mfc42d:MFC42D.DLL
 0001:000082ca       ?CheckAutoCenter@CDialog@@UAEHXZ 100092ca f   mfc42d:MFC42D.DLL
 0001:000082d0       ?PreTranslateMessage@CDialog@@UAEHPAUtagMSG@@@Z 100092d0 f   mfc42d:MFC42D.DLL
 0001:000082d6       ?Create@CWnd@@UAEHPBD0KABUtagRECT@@PAV1@IPAUCCreateContext@@@Z 100092d6 f   mfc42d:MFC42D.DLL
 0001:000082dc       ?OnCmdMsg@CDialog@@UAEHIHPAXPAUAFX_CMDHANDLERINFO@@@Z 100092dc f   mfc42d:MFC42D.DLL
 0001:000082e2       ?Dump@CDialog@@UBEXAAVCDumpContext@@@Z 100092e2 f   mfc42d:MFC42D.DLL
 0001:000082e8       ?AssertValid@CDialog@@UBEXXZ 100092e8 f   mfc42d:MFC42D.DLL
 0001:000082ee       ?GetRuntimeClass@CDialog@@UBEPAUCRuntimeClass@@XZ 100092ee f   mfc42d:MFC42D.DLL
 0001:000082f4       ??0CSpinButtonCtrl@@QAE@XZ 100092f4 f   mfc42d:MFC42D.DLL
 0001:000082fa       ??0CDialog@@QAE@IPAVCWnd@@@Z 100092fa f   mfc42d:MFC42D.DLL
 0001:00008300       ?Create@CDialog@@QAEHIPAVCWnd@@@Z 10009300 f   mfc42d:MFC42D.DLL
 0001:00008306       ?DDX_Control@@YGXPAVCDataExchange@@HAAVCWnd@@@Z 10009306 f   mfc42d:MFC42D.DLL
 0001:0000830c       ?SetPos@CSpinButtonCtrl@@QAEHH@Z 1000930c f   mfc42d:MFC42D.DLL
 0001:00008312       ?SetRange@CSpinButtonCtrl@@QAEXHH@Z 10009312 f   mfc42d:MFC42D.DLL
 0001:00008318       ?OnInitDialog@CDialog@@UAEHXZ 10009318 f   mfc42d:MFC42D.DLL
 0001:0000831e       ?GetPos@CSpinButtonCtrl@@QBEHXZ 1000931e f   mfc42d:MFC42D.DLL
 0001:00008324       ?GetDlgItemInt@CWnd@@QBEIHPAHH@Z 10009324 f   mfc42d:MFC42D.DLL
 0001:0000832a       ?AfxGetModuleState@@YGPAVAFX_MODULE_STATE@@XZ 1000932a f   mfc42d:MFC42D.DLL
 0001:00008330       ?AfxTermExtensionModule@@YGXAAUAFX_EXTENSION_MODULE@@H@Z 10009330 f   mfc42d:MFC42D.DLL
 0001:00008336       ??0CDynLinkLibrary@@QAE@AAUAFX_EXTENSION_MODULE@@H@Z 10009336 f   mfc42d:MFC42D.DLL
 0001:0000833c       ?AfxInitExtensionModule@@YGHAAUAFX_EXTENSION_MODULE@@PAUHINSTANCE__@@@Z 1000933c f   mfc42d:MFC42D.DLL
 0001:00008342       ?AfxTrace@@YAXPBDZZ        10009342 f   mfc42d:MFC42D.DLL
 0001:00008350       _memset                    10009350 f   msvcrtd:MSVCRTD.dll
 0001:00008356       __ftol                     10009356 f   msvcrtd:MSVCRTD.dll
 0001:0000835c       _memmove                   1000935c f   msvcrtd:MSVCRTD.dll
 0001:00008362       _abs                       10009362 f   msvcrtd:MSVCRTD.dll
 0001:00008368       _sin                       10009368 f   msvcrtd:MSVCRTD.dll
 0001:0000836e       _cos                       1000936e f   msvcrtd:MSVCRTD.dll
 0001:00008374       _atan2                     10009374 f   msvcrtd:MSVCRTD.dll
 0001:0000837a       _sqrt                      1000937a f   msvcrtd:MSVCRTD.dll
 0001:00008380       _fabs                      10009380 f   msvcrtd:MSVCRTD.dll
 0001:00008390       __CRT_INIT@12              10009390 f   msvcrtd:crtdll.obj
 0001:000084a0       __DllMainCRTStartup@12     100094a0 f   msvcrtd:crtdll.obj
 0001:00008594       __free_dbg                 10009594 f   msvcrtd:MSVCRTD.dll
 0001:0000859a       __initterm                 1000959a f   msvcrtd:MSVCRTD.dll
 0001:000085a0       __onexit                   100095a0 f   msvcrtd:atonexit.obj
 0001:000085e0       _atexit                    100095e0 f   msvcrtd:atonexit.obj
 0001:000085f8       __malloc_dbg               100095f8 f   msvcrtd:MSVCRTD.dll
 0001:000085fe       ___dllonexit               100095fe f   msvcrtd:MSVCRTD.dll
 0001:00008604       _GetPropA@8                10009604 f   user32:USER32.dll
 0001:0000860a       _RegisterClassA@4          1000960a f   user32:USER32.dll
 0001:00008610       _LoadCursorA@8             10009610 f   user32:USER32.dll
 0001:00008616       _GetClassInfoA@12          10009616 f   user32:USER32.dll
 0001:0000861c       _DefWindowProcA@16         1000961c f   user32:USER32.dll
 0001:00008622       _SetPropA@12               10009622 f   user32:USER32.dll
 0001:00008628       _SetWindowLongA@12         10009628 f   user32:USER32.dll
 0001:0000862e       _CreateWindowExA@48        1000962e f   user32:USER32.dll
 0001:00008634       _ReleaseDC@8               10009634 f   user32:USER32.dll
 0001:0000863a       _GetDC@4                   1000963a f   user32:USER32.dll
 0001:00008640       _GetWindowLongA@8          10009640 f   user32:USER32.dll
 0001:00008646       _FillRect@12               10009646 f   user32:USER32.dll
 0001:0000864c       _DrawFocusRect@8           1000964c f   user32:USER32.dll
 0001:00008652       _GetFocus@0                10009652 f   user32:USER32.dll
 0001:00008658       _LoadBitmapA@8             10009658 f   user32:USER32.dll
 0001:0000865e       _ReleaseCapture@0          1000965e f   user32:USER32.dll
 0001:00008664       _GetAsyncKeyState@4        10009664 f   user32:USER32.dll
 0001:0000866a       _SetCapture@4              1000966a f   user32:USER32.dll
 0001:00008670       _SetFocus@4                10009670 f   user32:USER32.dll
 0001:00008676       _SendMessageA@16           10009676 f   user32:USER32.dll
 0001:0000867c       _GetParent@4               1000967c f   user32:USER32.dll
 0001:00008682       _ClipCursor@4              10009682 f   user32:USER32.dll
 0001:00008688       _GetDlgItem@8              10009688 f   user32:USER32.dll
 0001:0000868e       _UpdateWindow@4            1000968e f   user32:USER32.dll
 0001:00008694       _GetSysColor@4             10009694 f   user32:USER32.dll
 0001:0000869a       _DeleteObject@4            1000969a f   gdi32:GDI32.dll
 0001:000086a0       _CreateCompatibleDC@4      100096a0 f   gdi32:GDI32.dll
 0001:000086a6       _CreateDIBSection@24       100096a6 f   gdi32:GDI32.dll
 0001:000086ac       _SelectObject@8            100096ac f   gdi32:GDI32.dll
 0001:000086b2       _BitBlt@36                 100096b2 f   gdi32:GDI32.dll
 0001:000086b8       _DeleteDC@4                100096b8 f   gdi32:GDI32.dll
 0001:000086be       _GetObjectA@12             100096be f   gdi32:GDI32.dll
 0001:000097a0       __enc$textbss$begin        1000a7a0     <linker-defined>
 0001:000197a0       __enc$textbss$end          1001a7a0     <linker-defined>
 0002:00000020       ?messageMap@ColorBarClass@@1UAFX_MSGMAP@@B 1001b020     ColorBar.obj
 0002:00000028       ?_messageEntries@ColorBarClass@@0QBUAFX_MSGMAP_ENTRY@@B 1001b028     ColorBar.obj
 0002:00000168       ??_C@_0N@HEEK@CLASSPOINTER?$AA@ 1001b168     ColorBar.obj
 0002:00000178       ??_7ColorBarClass@@6B@     1001b178     ColorBar.obj
 0002:00000260       ??_C@_0L@OFGJ@WWCOLORBAR?$AA@ 1001b260     ColorBar.obj
 0002:00000270       ??_C@_07JCAN@CREATED?$AA@  1001b270     ColorBar.obj
 0002:0000027c       __real@4@4006ff00000000000000 1001b27c     ColorBar.obj
 0002:00000280       __real@4@40068000000000000000 1001b280     ColorBar.obj
 0002:00000284       __real@4@3fff8000000000000000 1001b284     ColorBar.obj
 0002:00000288       __real@4@3ff8a3d70a0000000000 1001b288     ColorBar.obj
 0002:00000290       ?messageMap@ColorPickerClass@@1UAFX_MSGMAP@@B 1001b290     ColorPicker.obj
 0002:00000298       ?_messageEntries@ColorPickerClass@@0QBUAFX_MSGMAP_ENTRY@@B 1001b298     ColorPicker.obj
 0002:00000380       ??_7ColorPickerClass@@6B@  1001b380     ColorPicker.obj
 0002:00000468       ??_C@_0O@DEMD@WWCOLORPICKER?$AA@ 1001b468     ColorPicker.obj
 0002:00000478       __real@4@00000000000000000000 1001b478     ColorPicker.obj
 0002:0000047c       __real@4@4001c90fdb0000000000 1001b47c     ColorPicker.obj
 0002:00000480       ?messageMap@ColorPickerDialogClass@@1UAFX_MSGMAP@@B 1001b480     ColorPickerDialogClass.obj
 0002:00000488       ?_messageEntries@ColorPickerDialogClass@@0QBUAFX_MSGMAP_ENTRY@@B 1001b488     ColorPickerDialogClass.obj
 0002:000004c4       ??_C@_0BE@CCEM@COLORPICKERDLGCLASS?$AA@ 1001b4c4     ColorPickerDialogClass.obj
 0002:000004dc       ??_7ColorPickerDialogClass@@6B@ 1001b4dc     ColorPickerDialogClass.obj
 0002:000005e0       ??_C@_0BJ@JCKK@WWCTRL?4DLL?5Terminating?$CB?6?$AA@ 1001b5e0     WWCtrl.obj
 0002:00000600       ??_C@_02DILL@?$CFs?$AA@    1001b600     WWCtrl.obj
 0002:00000604       ??_C@_0BK@DPAJ@WWCTRL?4DLL?5Initializing?$CB?6?$AA@ 1001b604     WWCtrl.obj
 0002:00000628       _IID_IDocHostUIHandlerDispatch 1001b628     mfcs42d:stdafx.obj
 0002:00000638       _IID_IInternalConnection   1001b638     mfcs42d:stdafx.obj
 0002:00000648       _IID_IAxWinAmbientDispatch 1001b648     mfcs42d:stdafx.obj
 0002:00000658       _IID_IAxWinHostWindow      1001b658     mfcs42d:stdafx.obj
 0002:00000668       _IID_IRegistrar            1001b668     mfcs42d:stdafx.obj
 0002:00000678       _CLSID_Registrar           1001b678     mfcs42d:stdafx.obj
 0002:00000688       _LIBID_ATLLib              1001b688     mfcs42d:stdafx.obj
 0002:00000698       ??_C@_08JKC@crtdll?4c?$AA@ 1001b698     msvcrtd:crtdll.obj
 0003:00000000       ___xc_a                    1001d000     msvcrtd:cinitexe.obj
 0003:00000104       ___xc_z                    1001d104     msvcrtd:cinitexe.obj
 0003:00000208       ___xi_a                    1001d208     msvcrtd:cinitexe.obj
 0003:0000030c       ___xi_z                    1001d30c     msvcrtd:cinitexe.obj
 0003:00000460       ?__LINE__Var@?1??fnColorBarProc@@YGJPAUHWND__@@IIJ@Z@4FA 1001d460     ColorBar.obj
 0003:000004b8       ?__LINE__Var@?1??fnColorPickerProc@@YGJPAUHWND__@@IIJ@Z@4FA 1001d4b8     ColorPicker.obj
 0003:0000051c       ?__LINE__Var@?1??Create_Color_Picker_Form@@9@4FA 1001d51c     ColorPickerDialogClass.obj
 0003:00000520       __pRawDllMain              1001d520     WWCtrl.obj
 0003:00000570       ?__LINE__Var@?1??DllMain@@9@12@4FA 1001d570     WWCtrl.obj
 0003:00000578       ?GUID_ATLVer30@ATL@@3U_GUID@@A 1001d578     mfcs42d:stdafx.obj
 0003:000006a0       __afxForceEXTDLL           1001d6a0     WWCtrl.obj
 0003:000006a4       ?_hinstance@@3PAUHINSTANCE__@@A 1001d6a4     WWCtrl.obj
 0003:000006c4       __afxForceEXCLUDE          1001d6c4     mfcs42d:nolib.obj
 0003:000006c8       ?ATL_CREATE_OBJECT@CComApartment@ATL@@2IA 1001d6c8     mfcs42d:stdafx.obj
 0003:000006d0       ?m_libid@CComModule@ATL@@2U_GUID@@A 1001d6d0     mfcs42d:stdafx.obj
 0003:000006e0       ?_pModule@ATL@@3PAVCComModule@1@A 1001d6e0     mfcs42d:stdafx.obj
 0003:000006e4       __afxForceSTDAFX           1001d6e4     mfcs42d:stdafx.obj
 0003:000006ec       __adjust_fdiv              1001d6ec     <common>
 0003:000006f8       ___onexitend               1001d6f8     <common>
 0003:00000708       ___onexitbegin             1001d708     <common>
 0004:00000000       __IMPORT_DESCRIPTOR_MFC42D 1001e000     mfc42d:MFC42D.DLL
 0004:00000014       __IMPORT_DESCRIPTOR_MSVCRTD 1001e014     msvcrtd:MSVCRTD.dll
 0004:00000028       __IMPORT_DESCRIPTOR_USER32 1001e028     user32:USER32.dll
 0004:0000003c       __IMPORT_DESCRIPTOR_GDI32  1001e03c     gdi32:GDI32.dll
 0004:00000050       __NULL_IMPORT_DESCRIPTOR   1001e050     mfc42d:MFC42D.DLL
 0004:00000410       __imp__CreateCompatibleDC@4 1001e410     gdi32:GDI32.dll
 0004:00000414       __imp__CreateDIBSection@24 1001e414     gdi32:GDI32.dll
 0004:00000418       __imp__SelectObject@8      1001e418     gdi32:GDI32.dll
 0004:0000041c       __imp__BitBlt@36           1001e41c     gdi32:GDI32.dll
 0004:00000420       __imp__DeleteDC@4          1001e420     gdi32:GDI32.dll
 0004:00000424       __imp__GetObjectA@12       1001e424     gdi32:GDI32.dll
 0004:00000428       __imp__DeleteObject@4      1001e428     gdi32:GDI32.dll
 0004:0000042c       \177GDI32_NULL_THUNK_DATA  1001e42c     gdi32:GDI32.dll
 0004:0000045c       __imp_?OnAmbientProperty@CWnd@@UAEHPAVCOleControlSite@@JPAUtagVARIANT@@@Z 1001e45c     mfc42d:MFC42D.DLL
 0004:00000460       __imp_?PreTranslateMessage@CWnd@@UAEHPAUtagMSG@@@Z 1001e460     mfc42d:MFC42D.DLL
 0004:00000464       __imp_?EndModalState@CWnd@@UAEXXZ 1001e464     mfc42d:MFC42D.DLL
 0004:00000468       __imp_?BeginModalState@CWnd@@UAEXXZ 1001e468     mfc42d:MFC42D.DLL
 0004:0000046c       __imp_?DoDataExchange@CWnd@@MAEXPAVCDataExchange@@@Z 1001e46c     mfc42d:MFC42D.DLL
 0004:00000470       __imp_?GetSuperWndProcAddr@CWnd@@MAEPAP6GJPAUHWND__@@IIJ@ZXZ 1001e470     mfc42d:MFC42D.DLL
 0004:00000474       __imp_?OnNotify@CWnd@@MAEHIJPAJ@Z 1001e474     mfc42d:MFC42D.DLL
 0004:00000478       __imp_?OnCommand@CWnd@@MAEHIJ@Z 1001e478     mfc42d:MFC42D.DLL
 0004:0000047c       __imp_?EndModalLoop@CWnd@@UAEXH@Z 1001e47c     mfc42d:MFC42D.DLL
 0004:00000480       __imp_?ContinueModal@CWnd@@UAEHXZ 1001e480     mfc42d:MFC42D.DLL
 0004:00000484       __imp_?WinHelpA@CWnd@@UAEXKI@Z 1001e484     mfc42d:MFC42D.DLL
 0004:00000488       __imp_?GetScrollBarCtrl@CWnd@@UBEPAVCScrollBar@@H@Z 1001e488     mfc42d:MFC42D.DLL
 0004:0000048c       __imp_?OnToolHitTest@CWnd@@UBEHVCPoint@@PAUtagTOOLINFOA@@@Z 1001e48c     mfc42d:MFC42D.DLL
 0004:00000490       __imp_?CalcWindowRect@CWnd@@UAEXPAUtagRECT@@I@Z 1001e490     mfc42d:MFC42D.DLL
 0004:00000494       __imp_?PreCreateWindow@CWnd@@UAEHAAUtagCREATESTRUCTA@@@Z 1001e494     mfc42d:MFC42D.DLL
 0004:00000498       __imp_?DestroyWindow@CWnd@@UAEHXZ 1001e498     mfc42d:MFC42D.DLL
 0004:0000049c       __imp_?PreSubclassWindow@CWnd@@UAEXXZ 1001e49c     mfc42d:MFC42D.DLL
 0004:000004a0       __imp_?GetConnectionHook@CCmdTarget@@MAEPAUIConnectionPoint@@ABU_GUID@@@Z 1001e4a0     mfc42d:MFC42D.DLL
 0004:000004a4       __imp_?GetExtraConnectionPoints@CCmdTarget@@MAEHPAVCPtrArray@@@Z 1001e4a4     mfc42d:MFC42D.DLL
 0004:000004a8       __imp_?GetInterfaceHook@CCmdTarget@@UAEPAUIUnknown@@PBX@Z 1001e4a8     mfc42d:MFC42D.DLL
 0004:000004ac       __imp_?OnCreateAggregates@CCmdTarget@@UAEHXZ 1001e4ac     mfc42d:MFC42D.DLL
 0004:000004b0       __imp_?GetEventSinkMap@CCmdTarget@@MBEPBUAFX_EVENTSINKMAP@@XZ 1001e4b0     mfc42d:MFC42D.DLL
 0004:000004b4       __imp_?GetInterfaceMap@CCmdTarget@@MBEPBUAFX_INTERFACEMAP@@XZ 1001e4b4     mfc42d:MFC42D.DLL
 0004:000004b8       __imp_?GetConnectionMap@CCmdTarget@@MBEPBUAFX_CONNECTIONMAP@@XZ 1001e4b8     mfc42d:MFC42D.DLL
 0004:000004bc       __imp_?GetDispatchMap@CCmdTarget@@MBEPBUAFX_DISPMAP@@XZ 1001e4bc     mfc42d:MFC42D.DLL
 0004:000004c0       __imp_?GetCommandMap@CCmdTarget@@MBEPBUAFX_OLECMDMAP@@XZ 1001e4c0     mfc42d:MFC42D.DLL
 0004:000004c4       __imp_?GetTypeLib@CCmdTarget@@UAEJKPAPAUITypeLib@@@Z 1001e4c4     mfc42d:MFC42D.DLL
 0004:000004c8       __imp_?GetTypeLibCache@CCmdTarget@@UAEPAVCTypeLibCache@@XZ 1001e4c8     mfc42d:MFC42D.DLL
 0004:000004cc       __imp_?GetTypeInfoCount@CCmdTarget@@UAEIXZ 1001e4cc     mfc42d:MFC42D.DLL
 0004:000004d0       __imp_?GetDispatchIID@CCmdTarget@@UAEHPAU_GUID@@@Z 1001e4d0     mfc42d:MFC42D.DLL
 0004:000004d4       __imp_?IsInvokeAllowed@CCmdTarget@@UAEHJ@Z 1001e4d4     mfc42d:MFC42D.DLL
 0004:000004d8       __imp_?OnFinalRelease@CWnd@@UAEXXZ 1001e4d8     mfc42d:MFC42D.DLL
 0004:000004dc       __imp_?OnCmdMsg@CCmdTarget@@UAEHIHPAXPAUAFX_CMDHANDLERINFO@@@Z 1001e4dc     mfc42d:MFC42D.DLL
 0004:000004e0       __imp_?Dump@CWnd@@UBEXAAVCDumpContext@@@Z 1001e4e0     mfc42d:MFC42D.DLL
 0004:000004e4       __imp_?AssertValid@CWnd@@UBEXXZ 1001e4e4     mfc42d:MFC42D.DLL
 0004:000004e8       __imp_?Serialize@CObject@@UAEXAAVCArchive@@@Z 1001e4e8     mfc42d:MFC42D.DLL
 0004:000004ec       __imp_?GetRuntimeClass@CWnd@@UBEPAUCRuntimeClass@@XZ 1001e4ec     mfc42d:MFC42D.DLL
 0004:000004f0       __imp_??0CRect@@QAE@XZ     1001e4f0     mfc42d:MFC42D.DLL
 0004:000004f4       __imp_??0CWnd@@QAE@XZ      1001e4f4     mfc42d:MFC42D.DLL
 0004:000004f8       __imp_??3CObject@@SGXPAX@Z 1001e4f8     mfc42d:MFC42D.DLL
 0004:000004fc       __imp_??3@YAXPAX@Z         1001e4fc     mfc42d:MFC42D.DLL
 0004:00000500       __imp_??1CWnd@@UAE@XZ      1001e500     mfc42d:MFC42D.DLL
 0004:00000504       __imp_?messageMap@CWnd@@1UAFX_MSGMAP@@B 1001e504     mfc42d:MFC42D.DLL
 0004:00000508       __imp_?Detach@CWnd@@QAEPAUHWND__@@XZ 1001e508     mfc42d:MFC42D.DLL
 0004:0000050c       __imp_?AfxAssertFailedLine@@YGHPBDH@Z 1001e50c     mfc42d:MFC42D.DLL
 0004:00000510       __imp_?AfxGetAfxWndProc@@YGP6GJPAUHWND__@@IIJ@ZXZ 1001e510     mfc42d:MFC42D.DLL
 0004:00000514       __imp_?Attach@CWnd@@QAEHPAUHWND__@@@Z 1001e514     mfc42d:MFC42D.DLL
 0004:00000518       __imp_??2CObject@@SGPAXIPBDH@Z 1001e518     mfc42d:MFC42D.DLL
 0004:0000051c       __imp_?OnCreate@CWnd@@IAEHPAUtagCREATESTRUCTA@@@Z 1001e51c     mfc42d:MFC42D.DLL
 0004:00000520       __imp_?InflateRect@CRect@@QAEXHH@Z 1001e520     mfc42d:MFC42D.DLL
 0004:00000524       __imp_?Height@CRect@@QBEHXZ 1001e524     mfc42d:MFC42D.DLL
 0004:00000528       __imp_?Width@CRect@@QBEHXZ 1001e528     mfc42d:MFC42D.DLL
 0004:0000052c       __imp_?WindowProc@CWnd@@MAEJIIJ@Z 1001e52c     mfc42d:MFC42D.DLL
 0004:00000530       __imp_?OnSize@CWnd@@IAEXIHH@Z 1001e530     mfc42d:MFC42D.DLL
 0004:00000534       __imp_??0CRect@@QAE@HHHH@Z 1001e534     mfc42d:MFC42D.DLL
 0004:00000538       __imp_??1CPaintDC@@UAE@XZ  1001e538     mfc42d:MFC42D.DLL
 0004:0000053c       __imp_??BCDC@@QBEPAUHDC__@@XZ 1001e53c     mfc42d:MFC42D.DLL
 0004:00000540       __imp_??0CPaintDC@@QAE@PAVCWnd@@@Z 1001e540     mfc42d:MFC42D.DLL
 0004:00000544       __imp_??BCRect@@QAEPAUtagRECT@@XZ 1001e544     mfc42d:MFC42D.DLL
 0004:00000548       __imp_?OnLButtonDown@CWnd@@IAEXIVCPoint@@@Z 1001e548     mfc42d:MFC42D.DLL
 0004:0000054c       __imp_?OnLButtonUp@CWnd@@IAEXIVCPoint@@@Z 1001e54c     mfc42d:MFC42D.DLL
 0004:00000550       __imp_?OnMouseMove@CWnd@@IAEXIVCPoint@@@Z 1001e550     mfc42d:MFC42D.DLL
 0004:00000554       __imp_?OnKillFocus@CWnd@@IAEXPAV1@@Z 1001e554     mfc42d:MFC42D.DLL
 0004:00000558       __imp_?OnSetFocus@CWnd@@IAEXPAV1@@Z 1001e558     mfc42d:MFC42D.DLL
 0004:0000055c       __imp_?OnKeyDown@CWnd@@IAEXIII@Z 1001e55c     mfc42d:MFC42D.DLL
 0004:00000560       __imp_?OnLButtonDblClk@CWnd@@IAEXIVCPoint@@@Z 1001e560     mfc42d:MFC42D.DLL
 0004:00000564       __imp_?UpdateWindow@CWnd@@QAEXXZ 1001e564     mfc42d:MFC42D.DLL
 0004:00000568       __imp_?InvalidateRect@CWnd@@QAEXPBUtagRECT@@H@Z 1001e568     mfc42d:MFC42D.DLL
 0004:0000056c       __imp_??0CPoint@@QAE@HH@Z  1001e56c     mfc42d:MFC42D.DLL
 0004:00000570       __imp_?DeflateRect@CRect@@QAEXHH@Z 1001e570     mfc42d:MFC42D.DLL
 0004:00000574       __imp_?ClientToScreen@CWnd@@QBEXPAUtagRECT@@@Z 1001e574     mfc42d:MFC42D.DLL
 0004:00000578       __imp_?SetCapture@CWnd@@QAEPAV1@XZ 1001e578     mfc42d:MFC42D.DLL
 0004:0000057c       __imp_?AfxSetResourceHandle@@YGXPAUHINSTANCE__@@@Z 1001e57c     mfc42d:MFC42D.DLL
 0004:00000580       __imp_?AfxGetResourceHandle@@YGPAUHINSTANCE__@@XZ 1001e580     mfc42d:MFC42D.DLL
 0004:00000584       __imp_?FromHandle@CWnd@@SGPAV1@PAUHWND__@@@Z 1001e584     mfc42d:MFC42D.DLL
 0004:00000588       __imp_?DoModal@CDialog@@UAEHXZ 1001e588     mfc42d:MFC42D.DLL
 0004:0000058c       __imp_??1CDialog@@UAE@XZ   1001e58c     mfc42d:MFC42D.DLL
 0004:00000590       __imp_??1CSpinButtonCtrl@@UAE@XZ 1001e590     mfc42d:MFC42D.DLL
 0004:00000594       __imp_?PreInitDialog@CDialog@@MAEXXZ 1001e594     mfc42d:MFC42D.DLL
 0004:00000598       __imp_?OnCancel@CDialog@@MAEXXZ 1001e598     mfc42d:MFC42D.DLL
 0004:0000059c       __imp_?OnOK@CDialog@@MAEXXZ 1001e59c     mfc42d:MFC42D.DLL
 0004:000005a0       __imp_?OnSetFont@CDialog@@UAEXPAVCFont@@@Z 1001e5a0     mfc42d:MFC42D.DLL
 0004:000005a4       __imp_?SetOccDialogInfo@CDialog@@MAEHPAU_AFX_OCC_DIALOG_INFO@@@Z 1001e5a4     mfc42d:MFC42D.DLL
 0004:000005a8       __imp_?CheckAutoCenter@CDialog@@UAEHXZ 1001e5a8     mfc42d:MFC42D.DLL
 0004:000005ac       __imp_?PreTranslateMessage@CDialog@@UAEHPAUtagMSG@@@Z 1001e5ac     mfc42d:MFC42D.DLL
 0004:000005b0       __imp_?Create@CWnd@@UAEHPBD0KABUtagRECT@@PAV1@IPAUCCreateContext@@@Z 1001e5b0     mfc42d:MFC42D.DLL
 0004:000005b4       __imp_?OnCmdMsg@CDialog@@UAEHIHPAXPAUAFX_CMDHANDLERINFO@@@Z 1001e5b4     mfc42d:MFC42D.DLL
 0004:000005b8       __imp_?Dump@CDialog@@UBEXAAVCDumpContext@@@Z 1001e5b8     mfc42d:MFC42D.DLL
 0004:000005bc       __imp_?AssertValid@CDialog@@UBEXXZ 1001e5bc     mfc42d:MFC42D.DLL
 0004:000005c0       __imp_?GetRuntimeClass@CDialog@@UBEPAUCRuntimeClass@@XZ 1001e5c0     mfc42d:MFC42D.DLL
 0004:000005c4       __imp_??0CSpinButtonCtrl@@QAE@XZ 1001e5c4     mfc42d:MFC42D.DLL
 0004:000005c8       __imp_??0CDialog@@QAE@IPAVCWnd@@@Z 1001e5c8     mfc42d:MFC42D.DLL
 0004:000005cc       __imp_?Create@CDialog@@QAEHIPAVCWnd@@@Z 1001e5cc     mfc42d:MFC42D.DLL
 0004:000005d0       __imp_?DDX_Control@@YGXPAVCDataExchange@@HAAVCWnd@@@Z 1001e5d0     mfc42d:MFC42D.DLL
 0004:000005d4       __imp_?messageMap@CDialog@@1UAFX_MSGMAP@@B 1001e5d4     mfc42d:MFC42D.DLL
 0004:000005d8       __imp_?SetPos@CSpinButtonCtrl@@QAEHH@Z 1001e5d8     mfc42d:MFC42D.DLL
 0004:000005dc       __imp_?SetRange@CSpinButtonCtrl@@QAEXHH@Z 1001e5dc     mfc42d:MFC42D.DLL
 0004:000005e0       __imp_?OnInitDialog@CDialog@@UAEHXZ 1001e5e0     mfc42d:MFC42D.DLL
 0004:000005e4       __imp_?GetPos@CSpinButtonCtrl@@QBEHXZ 1001e5e4     mfc42d:MFC42D.DLL
 0004:000005e8       __imp_?GetDlgItemInt@CWnd@@QBEIHPAHH@Z 1001e5e8     mfc42d:MFC42D.DLL
 0004:000005ec       __imp_?AfxGetModuleState@@YGPAVAFX_MODULE_STATE@@XZ 1001e5ec     mfc42d:MFC42D.DLL
 0004:000005f0       __imp_?AfxTermExtensionModule@@YGXAAUAFX_EXTENSION_MODULE@@H@Z 1001e5f0     mfc42d:MFC42D.DLL
 0004:000005f4       __imp_??0CDynLinkLibrary@@QAE@AAUAFX_EXTENSION_MODULE@@H@Z 1001e5f4     mfc42d:MFC42D.DLL
 0004:000005f8       __imp_?AfxInitExtensionModule@@YGHAAUAFX_EXTENSION_MODULE@@PAUHINSTANCE__@@@Z 1001e5f8     mfc42d:MFC42D.DLL
 0004:000005fc       __imp_?AfxTrace@@YAXPBDZZ  1001e5fc     mfc42d:MFC42D.DLL
 0004:00000600       __imp_?OnWndMsg@CWnd@@MAEHIIJPAJ@Z 1001e600     mfc42d:MFC42D.DLL
 0004:00000604       __imp_?DefWindowProcA@CWnd@@MAEJIIJ@Z 1001e604     mfc42d:MFC42D.DLL
 0004:00000608       __imp_?PostNcDestroy@CWnd@@MAEXXZ 1001e608     mfc42d:MFC42D.DLL
 0004:0000060c       __imp_?OnChildNotify@CWnd@@MAEHIIJPAJ@Z 1001e60c     mfc42d:MFC42D.DLL
 0004:00000610       __imp_?CheckAutoCenter@CWnd@@UAEHXZ 1001e610     mfc42d:MFC42D.DLL
 0004:00000614       __imp_?IsFrameWnd@CWnd@@UBEHXZ 1001e614     mfc42d:MFC42D.DLL
 0004:00000618       __imp_?GetClientRect@CWnd@@QBEXPAUtagRECT@@@Z 1001e618     mfc42d:MFC42D.DLL
 0004:0000061c       __imp_?SetOccDialogInfo@CWnd@@MAEHPAU_AFX_OCC_DIALOG_INFO@@@Z 1001e61c     mfc42d:MFC42D.DLL
 0004:00000620       \177MFC42D_NULL_THUNK_DATA 1001e620     mfc42d:MFC42D.DLL
 0004:000006a4       __imp__fabs                1001e6a4     msvcrtd:MSVCRTD.dll
 0004:000006a8       __imp___free_dbg           1001e6a8     msvcrtd:MSVCRTD.dll
 0004:000006ac       __imp___initterm           1001e6ac     msvcrtd:MSVCRTD.dll
 0004:000006b0       __imp___malloc_dbg         1001e6b0     msvcrtd:MSVCRTD.dll
 0004:000006b4       __imp___adjust_fdiv        1001e6b4     msvcrtd:MSVCRTD.dll
 0004:000006b8       __imp____dllonexit         1001e6b8     msvcrtd:MSVCRTD.dll
 0004:000006bc       __imp___onexit             1001e6bc     msvcrtd:MSVCRTD.dll
 0004:000006c0       __imp__memset              1001e6c0     msvcrtd:MSVCRTD.dll
 0004:000006c4       __imp___ftol               1001e6c4     msvcrtd:MSVCRTD.dll
 0004:000006c8       __imp__memmove             1001e6c8     msvcrtd:MSVCRTD.dll
 0004:000006cc       __imp__abs                 1001e6cc     msvcrtd:MSVCRTD.dll
 0004:000006d0       __imp__sin                 1001e6d0     msvcrtd:MSVCRTD.dll
 0004:000006d4       __imp__cos                 1001e6d4     msvcrtd:MSVCRTD.dll
 0004:000006d8       __imp__atan2               1001e6d8     msvcrtd:MSVCRTD.dll
 0004:000006dc       __imp__sqrt                1001e6dc     msvcrtd:MSVCRTD.dll
 0004:000006e0       \177MSVCRTD_NULL_THUNK_DATA 1001e6e0     msvcrtd:MSVCRTD.dll
 0004:00000718       __imp__ReleaseDC@8         1001e718     user32:USER32.dll
 0004:0000071c       __imp__GetDC@4             1001e71c     user32:USER32.dll
 0004:00000720       __imp__GetWindowLongA@8    1001e720     user32:USER32.dll
 0004:00000724       __imp__FillRect@12         1001e724     user32:USER32.dll
 0004:00000728       __imp__CreateWindowExA@48  1001e728     user32:USER32.dll
 0004:0000072c       __imp__GetFocus@0          1001e72c     user32:USER32.dll
 0004:00000730       __imp__LoadBitmapA@8       1001e730     user32:USER32.dll
 0004:00000734       __imp__ReleaseCapture@0    1001e734     user32:USER32.dll
 0004:00000738       __imp__GetAsyncKeyState@4  1001e738     user32:USER32.dll
 0004:0000073c       __imp__SetCapture@4        1001e73c     user32:USER32.dll
 0004:00000740       __imp__SetFocus@4          1001e740     user32:USER32.dll
 0004:00000744       __imp__SendMessageA@16     1001e744     user32:USER32.dll
 0004:00000748       __imp__GetParent@4         1001e748     user32:USER32.dll
 0004:0000074c       __imp__ClipCursor@4        1001e74c     user32:USER32.dll
 0004:00000750       __imp__GetDlgItem@8        1001e750     user32:USER32.dll
 0004:00000754       __imp__UpdateWindow@4      1001e754     user32:USER32.dll
 0004:00000758       __imp__GetSysColor@4       1001e758     user32:USER32.dll
 0004:0000075c       __imp__SetWindowLongA@12   1001e75c     user32:USER32.dll
 0004:00000760       __imp__SetPropA@12         1001e760     user32:USER32.dll
 0004:00000764       __imp__DefWindowProcA@16   1001e764     user32:USER32.dll
 0004:00000768       __imp__GetClassInfoA@12    1001e768     user32:USER32.dll
 0004:0000076c       __imp__LoadCursorA@8       1001e76c     user32:USER32.dll
 0004:00000770       __imp__RegisterClassA@4    1001e770     user32:USER32.dll
 0004:00000774       __imp__GetPropA@8          1001e774     user32:USER32.dll
 0004:00000778       __imp__DrawFocusRect@8     1001e778     user32:USER32.dll
 0004:0000077c       \177USER32_NULL_THUNK_DATA 1001e77c     user32:USER32.dll

 entry point at        0001:000084a0

