 WWCtrlP

 Timestamp is 67aa300b (Mon Feb 10 16:57:47 2025)

 Preferred load address is 10000000

 Start         Length     Name                   Class
 0001:00000000 00007b29H .text                   CODE
 0002:00000000 00000845H .rdata                  DATA
 0002:00000850 0000163aH .edata                  DATA
 0003:00000000 00000104H .CRT$XCA                DATA
 0003:00000104 00000104H .CRT$XCZ                DATA
 0003:00000208 00000104H .CRT$XIA                DATA
 0003:0000030c 00000104H .CRT$XIZ                DATA
 0003:00000410 00000179H .data                   DATA
 0003:00000590 0000006cH .bss                    DATA
 0004:00000000 00000050H .idata$2                DATA
 0004:00000050 00000014H .idata$3                DATA
 0004:00000064 000002ecH .idata$4                DATA
 0004:00000350 000002ecH .idata$5                DATA
 0004:0000063c 000003e5H .idata$6                DATA
 0005:00000000 000002fcH .rsrc$01                DATA
 0005:00000300 0000119cH .rsrc$02                DATA

  Address         Publics by Value              Rva+Base     Lib:Object

 0001:00000500       ?Get_Point_Count@ColorBarClass@@QBEHXZ 10001500 f i ColorBar.obj
 0001:00000520       ?Get_Selection_Pos@ColorBarClass@@QBEMXZ 10001520 f i ColorBar.obj
 0001:00000540       ?Get_Range@ColorBarClass@@QBEXAAM0@Z 10001540 f i ColorBar.obj
 0001:00000570       ?Get_Color_Bar@ColorBarClass@@SAPAV1@PAUHWND__@@@Z 10001570 f i ColorBar.obj
 0001:000005a0       ??0ColorBarClass@@QAE@XZ   100015a0 f   ColorBar.obj
 0001:00000670       ??_GColorBarClass@@UAEPAXI@Z 10001670 f i ColorBar.obj
 0001:00000700       ??_EColorBarClass@@UAEPAXI@Z 10001700 f i ColorBar.obj
 0001:00000860       ??_I@YGXPAXIHP6EX0@Z@Z     10001860 f i ColorBar.obj
 0001:000008b0       ??1ColorBarClass@@UAE@XZ   100018b0 f   ColorBar.obj
 0001:00000930       ?_GetBaseMessageMap@ColorBarClass@@KGPBUAFX_MSGMAP@@XZ 10001930 f   ColorBar.obj
 0001:00000950       ?GetMessageMap@ColorBarClass@@MBEPBUAFX_MSGMAP@@XZ 10001950 f   ColorBar.obj
 0001:00000970       ?RegisterColorBar@@YAXPAUHINSTANCE__@@@Z 10001970 f   ColorBar.obj
 0001:00000a10       ?fnColorBarProc@@YGJPAUHWND__@@IIJ@Z 10001a10 f   ColorBar.obj
 0001:00000b90       ?OnCreate@ColorBarClass@@IAEHPAUtagCREATESTRUCTA@@@Z 10001b90 f   ColorBar.obj
 0001:00000bd0       ?Create@ColorBarClass@@UAEHPBD0KABUtagRECT@@PAVCWnd@@IPAUCCreateContext@@@Z 10001bd0 f   ColorBar.obj
 0001:00000c50       ?Create_Bitmap@ColorBarClass@@IAEXXZ 10001c50 f   ColorBar.obj
 0001:00000eb0       ?Free_Bitmap@ColorBarClass@@IAEXXZ 10001eb0 f   ColorBar.obj
 0001:00000ef0       ?OnSize@ColorBarClass@@IAEXIHH@Z 10001ef0 f   ColorBar.obj
 0001:00000f20       ?Paint_Bar_Vert@ColorBarClass@@IAEXHHHHPAE@Z 10001f20 f   ColorBar.obj
 0001:00001060       ?Paint_Bar_Horz@ColorBarClass@@IAEXHHHHPAE@Z 10002060 f   ColorBar.obj
 0001:00001360       ?Paint_DIB@ColorBarClass@@IAEXXZ 10002360 f   ColorBar.obj
 0001:00001620       ?OnPaint@ColorBarClass@@IAEXXZ 10002620 f   ColorBar.obj
 0001:00001670       ?Paint_Screen@ColorBarClass@@IAEXPAUHDC__@@@Z 10002670 f   ColorBar.obj
 0001:00001800       ?Get_Point@ColorBarClass@@QAE_NHPAM000@Z 10002800 f   ColorBar.obj
 0001:000018a0       ?Insert_Point@ColorBarClass@@QAE_NVCPoint@@K@Z 100028a0 f   ColorBar.obj
 0001:00001bc0       ?Insert_Point@ColorBarClass@@QAE_NHMMMMK@Z 10002bc0 f   ColorBar.obj
 0001:00001c60       ?Delete_Point@ColorBarClass@@QAE_NH@Z 10002c60 f   ColorBar.obj
 0001:00001d30       ?Modify_Point@ColorBarClass@@QAE_NHMMMMK@Z 10002d30 f   ColorBar.obj
 0001:00001e70       ?Serialize@CObject@@UAEXAAVCArchive@@@Z 10002e70 f i ColorBar.obj
 0001:00001e90       ?Set_Range@ColorBarClass@@QAEXMM@Z 10002e90 f   ColorBar.obj
 0001:00001ec0       ?Update_Point_Info@ColorBarClass@@IAEXXZ 10002ec0 f   ColorBar.obj
 0001:000020c0       ?AssertValid@CObject@@UBEXXZ 100030c0 f i ColorBar.obj
 0001:000020e0       ?Dump@CObject@@UBEXAAVCDumpContext@@@Z 100030e0 f i ColorBar.obj
 0001:00002100       ?Free_Marker_Bitmap@ColorBarClass@@IAEXXZ 10003100 f   ColorBar.obj
 0001:00002140       ?Load_Key_Frame_BMP@ColorBarClass@@IAEXXZ 10003140 f   ColorBar.obj
 0001:00002310       ?Paint_Key_Frame@ColorBarClass@@IAEXHH@Z 10003310 f   ColorBar.obj
 0001:00002450       ?Marker_From_Point@ColorBarClass@@QAEHVCPoint@@@Z 10003450 f   ColorBar.obj
 0001:00002510       ?OnLButtonDown@ColorBarClass@@IAEXIVCPoint@@@Z 10003510 f   ColorBar.obj
 0001:000026a0       ?OnLButtonUp@ColorBarClass@@IAEXIVCPoint@@@Z 100036a0 f   ColorBar.obj
 0001:000026f0       ?OnMouseMove@ColorBarClass@@IAEXIVCPoint@@@Z 100036f0 f   ColorBar.obj
 0001:000028d0       ?Send_Notification@ColorBarClass@@QAEJHH@Z 100038d0 f   ColorBar.obj
 0001:000029a0       ?OnKillFocus@ColorBarClass@@IAEXPAVCWnd@@@Z 100039a0 f   ColorBar.obj
 0001:000029e0       ?OnSetFocus@ColorBarClass@@IAEXPAVCWnd@@@Z 100039e0 f   ColorBar.obj
 0001:00002a20       ?OnKeyDown@ColorBarClass@@IAEXIII@Z 10003a20 f   ColorBar.obj
 0001:00002b40       ?OnLButtonDblClk@ColorBarClass@@IAEXIVCPoint@@@Z 10003b40 f   ColorBar.obj
 0001:00002b80       ?Get_Selection_Rectangle@ColorBarClass@@IAEXAAVCRect@@@Z 10003b80 f   ColorBar.obj
 0001:00002cb0       ?Set_Selection_Pos@ColorBarClass@@QAEXM@Z 10003cb0 f   ColorBar.obj
 0001:00002d00       ?Move_Selection@ColorBarClass@@IAEXVCPoint@@_N@Z 10003d00 f   ColorBar.obj
 0001:00002df0       ?Move_Selection@ColorBarClass@@IAEXM_N@Z 10003df0 f   ColorBar.obj
 0001:00002f00       ?Get_Color@ColorBarClass@@QAEXMPAM00@Z 10003f00 f   ColorBar.obj
 0001:00003060       ?Clear_Points@ColorBarClass@@QAEXXZ 10004060 f   ColorBar.obj
 0001:000030b0       ?Set_User_Data@ColorBarClass@@QAE_NHK@Z 100040b0 f   ColorBar.obj
 0001:000030f0       ?Get_User_Data@ColorBarClass@@QAEKH@Z 100040f0 f   ColorBar.obj
 0001:00003130       ?Set_Graph_Percent@ColorBarClass@@QAE_NHM@Z 10004130 f   ColorBar.obj
 0001:000031b0       ?Get_Graph_Percent@ColorBarClass@@QAEMH@Z 100041b0 f   ColorBar.obj
 0001:000031f0       ?Set_Redraw@ColorBarClass@@QAEX_N@Z 100041f0 f   ColorBar.obj
 0001:00003220       ?Repaint@ColorBarClass@@IAEXXZ 10004220 f   ColorBar.obj
 0001:00003260       ?DoDataExchange@CWnd@@MAEXPAVCDataExchange@@@Z 10004260 f i ColorBar.obj
 0001:00003280       ?BeginModalState@CWnd@@UAEXXZ 10004280 f i ColorBar.obj
 0001:000032a0       ?EndModalState@CWnd@@UAEXXZ 100042a0 f i ColorBar.obj
 0001:000032c0       ?Get_Color_Picker@ColorPickerClass@@SAPAV1@PAUHWND__@@@Z 100042c0 f i ColorPicker.obj
 0001:000032f0       ??0ColorPickerClass@@QAE@XZ 100042f0 f   ColorPicker.obj
 0001:00003340       ??_GColorPickerClass@@UAEPAXI@Z 10004340 f i ColorPicker.obj
 0001:000033c0       ??_EColorPickerClass@@UAEPAXI@Z 100043c0 f i ColorPicker.obj
 0001:000034e0       ??1ColorPickerClass@@UAE@XZ 100044e0 f   ColorPicker.obj
 0001:00003550       ?_GetBaseMessageMap@ColorPickerClass@@KGPBUAFX_MSGMAP@@XZ 10004550 f   ColorPicker.obj
 0001:00003570       ?GetMessageMap@ColorPickerClass@@MBEPBUAFX_MSGMAP@@XZ 10004570 f   ColorPicker.obj
 0001:00003590       ?OnPaint@ColorPickerClass@@IAEXXZ 10004590 f   ColorPicker.obj
 0001:00003660       ?RegisterColorPicker@@YAXPAUHINSTANCE__@@@Z 10004660 f   ColorPicker.obj
 0001:00003700       ?fnColorPickerProc@@YGJPAUHWND__@@IIJ@Z 10004700 f   ColorPicker.obj
 0001:000038c0       ?OnCreate@ColorPickerClass@@IAEHPAUtagCREATESTRUCTA@@@Z 100048c0 f   ColorPicker.obj
 0001:00003900       ?Create@ColorPickerClass@@UAEHPBD0KABUtagRECT@@PAVCWnd@@IPAUCCreateContext@@@Z 10004900 f   ColorPicker.obj
 0001:00003980       ?Create_Bitmap@ColorPickerClass@@IAEXXZ 10004980 f   ColorPicker.obj
 0001:00003a90       ?Fill_Rect@ColorPickerClass@@IAEXPAEABUtagRECT@@KH@Z 10004a90 f   ColorPicker.obj
 0001:00003b10       ?Color_From_Point@ColorPickerClass@@IAEKHH@Z 10004b10 f   ColorPicker.obj
 0001:00003c30       ?Polar_To_Rect@@YAXMMAAM0@Z 10004c30 f   ColorPicker.obj
 0001:00003c70       ?Rect_To_Polar@@YAXMMAAM0@Z 10004c70 f   ColorPicker.obj
 0001:00003d00       ?RGB_to_Hue@@YAXHHHAAM0@Z  10004d00 f   ColorPicker.obj
 0001:00003eb0       ?Point_From_Color@ColorPickerClass@@IAE?AVCPoint@@K@Z 10004eb0 f   ColorPicker.obj
 0001:000040e0       ?Paint_DIB@ColorPickerClass@@IAEXHHPAE@Z 100050e0 f   ColorPicker.obj
 0001:00004440       ?Free_Bitmap@ColorPickerClass@@IAEXXZ 10005440 f   ColorPicker.obj
 0001:00004480       ?OnSize@ColorPickerClass@@IAEXIHH@Z 10005480 f   ColorPicker.obj
 0001:000044b0       ?OnEraseBkgnd@ColorPickerClass@@IAEHPAVCDC@@@Z 100054b0 f   ColorPicker.obj
 0001:000044d0       ?OnLButtonDown@ColorPickerClass@@IAEXIVCPoint@@@Z 100054d0 f   ColorPicker.obj
 0001:00004660       ?OnLButtonUp@ColorPickerClass@@IAEXIVCPoint@@@Z 10005660 f   ColorPicker.obj
 0001:000046a0       ?OnMouseMove@ColorPickerClass@@IAEXIVCPoint@@@Z 100056a0 f   ColorPicker.obj
 0001:000047c0       ?Calc_Display_Rect@ColorPickerClass@@IAEXAAUtagRECT@@@Z 100057c0 f   ColorPicker.obj
 0001:00004830       ?Erase_Marker@ColorPickerClass@@IAEXXZ 10005830 f   ColorPicker.obj
 0001:000048d0       ?Paint_Marker@ColorPickerClass@@IAEXXZ 100058d0 f   ColorPicker.obj
 0001:000049a0       ?Select_Color@ColorPickerClass@@QAEXHHH@Z 100059a0 f   ColorPicker.obj
 0001:00004a30       ?Get_Current_Color@ColorPickerClass@@QAEXPAH00@Z 10005a30 f   ColorPicker.obj
 0001:00004a70       _Create_Color_Picker_Form  10005a70 f   ColorPickerDialogClass.obj
 0001:00004b40       _Get_Form_Color            10005b40 f   ColorPickerDialogClass.obj
 0001:00004be0       _Set_Form_Color            10005be0 f   ColorPickerDialogClass.obj
 0001:00004c70       _Set_Form_Original_Color   10005c70 f   ColorPickerDialogClass.obj
 0001:00004d30       _Show_Color_Picker         10005d30 f   ColorPickerDialogClass.obj
 0001:00004e50       _Set_Update_Callback       10005e50 f   ColorPickerDialogClass.obj
 0001:00004ed0       ??0ColorPickerDialogClass@@QAE@HHHPAVCWnd@@I@Z 10005ed0 f   ColorPickerDialogClass.obj
 0001:00004fe0       ??_EColorPickerDialogClass@@UAEPAXI@Z 10005fe0 f i ColorPickerDialogClass.obj
 0001:00004fe0       ??_GColorPickerDialogClass@@UAEPAXI@Z 10005fe0 f i ColorPickerDialogClass.obj
 0001:00005030       ?Create_Form@ColorPickerDialogClass@@QAEXPAVCWnd@@@Z 10006030 f   ColorPickerDialogClass.obj
 0001:00005070       ?DoDataExchange@ColorPickerDialogClass@@MAEXPAVCDataExchange@@@Z 10006070 f   ColorPickerDialogClass.obj
 0001:000050c0       ?_GetBaseMessageMap@ColorPickerDialogClass@@KGPBUAFX_MSGMAP@@XZ 100060c0 f   ColorPickerDialogClass.obj
 0001:000050e0       ?GetMessageMap@ColorPickerDialogClass@@MBEPBUAFX_MSGMAP@@XZ 100060e0 f   ColorPickerDialogClass.obj
 0001:00005100       ?OnInitDialog@ColorPickerDialogClass@@MAEHXZ 10006100 f   ColorPickerDialogClass.obj
 0001:00005630       ?Update_Red_Bar@ColorPickerDialogClass@@IAEXXZ 10006630 f   ColorPickerDialogClass.obj
 0001:000056b0       ?Update_Green_Bar@ColorPickerDialogClass@@IAEXXZ 100066b0 f   ColorPickerDialogClass.obj
 0001:00005730       ?Update_Blue_Bar@ColorPickerDialogClass@@IAEXXZ 10006730 f   ColorPickerDialogClass.obj
 0001:000057b0       ?Update_Current_Color_Bar@ColorPickerDialogClass@@IAEXXZ 100067b0 f   ColorPickerDialogClass.obj
 0001:000057f0       ?Update_Whiteness_Bar@ColorPickerDialogClass@@IAEXXZ 100067f0 f   ColorPickerDialogClass.obj
 0001:000058e0       ?OnNotify@ColorPickerDialogClass@@MAEHIJPAJ@Z 100068e0 f   ColorPickerDialogClass.obj
 0001:00005b50       ?Update_Color@ColorPickerDialogClass@@IAEXMMMK@Z 10006b50 f   ColorPickerDialogClass.obj
 0001:00005f80       ?Set_Original_Color@ColorPickerDialogClass@@QAEXHHH@Z 10006f80 f   ColorPickerDialogClass.obj
 0001:00005ff0       ?OnReset@ColorPickerDialogClass@@IAEXXZ 10006ff0 f   ColorPickerDialogClass.obj
 0001:00006020       ?WindowProc@ColorPickerDialogClass@@MAEJIIJ@Z 10007020 f   ColorPickerDialogClass.obj
 0001:00006050       ?OnCommand@ColorPickerDialogClass@@MAEHIJ@Z 10007050 f   ColorPickerDialogClass.obj
 0001:00006160       ?PostNcDestroy@ColorPickerDialogClass@@MAEXXZ 10007160 f   ColorPickerDialogClass.obj
 0001:000061a0       ??_GCSpinButtonCtrl@@UAEPAXI@Z 100071a0 f i ColorPickerDialogClass.obj
 0001:000061a0       ??_ECSpinButtonCtrl@@UAEPAXI@Z 100071a0 f i ColorPickerDialogClass.obj
 0001:000061d0       ?Draw_Sunken_Rect@@YAXPAEABUtagRECT@@H@Z 100071d0 f   Utils.obj
 0001:00006310       ?Draw_Raised_Rect@@YAXPAEABUtagRECT@@H@Z 10007310 f   Utils.obj
 0001:00006450       ?Frame_Rect@@YAXPAEABUtagRECT@@KH@Z 10007450 f   Utils.obj
 0001:00006560       ?Draw_Vert_Line@@YAXPAEHHHKH@Z 10007560 f   Utils.obj
 0001:000065b0       ?Draw_Horz_Line@@YAXPAEHHHKH@Z 100075b0 f   Utils.obj
 0001:00006600       _ExtRawDllMain@12          10007600 f   WWCtrl.obj
 0001:00006640       _DllMain@12                10007640 f   WWCtrl.obj
 0001:000066d0       _Initialize_WWCtrl         100076d0 f   WWCtrl.obj
 0001:000066e4       ?SetOccDialogInfo@CWnd@@MAEHPAU_AFX_OCC_DIALOG_INFO@@@Z 100076e4 f   mfc42:MFC42.DLL
 0001:000066ea       ?IsFrameWnd@CWnd@@UBEHXZ   100076ea f   mfc42:MFC42.DLL
 0001:000066f0       ?CheckAutoCenter@CWnd@@UAEHXZ 100076f0 f   mfc42:MFC42.DLL
 0001:000066f6       ?OnChildNotify@CWnd@@MAEHIIJPAJ@Z 100076f6 f   mfc42:MFC42.DLL
 0001:000066fc       ?PostNcDestroy@CWnd@@MAEXXZ 100076fc f   mfc42:MFC42.DLL
 0001:00006702       ?DefWindowProcA@CWnd@@MAEJIIJ@Z 10007702 f   mfc42:MFC42.DLL
 0001:00006708       ?OnWndMsg@CWnd@@MAEHIIJPAJ@Z 10007708 f   mfc42:MFC42.DLL
 0001:0000670e       ?WindowProc@CWnd@@MAEJIIJ@Z 1000770e f   mfc42:MFC42.DLL
 0001:00006714       ?OnAmbientProperty@CWnd@@UAEHPAVCOleControlSite@@JPAUtagVARIANT@@@Z 10007714 f   mfc42:MFC42.DLL
 0001:0000671a       ?PreTranslateMessage@CWnd@@UAEHPAUtagMSG@@@Z 1000771a f   mfc42:MFC42.DLL
 0001:00006720       ?GetSuperWndProcAddr@CWnd@@MAEPAP6GJPAUHWND__@@IIJ@ZXZ 10007720 f   mfc42:MFC42.DLL
 0001:00006726       ?OnNotify@CWnd@@MAEHIJPAJ@Z 10007726 f   mfc42:MFC42.DLL
 0001:0000672c       ?OnCommand@CWnd@@MAEHIJ@Z  1000772c f   mfc42:MFC42.DLL
 0001:00006732       ?EndModalLoop@CWnd@@UAEXH@Z 10007732 f   mfc42:MFC42.DLL
 0001:00006738       ?ContinueModal@CWnd@@UAEHXZ 10007738 f   mfc42:MFC42.DLL
 0001:0000673e       ?WinHelpA@CWnd@@UAEXKI@Z   1000773e f   mfc42:MFC42.DLL
 0001:00006744       ?GetScrollBarCtrl@CWnd@@UBEPAVCScrollBar@@H@Z 10007744 f   mfc42:MFC42.DLL
 0001:0000674a       ?OnToolHitTest@CWnd@@UBEHVCPoint@@PAUtagTOOLINFOA@@@Z 1000774a f   mfc42:MFC42.DLL
 0001:00006750       ?CalcWindowRect@CWnd@@UAEXPAUtagRECT@@I@Z 10007750 f   mfc42:MFC42.DLL
 0001:00006756       ?PreCreateWindow@CWnd@@UAEHAAUtagCREATESTRUCTA@@@Z 10007756 f   mfc42:MFC42.DLL
 0001:0000675c       ?DestroyWindow@CWnd@@UAEHXZ 1000775c f   mfc42:MFC42.DLL
 0001:00006762       ?PreSubclassWindow@CWnd@@UAEXXZ 10007762 f   mfc42:MFC42.DLL
 0001:00006768       ?GetConnectionHook@CCmdTarget@@MAEPAUIConnectionPoint@@ABU_GUID@@@Z 10007768 f   mfc42:MFC42.DLL
 0001:0000676e       ?GetExtraConnectionPoints@CCmdTarget@@MAEHPAVCPtrArray@@@Z 1000776e f   mfc42:MFC42.DLL
 0001:00006774       ?GetInterfaceHook@CCmdTarget@@UAEPAUIUnknown@@PBX@Z 10007774 f   mfc42:MFC42.DLL
 0001:0000677a       ?OnCreateAggregates@CCmdTarget@@UAEHXZ 1000777a f   mfc42:MFC42.DLL
 0001:00006780       ?GetEventSinkMap@CCmdTarget@@MBEPBUAFX_EVENTSINKMAP@@XZ 10007780 f   mfc42:MFC42.DLL
 0001:00006786       ?GetInterfaceMap@CCmdTarget@@MBEPBUAFX_INTERFACEMAP@@XZ 10007786 f   mfc42:MFC42.DLL
 0001:0000678c       ?GetConnectionMap@CCmdTarget@@MBEPBUAFX_CONNECTIONMAP@@XZ 1000778c f   mfc42:MFC42.DLL
 0001:00006792       ?GetDispatchMap@CCmdTarget@@MBEPBUAFX_DISPMAP@@XZ 10007792 f   mfc42:MFC42.DLL
 0001:00006798       ?GetCommandMap@CCmdTarget@@MBEPBUAFX_OLECMDMAP@@XZ 10007798 f   mfc42:MFC42.DLL
 0001:0000679e       ?GetTypeLib@CCmdTarget@@UAEJKPAPAUITypeLib@@@Z 1000779e f   mfc42:MFC42.DLL
 0001:000067a4       ?GetTypeLibCache@CCmdTarget@@UAEPAVCTypeLibCache@@XZ 100077a4 f   mfc42:MFC42.DLL
 0001:000067aa       ?GetTypeInfoCount@CCmdTarget@@UAEIXZ 100077aa f   mfc42:MFC42.DLL
 0001:000067b0       ?GetDispatchIID@CCmdTarget@@UAEHPAU_GUID@@@Z 100077b0 f   mfc42:MFC42.DLL
 0001:000067b6       ?IsInvokeAllowed@CCmdTarget@@UAEHJ@Z 100077b6 f   mfc42:MFC42.DLL
 0001:000067bc       ?OnFinalRelease@CWnd@@UAEXXZ 100077bc f   mfc42:MFC42.DLL
 0001:000067c2       ?OnCmdMsg@CCmdTarget@@UAEHIHPAXPAUAFX_CMDHANDLERINFO@@@Z 100077c2 f   mfc42:MFC42.DLL
 0001:000067c8       ?GetRuntimeClass@CWnd@@UBEPAUCRuntimeClass@@XZ 100077c8 f   mfc42:MFC42.DLL
 0001:000067ce       ??0CWnd@@QAE@XZ            100077ce f   mfc42:MFC42.DLL
 0001:000067d4       ??3@YAXPAX@Z               100077d4 f   mfc42:MFC42.DLL
 0001:000067da       ??1CWnd@@UAE@XZ            100077da f   mfc42:MFC42.DLL
 0001:000067e0       ?AfxGetAfxWndProc@@YGP6GJPAUHWND__@@IIJ@ZXZ 100077e0 f   mfc42:MFC42.DLL
 0001:000067e6       ?Default@CWnd@@IAEJXZ      100077e6 f   mfc42:MFC42.DLL
 0001:000067ec       ?Attach@CWnd@@QAEHPAUHWND__@@@Z 100077ec f   mfc42:MFC42.DLL
 0001:000067f2       ??2@YAPAXI@Z               100077f2 f   mfc42:MFC42.DLL
 0001:000067f8       ?Detach@CWnd@@QAEPAUHWND__@@XZ 100077f8 f   mfc42:MFC42.DLL
 0001:000067fe       ??1CPaintDC@@UAE@XZ        100077fe f   mfc42:MFC42.DLL
 0001:00006804       ??0CPaintDC@@QAE@PAVCWnd@@@Z 10007804 f   mfc42:MFC42.DLL
 0001:0000680a       ?ClientToScreen@CWnd@@QBEXPAUtagRECT@@@Z 1000780a f   mfc42:MFC42.DLL
 0001:00006810       ?FromHandle@CWnd@@SGPAV1@PAUHWND__@@@Z 10007810 f   mfc42:MFC42.DLL
 0001:00006816       ?Create@CDialog@@QAEHPBDPAVCWnd@@@Z 10007816 f   mfc42:MFC42.DLL
 0001:0000681c       ?AfxGetModuleState@@YGPAVAFX_MODULE_STATE@@XZ 1000781c f   mfc42:MFC42.DLL
 0001:00006822       ??1CDialog@@UAE@XZ         10007822 f   mfc42:MFC42.DLL
 0001:00006828       ??1CSpinButtonCtrl@@UAE@XZ 10007828 f   mfc42:MFC42.DLL
 0001:0000682e       ?DoModal@CDialog@@UAEHXZ   1000782e f   mfc42:MFC42.DLL
 0001:00006834       ?PreInitDialog@CDialog@@MAEXXZ 10007834 f   mfc42:MFC42.DLL
 0001:0000683a       ?OnCancel@CDialog@@MAEXXZ  1000783a f   mfc42:MFC42.DLL
 0001:00006840       ?OnOK@CDialog@@MAEXXZ      10007840 f   mfc42:MFC42.DLL
 0001:00006846       ?OnSetFont@CDialog@@UAEXPAVCFont@@@Z 10007846 f   mfc42:MFC42.DLL
 0001:0000684c       ?SetOccDialogInfo@CDialog@@MAEHPAU_AFX_OCC_DIALOG_INFO@@@Z 1000784c f   mfc42:MFC42.DLL
 0001:00006852       ?CheckAutoCenter@CDialog@@UAEHXZ 10007852 f   mfc42:MFC42.DLL
 0001:00006858       ?PreTranslateMessage@CDialog@@UAEHPAUtagMSG@@@Z 10007858 f   mfc42:MFC42.DLL
 0001:0000685e       ?OnCmdMsg@CDialog@@UAEHIHPAXPAUAFX_CMDHANDLERINFO@@@Z 1000785e f   mfc42:MFC42.DLL
 0001:00006864       ?GetRuntimeClass@CDialog@@UBEPAUCRuntimeClass@@XZ 10007864 f   mfc42:MFC42.DLL
 0001:0000686a       ?Create@CWnd@@UAEHPBD0KABUtagRECT@@PAV1@IPAUCCreateContext@@@Z 1000786a f   mfc42:MFC42.DLL
 0001:00006870       ?GetMessageMap@CWnd@@MBEPBUAFX_MSGMAP@@XZ 10007870 f   mfc42:MFC42.DLL
 0001:00006876       ?GetRuntimeClass@CSpinButtonCtrl@@UBEPAUCRuntimeClass@@XZ 10007876 f   mfc42:MFC42.DLL
 0001:0000687c       ??0CDialog@@QAE@IPAVCWnd@@@Z 1000787c f   mfc42:MFC42.DLL
 0001:00006882       ?DDX_Control@@YGXPAVCDataExchange@@HAAVCWnd@@@Z 10007882 f   mfc42:MFC42.DLL
 0001:00006888       ?OnInitDialog@CDialog@@UAEHXZ 10007888 f   mfc42:MFC42.DLL
 0001:0000688e       ?GetDlgItemInt@CWnd@@QBEIHPAHH@Z 1000788e f   mfc42:MFC42.DLL
 0001:00006894       ?AfxTermExtensionModule@@YGXAAUAFX_EXTENSION_MODULE@@H@Z 10007894 f   mfc42:MFC42.DLL
 0001:0000689a       ??0CDynLinkLibrary@@QAE@AAUAFX_EXTENSION_MODULE@@H@Z 1000789a f   mfc42:MFC42.DLL
 0001:000068a0       ?AfxInitExtensionModule@@YGHAAUAFX_EXTENSION_MODULE@@PAUHINSTANCE__@@@Z 100078a0 f   mfc42:MFC42.DLL
 0001:000068b0       __ftol                     100078b0 f   msvcrt:MSVCRT.dll
 0001:000068b6       _memmove                   100078b6 f   msvcrt:MSVCRT.dll
 0001:000068bc       __CRT_INIT@12              100078bc f   msvcrt:crtdll.obj
 0001:00006967       __DllMainCRTStartup@12     10007967 f   msvcrt:crtdll.obj
 0001:00006a04       _free                      10007a04 f   msvcrt:MSVCRT.dll
 0001:00006a0a       __initterm                 10007a0a f   msvcrt:MSVCRT.dll
 0001:00006a10       __onexit                   10007a10 f   msvcrt:atonexit.obj
 0001:00006a3c       _atexit                    10007a3c f   msvcrt:atonexit.obj
 0001:00006a4e       _malloc                    10007a4e f   msvcrt:MSVCRT.dll
 0001:00006a54       ___dllonexit               10007a54 f   msvcrt:MSVCRT.dll
 0001:00006a5a       _GetPropA@8                10007a5a f   user32:USER32.dll
 0001:00006a60       _RegisterClassA@4          10007a60 f   user32:USER32.dll
 0001:00006a66       _LoadCursorA@8             10007a66 f   user32:USER32.dll
 0001:00006a6c       _GetClassInfoA@12          10007a6c f   user32:USER32.dll
 0001:00006a72       _DefWindowProcA@16         10007a72 f   user32:USER32.dll
 0001:00006a78       _SetPropA@12               10007a78 f   user32:USER32.dll
 0001:00006a7e       _SetWindowLongA@12         10007a7e f   user32:USER32.dll
 0001:00006a84       _CreateWindowExA@48        10007a84 f   user32:USER32.dll
 0001:00006a8a       _ReleaseDC@8               10007a8a f   user32:USER32.dll
 0001:00006a90       _GetDC@4                   10007a90 f   user32:USER32.dll
 0001:00006a96       _InflateRect@12            10007a96 f   user32:USER32.dll
 0001:00006a9c       _GetWindowLongA@8          10007a9c f   user32:USER32.dll
 0001:00006aa2       _GetClientRect@8           10007aa2 f   user32:USER32.dll
 0001:00006aa8       _FillRect@12               10007aa8 f   user32:USER32.dll
 0001:00006aae       _DrawFocusRect@8           10007aae f   user32:USER32.dll
 0001:00006ab4       _GetFocus@0                10007ab4 f   user32:USER32.dll
 0001:00006aba       _InvalidateRect@12         10007aba f   user32:USER32.dll
 0001:00006ac0       _UpdateWindow@4            10007ac0 f   user32:USER32.dll
 0001:00006ac6       _LoadBitmapA@8             10007ac6 f   user32:USER32.dll
 0001:00006acc       _ReleaseCapture@0          10007acc f   user32:USER32.dll
 0001:00006ad2       _GetAsyncKeyState@4        10007ad2 f   user32:USER32.dll
 0001:00006ad8       _SetCapture@4              10007ad8 f   user32:USER32.dll
 0001:00006ade       _SetFocus@4                10007ade f   user32:USER32.dll
 0001:00006ae4       _SendMessageA@16           10007ae4 f   user32:USER32.dll
 0001:00006aea       _GetParent@4               10007aea f   user32:USER32.dll
 0001:00006af0       _EnableWindow@8            10007af0 f   user32:USER32.dll
 0001:00006af6       _ClipCursor@4              10007af6 f   user32:USER32.dll
 0001:00006afc       _GetDlgItem@8              10007afc f   user32:USER32.dll
 0001:00006b02       _GetSysColor@4             10007b02 f   user32:USER32.dll
 0001:00006b08       _DeleteObject@4            10007b08 f   gdi32:GDI32.dll
 0001:00006b0e       _CreateCompatibleDC@4      10007b0e f   gdi32:GDI32.dll
 0001:00006b14       _CreateDIBSection@24       10007b14 f   gdi32:GDI32.dll
 0001:00006b1a       _SelectObject@8            10007b1a f   gdi32:GDI32.dll
 0001:00006b20       _BitBlt@36                 10007b20 f   gdi32:GDI32.dll
 0001:00006b26       _DeleteDC@4                10007b26 f   gdi32:GDI32.dll
 0001:00006b2c       _GetObjectA@12             10007b2c f   gdi32:GDI32.dll
 0002:00000020       ?messageMap@ColorBarClass@@1UAFX_MSGMAP@@B 10009020     ColorBar.obj
 0002:00000028       ?_messageEntries@ColorBarClass@@0QBUAFX_MSGMAP_ENTRY@@B 10009028     ColorBar.obj
 0002:00000168       ??_7ColorBarClass@@6B@     10009168     ColorBar.obj
 0002:00000250       __real@4@4006ff00000000000000 10009250     ColorBar.obj
 0002:00000254       __real@4@c0068000000000000000 10009254     ColorBar.obj
 0002:00000258       __real@4@3fff8000000000000000 10009258     ColorBar.obj
 0002:0000025c       __real@4@3ff8a3d70a0000000000 1000925c     ColorBar.obj
 0002:00000260       __real@4@00000000000000000000 10009260     ColorBar.obj
 0002:00000268       ?messageMap@ColorPickerClass@@1UAFX_MSGMAP@@B 10009268     ColorPicker.obj
 0002:00000270       ?_messageEntries@ColorPickerClass@@0QBUAFX_MSGMAP_ENTRY@@B 10009270     ColorPicker.obj
 0002:00000358       ??_7ColorPickerClass@@6B@  10009358     ColorPicker.obj
 0002:00000440       __real@4@3ff78080808080808000 10009440     ColorPicker.obj
 0002:00000444       __real@4@3ffca2f9832237cda000 10009444     ColorPicker.obj
 0002:00000448       __real@8@4001860a920000000000 10009448     ColorPicker.obj
 0002:00000458       __real@8@4000860a920000000000 10009458     ColorPicker.obj
 0002:00000468       __real@8@00000000000000000000 10009468     ColorPicker.obj
 0002:00000478       ?messageMap@ColorPickerDialogClass@@1UAFX_MSGMAP@@B 10009478     ColorPickerDialogClass.obj
 0002:00000480       ?_messageEntries@ColorPickerDialogClass@@0QBUAFX_MSGMAP_ENTRY@@B 10009480     ColorPickerDialogClass.obj
 0002:000004bc       ??_7ColorPickerDialogClass@@6B@ 100094bc     ColorPickerDialogClass.obj
 0002:000005c0       ??_7CSpinButtonCtrl@@6B@   100095c0     ColorPickerDialogClass.obj
 0002:000006a8       _IID_IDocHostUIHandlerDispatch 100096a8     mfcs42:stdafx.obj
 0002:000006b8       _IID_IInternalConnection   100096b8     mfcs42:stdafx.obj
 0002:000006c8       _IID_IAxWinAmbientDispatch 100096c8     mfcs42:stdafx.obj
 0002:000006d8       _IID_IAxWinHostWindow      100096d8     mfcs42:stdafx.obj
 0002:000006e8       _IID_IRegistrar            100096e8     mfcs42:stdafx.obj
 0002:000006f8       _CLSID_Registrar           100096f8     mfcs42:stdafx.obj
 0002:00000708       _LIBID_ATLLib              10009708     mfcs42:stdafx.obj
 0003:00000000       ___xc_a                    1000b000     msvcrt:cinitexe.obj
 0003:00000104       ___xc_z                    1000b104     msvcrt:cinitexe.obj
 0003:00000208       ___xi_a                    1000b208     msvcrt:cinitexe.obj
 0003:0000030c       ___xi_z                    1000b30c     msvcrt:cinitexe.obj
 0003:00000410       ??_C@_0N@HEEK@CLASSPOINTER?$AA@ 1000b410     ColorBar.obj
 0003:00000420       ??_C@_0L@OFGJ@WWCOLORBAR?$AA@ 1000b420     ColorBar.obj
 0003:00000430       ??_C@_07JCAN@CREATED?$AA@  1000b430     ColorBar.obj
 0003:0000043c       ??_C@_0O@DEMD@WWCOLORPICKER?$AA@ 1000b43c     ColorPicker.obj
 0003:0000044c       ??_C@_0BE@CCEM@COLORPICKERDLGCLASS?$AA@ 1000b44c     ColorPickerDialogClass.obj
 0003:00000464       __pRawDllMain              1000b464     WWCtrl.obj
 0003:00000468       ?GUID_ATLVer30@ATL@@3U_GUID@@A 1000b468     mfcs42:stdafx.obj
 0003:00000590       __afxForceEXTDLL           1000b590     WWCtrl.obj
 0003:00000594       ?_hinstance@@3PAUHINSTANCE__@@A 1000b594     WWCtrl.obj
 0003:000005b4       __afxForceEXCLUDE          1000b5b4     mfcs42:nolib.obj
 0003:000005b8       ?ATL_CREATE_OBJECT@CComApartment@ATL@@2IA 1000b5b8     mfcs42:stdafx.obj
 0003:000005c0       ?m_libid@CComModule@ATL@@2U_GUID@@A 1000b5c0     mfcs42:stdafx.obj
 0003:000005d0       ?_pModule@ATL@@3PAVCComModule@1@A 1000b5d0     mfcs42:stdafx.obj
 0003:000005d4       __afxForceSTDAFX           1000b5d4     mfcs42:stdafx.obj
 0003:000005dc       __adjust_fdiv              1000b5dc     <common>
 0003:000005e8       ___onexitend               1000b5e8     <common>
 0003:000005f8       ___onexitbegin             1000b5f8     <common>
 0004:00000000       __IMPORT_DESCRIPTOR_MFC42  1000c000     mfc42:MFC42.DLL
 0004:00000014       __IMPORT_DESCRIPTOR_MSVCRT 1000c014     msvcrt:MSVCRT.dll
 0004:00000028       __IMPORT_DESCRIPTOR_USER32 1000c028     user32:USER32.dll
 0004:0000003c       __IMPORT_DESCRIPTOR_GDI32  1000c03c     gdi32:GDI32.dll
 0004:00000050       __NULL_IMPORT_DESCRIPTOR   1000c050     mfc42:MFC42.DLL
 0004:00000350       __imp__CreateCompatibleDC@4 1000c350     gdi32:GDI32.dll
 0004:00000354       __imp__CreateDIBSection@24 1000c354     gdi32:GDI32.dll
 0004:00000358       __imp__SelectObject@8      1000c358     gdi32:GDI32.dll
 0004:0000035c       __imp__BitBlt@36           1000c35c     gdi32:GDI32.dll
 0004:00000360       __imp__DeleteDC@4          1000c360     gdi32:GDI32.dll
 0004:00000364       __imp__GetObjectA@12       1000c364     gdi32:GDI32.dll
 0004:00000368       __imp__DeleteObject@4      1000c368     gdi32:GDI32.dll
 0004:0000036c       \177GDI32_NULL_THUNK_DATA  1000c36c     gdi32:GDI32.dll
 0004:0000039c       __imp_?OnAmbientProperty@CWnd@@UAEHPAVCOleControlSite@@JPAUtagVARIANT@@@Z 1000c39c     mfc42:MFC42.DLL
 0004:000003a0       __imp_?PreTranslateMessage@CWnd@@UAEHPAUtagMSG@@@Z 1000c3a0     mfc42:MFC42.DLL
 0004:000003a4       __imp_?GetSuperWndProcAddr@CWnd@@MAEPAP6GJPAUHWND__@@IIJ@ZXZ 1000c3a4     mfc42:MFC42.DLL
 0004:000003a8       __imp_?OnNotify@CWnd@@MAEHIJPAJ@Z 1000c3a8     mfc42:MFC42.DLL
 0004:000003ac       __imp_?OnCommand@CWnd@@MAEHIJ@Z 1000c3ac     mfc42:MFC42.DLL
 0004:000003b0       __imp_?EndModalLoop@CWnd@@UAEXH@Z 1000c3b0     mfc42:MFC42.DLL
 0004:000003b4       __imp_?ContinueModal@CWnd@@UAEHXZ 1000c3b4     mfc42:MFC42.DLL
 0004:000003b8       __imp_?WinHelpA@CWnd@@UAEXKI@Z 1000c3b8     mfc42:MFC42.DLL
 0004:000003bc       __imp_?GetScrollBarCtrl@CWnd@@UBEPAVCScrollBar@@H@Z 1000c3bc     mfc42:MFC42.DLL
 0004:000003c0       __imp_?OnToolHitTest@CWnd@@UBEHVCPoint@@PAUtagTOOLINFOA@@@Z 1000c3c0     mfc42:MFC42.DLL
 0004:000003c4       __imp_?CalcWindowRect@CWnd@@UAEXPAUtagRECT@@I@Z 1000c3c4     mfc42:MFC42.DLL
 0004:000003c8       __imp_?PreCreateWindow@CWnd@@UAEHAAUtagCREATESTRUCTA@@@Z 1000c3c8     mfc42:MFC42.DLL
 0004:000003cc       __imp_?DestroyWindow@CWnd@@UAEHXZ 1000c3cc     mfc42:MFC42.DLL
 0004:000003d0       __imp_?PreSubclassWindow@CWnd@@UAEXXZ 1000c3d0     mfc42:MFC42.DLL
 0004:000003d4       __imp_?GetConnectionHook@CCmdTarget@@MAEPAUIConnectionPoint@@ABU_GUID@@@Z 1000c3d4     mfc42:MFC42.DLL
 0004:000003d8       __imp_?GetExtraConnectionPoints@CCmdTarget@@MAEHPAVCPtrArray@@@Z 1000c3d8     mfc42:MFC42.DLL
 0004:000003dc       __imp_?GetInterfaceHook@CCmdTarget@@UAEPAUIUnknown@@PBX@Z 1000c3dc     mfc42:MFC42.DLL
 0004:000003e0       __imp_?OnCreateAggregates@CCmdTarget@@UAEHXZ 1000c3e0     mfc42:MFC42.DLL
 0004:000003e4       __imp_?GetEventSinkMap@CCmdTarget@@MBEPBUAFX_EVENTSINKMAP@@XZ 1000c3e4     mfc42:MFC42.DLL
 0004:000003e8       __imp_?GetInterfaceMap@CCmdTarget@@MBEPBUAFX_INTERFACEMAP@@XZ 1000c3e8     mfc42:MFC42.DLL
 0004:000003ec       __imp_?GetConnectionMap@CCmdTarget@@MBEPBUAFX_CONNECTIONMAP@@XZ 1000c3ec     mfc42:MFC42.DLL
 0004:000003f0       __imp_?GetDispatchMap@CCmdTarget@@MBEPBUAFX_DISPMAP@@XZ 1000c3f0     mfc42:MFC42.DLL
 0004:000003f4       __imp_?GetCommandMap@CCmdTarget@@MBEPBUAFX_OLECMDMAP@@XZ 1000c3f4     mfc42:MFC42.DLL
 0004:000003f8       __imp_?GetTypeLib@CCmdTarget@@UAEJKPAPAUITypeLib@@@Z 1000c3f8     mfc42:MFC42.DLL
 0004:000003fc       __imp_?GetTypeLibCache@CCmdTarget@@UAEPAVCTypeLibCache@@XZ 1000c3fc     mfc42:MFC42.DLL
 0004:00000400       __imp_?GetTypeInfoCount@CCmdTarget@@UAEIXZ 1000c400     mfc42:MFC42.DLL
 0004:00000404       __imp_?GetDispatchIID@CCmdTarget@@UAEHPAU_GUID@@@Z 1000c404     mfc42:MFC42.DLL
 0004:00000408       __imp_?IsInvokeAllowed@CCmdTarget@@UAEHJ@Z 1000c408     mfc42:MFC42.DLL
 0004:0000040c       __imp_?OnFinalRelease@CWnd@@UAEXXZ 1000c40c     mfc42:MFC42.DLL
 0004:00000410       __imp_?OnCmdMsg@CCmdTarget@@UAEHIHPAXPAUAFX_CMDHANDLERINFO@@@Z 1000c410     mfc42:MFC42.DLL
 0004:00000414       __imp_?GetRuntimeClass@CWnd@@UBEPAUCRuntimeClass@@XZ 1000c414     mfc42:MFC42.DLL
 0004:00000418       __imp_??0CWnd@@QAE@XZ      1000c418     mfc42:MFC42.DLL
 0004:0000041c       __imp_??3@YAXPAX@Z         1000c41c     mfc42:MFC42.DLL
 0004:00000420       __imp_??1CWnd@@UAE@XZ      1000c420     mfc42:MFC42.DLL
 0004:00000424       __imp_?WindowProc@CWnd@@MAEJIIJ@Z 1000c424     mfc42:MFC42.DLL
 0004:00000428       __imp_?AfxGetAfxWndProc@@YGP6GJPAUHWND__@@IIJ@ZXZ 1000c428     mfc42:MFC42.DLL
 0004:0000042c       __imp_?Default@CWnd@@IAEJXZ 1000c42c     mfc42:MFC42.DLL
 0004:00000430       __imp_?Attach@CWnd@@QAEHPAUHWND__@@@Z 1000c430     mfc42:MFC42.DLL
 0004:00000434       __imp_??2@YAPAXI@Z         1000c434     mfc42:MFC42.DLL
 0004:00000438       __imp_?Detach@CWnd@@QAEPAUHWND__@@XZ 1000c438     mfc42:MFC42.DLL
 0004:0000043c       __imp_??1CPaintDC@@UAE@XZ  1000c43c     mfc42:MFC42.DLL
 0004:00000440       __imp_??0CPaintDC@@QAE@PAVCWnd@@@Z 1000c440     mfc42:MFC42.DLL
 0004:00000444       __imp_?ClientToScreen@CWnd@@QBEXPAUtagRECT@@@Z 1000c444     mfc42:MFC42.DLL
 0004:00000448       __imp_?FromHandle@CWnd@@SGPAV1@PAUHWND__@@@Z 1000c448     mfc42:MFC42.DLL
 0004:0000044c       __imp_?Create@CDialog@@QAEHPBDPAVCWnd@@@Z 1000c44c     mfc42:MFC42.DLL
 0004:00000450       __imp_?AfxGetModuleState@@YGPAVAFX_MODULE_STATE@@XZ 1000c450     mfc42:MFC42.DLL
 0004:00000454       __imp_??1CDialog@@UAE@XZ   1000c454     mfc42:MFC42.DLL
 0004:00000458       __imp_??1CSpinButtonCtrl@@UAE@XZ 1000c458     mfc42:MFC42.DLL
 0004:0000045c       __imp_?DoModal@CDialog@@UAEHXZ 1000c45c     mfc42:MFC42.DLL
 0004:00000460       __imp_?PreInitDialog@CDialog@@MAEXXZ 1000c460     mfc42:MFC42.DLL
 0004:00000464       __imp_?OnCancel@CDialog@@MAEXXZ 1000c464     mfc42:MFC42.DLL
 0004:00000468       __imp_?OnOK@CDialog@@MAEXXZ 1000c468     mfc42:MFC42.DLL
 0004:0000046c       __imp_?OnSetFont@CDialog@@UAEXPAVCFont@@@Z 1000c46c     mfc42:MFC42.DLL
 0004:00000470       __imp_?SetOccDialogInfo@CDialog@@MAEHPAU_AFX_OCC_DIALOG_INFO@@@Z 1000c470     mfc42:MFC42.DLL
 0004:00000474       __imp_?CheckAutoCenter@CDialog@@UAEHXZ 1000c474     mfc42:MFC42.DLL
 0004:00000478       __imp_?PreTranslateMessage@CDialog@@UAEHPAUtagMSG@@@Z 1000c478     mfc42:MFC42.DLL
 0004:0000047c       __imp_?OnCmdMsg@CDialog@@UAEHIHPAXPAUAFX_CMDHANDLERINFO@@@Z 1000c47c     mfc42:MFC42.DLL
 0004:00000480       __imp_?GetRuntimeClass@CDialog@@UBEPAUCRuntimeClass@@XZ 1000c480     mfc42:MFC42.DLL
 0004:00000484       __imp_?Create@CWnd@@UAEHPBD0KABUtagRECT@@PAV1@IPAUCCreateContext@@@Z 1000c484     mfc42:MFC42.DLL
 0004:00000488       __imp_?GetMessageMap@CWnd@@MBEPBUAFX_MSGMAP@@XZ 1000c488     mfc42:MFC42.DLL
 0004:0000048c       __imp_?GetRuntimeClass@CSpinButtonCtrl@@UBEPAUCRuntimeClass@@XZ 1000c48c     mfc42:MFC42.DLL
 0004:00000490       __imp_??0CDialog@@QAE@IPAVCWnd@@@Z 1000c490     mfc42:MFC42.DLL
 0004:00000494       __imp_?DDX_Control@@YGXPAVCDataExchange@@HAAVCWnd@@@Z 1000c494     mfc42:MFC42.DLL
 0004:00000498       __imp_?messageMap@CDialog@@1UAFX_MSGMAP@@B 1000c498     mfc42:MFC42.DLL
 0004:0000049c       __imp_?OnInitDialog@CDialog@@UAEHXZ 1000c49c     mfc42:MFC42.DLL
 0004:000004a0       __imp_?GetDlgItemInt@CWnd@@QBEIHPAHH@Z 1000c4a0     mfc42:MFC42.DLL
 0004:000004a4       __imp_?AfxTermExtensionModule@@YGXAAUAFX_EXTENSION_MODULE@@H@Z 1000c4a4     mfc42:MFC42.DLL
 0004:000004a8       __imp_??0CDynLinkLibrary@@QAE@AAUAFX_EXTENSION_MODULE@@H@Z 1000c4a8     mfc42:MFC42.DLL
 0004:000004ac       __imp_?AfxInitExtensionModule@@YGHAAUAFX_EXTENSION_MODULE@@PAUHINSTANCE__@@@Z 1000c4ac     mfc42:MFC42.DLL
 0004:000004b0       __imp_?OnWndMsg@CWnd@@MAEHIIJPAJ@Z 1000c4b0     mfc42:MFC42.DLL
 0004:000004b4       __imp_?DefWindowProcA@CWnd@@MAEJIIJ@Z 1000c4b4     mfc42:MFC42.DLL
 0004:000004b8       __imp_?PostNcDestroy@CWnd@@MAEXXZ 1000c4b8     mfc42:MFC42.DLL
 0004:000004bc       __imp_?OnChildNotify@CWnd@@MAEHIIJPAJ@Z 1000c4bc     mfc42:MFC42.DLL
 0004:000004c0       __imp_?CheckAutoCenter@CWnd@@UAEHXZ 1000c4c0     mfc42:MFC42.DLL
 0004:000004c4       __imp_?IsFrameWnd@CWnd@@UBEHXZ 1000c4c4     mfc42:MFC42.DLL
 0004:000004c8       __imp_?messageMap@CWnd@@1UAFX_MSGMAP@@B 1000c4c8     mfc42:MFC42.DLL
 0004:000004cc       __imp_?SetOccDialogInfo@CWnd@@MAEHPAU_AFX_OCC_DIALOG_INFO@@@Z 1000c4cc     mfc42:MFC42.DLL
 0004:000004d0       \177MFC42_NULL_THUNK_DATA  1000c4d0     mfc42:MFC42.DLL
 0004:00000538       __imp___onexit             1000c538     msvcrt:MSVCRT.dll
 0004:0000053c       __imp___ftol               1000c53c     msvcrt:MSVCRT.dll
 0004:00000540       __imp__memmove             1000c540     msvcrt:MSVCRT.dll
 0004:00000544       __imp__free                1000c544     msvcrt:MSVCRT.dll
 0004:00000548       __imp___initterm           1000c548     msvcrt:MSVCRT.dll
 0004:0000054c       __imp__malloc              1000c54c     msvcrt:MSVCRT.dll
 0004:00000550       __imp___adjust_fdiv        1000c550     msvcrt:MSVCRT.dll
 0004:00000554       __imp____dllonexit         1000c554     msvcrt:MSVCRT.dll
 0004:00000558       \177MSVCRT_NULL_THUNK_DATA 1000c558     msvcrt:MSVCRT.dll
 0004:00000588       __imp__ReleaseDC@8         1000c588     user32:USER32.dll
 0004:0000058c       __imp__GetDC@4             1000c58c     user32:USER32.dll
 0004:00000590       __imp__InflateRect@12      1000c590     user32:USER32.dll
 0004:00000594       __imp__GetWindowLongA@8    1000c594     user32:USER32.dll
 0004:00000598       __imp__GetClientRect@8     1000c598     user32:USER32.dll
 0004:0000059c       __imp__FillRect@12         1000c59c     user32:USER32.dll
 0004:000005a0       __imp__DrawFocusRect@8     1000c5a0     user32:USER32.dll
 0004:000005a4       __imp__GetFocus@0          1000c5a4     user32:USER32.dll
 0004:000005a8       __imp__InvalidateRect@12   1000c5a8     user32:USER32.dll
 0004:000005ac       __imp__UpdateWindow@4      1000c5ac     user32:USER32.dll
 0004:000005b0       __imp__CreateWindowExA@48  1000c5b0     user32:USER32.dll
 0004:000005b4       __imp__ReleaseCapture@0    1000c5b4     user32:USER32.dll
 0004:000005b8       __imp__GetAsyncKeyState@4  1000c5b8     user32:USER32.dll
 0004:000005bc       __imp__SetCapture@4        1000c5bc     user32:USER32.dll
 0004:000005c0       __imp__SetFocus@4          1000c5c0     user32:USER32.dll
 0004:000005c4       __imp__SendMessageA@16     1000c5c4     user32:USER32.dll
 0004:000005c8       __imp__GetParent@4         1000c5c8     user32:USER32.dll
 0004:000005cc       __imp__EnableWindow@8      1000c5cc     user32:USER32.dll
 0004:000005d0       __imp__ClipCursor@4        1000c5d0     user32:USER32.dll
 0004:000005d4       __imp__GetDlgItem@8        1000c5d4     user32:USER32.dll
 0004:000005d8       __imp__GetSysColor@4       1000c5d8     user32:USER32.dll
 0004:000005dc       __imp__SetWindowLongA@12   1000c5dc     user32:USER32.dll
 0004:000005e0       __imp__SetPropA@12         1000c5e0     user32:USER32.dll
 0004:000005e4       __imp__DefWindowProcA@16   1000c5e4     user32:USER32.dll
 0004:000005e8       __imp__GetClassInfoA@12    1000c5e8     user32:USER32.dll
 0004:000005ec       __imp__LoadCursorA@8       1000c5ec     user32:USER32.dll
 0004:000005f0       __imp__RegisterClassA@4    1000c5f0     user32:USER32.dll
 0004:000005f4       __imp__GetPropA@8          1000c5f4     user32:USER32.dll
 0004:000005f8       __imp__LoadBitmapA@8       1000c5f8     user32:USER32.dll
 0004:000005fc       \177USER32_NULL_THUNK_DATA 1000c5fc     user32:USER32.dll

 entry point at        0001:00006967

