 WWCtrl

 Timestamp is 67aa300a (Mon Feb 10 16:57:46 2025)

 Preferred load address is 10000000

 Start         Length     Name                   Class
 0001:00000000 00005042H .text                   CODE
 0002:00000000 000001f4H .idata$5                DATA
 0002:000001f8 000005f8H .rdata                  DATA
 0002:000007f0 00000050H .idata$2                DATA
 0002:00000840 00000014H .idata$3                DATA
 0002:00000854 000001f4H .idata$4                DATA
 0002:00000a48 000002a2H .idata$6                DATA
 0002:00000cf0 000011b0H .edata                  DATA
 0003:00000000 00000004H .CRT$XCA                DATA
 0003:00000004 00000004H .CRT$XCZ                DATA
 0003:00000008 00000004H .CRT$XIA                DATA
 0003:0000000c 00000004H .CRT$XIZ                DATA
 0003:00000010 00000060H .data                   DATA
 0003:00000070 00000050H .bss                    DATA
 0004:00000000 000001a8H .rsrc$01                DATA
 0004:000001b0 00000dd8H .rsrc$02                DATA

  Address         Publics by Value              Rva+Base     Lib:Object

 0001:00000000       ?Get_Point_Count@ColorBarClass@@QBEHXZ 10001000 f i ColorBar.obj
 0001:00000010       ?Get_Selection_Pos@ColorBarClass@@QBEMXZ 10001010 f i ColorBar.obj
 0001:00000020       ?Get_Range@ColorBarClass@@QBEXAAM0@Z 10001020 f i ColorBar.obj
 0001:00000040       ?Get_Color_Bar@ColorBarClass@@SAPAV1@PAUHWND__@@@Z 10001040 f i ColorBar.obj
 0001:00000060       ??0ColorBarClass@@QAE@XZ   10001060 f   ColorBar.obj
 0001:00000100       ??_GColorBarClass@@UAEPAXI@Z 10001100 f i ColorBar.obj
 0001:00000170       ??_EColorBarClass@@UAEPAXI@Z 10001170 f i ColorBar.obj
 0001:00000280       ??_I@YGXPAXIHP6EX0@Z@Z     10001280 f i ColorBar.obj
 0001:000002c0       ??1ColorBarClass@@UAE@XZ   100012c0 f   ColorBar.obj
 0001:00000320       ?_GetBaseMessageMap@ColorBarClass@@KGPBUAFX_MSGMAP@@XZ 10001320 f   ColorBar.obj
 0001:00000330       ?GetMessageMap@ColorBarClass@@MBEPBUAFX_MSGMAP@@XZ 10001330 f   ColorBar.obj
 0001:00000340       ?RegisterColorBar@@YAXPAUHINSTANCE__@@@Z 10001340 f   ColorBar.obj
 0001:000003c0       ?fnColorBarProc@@YGJPAUHWND__@@IIJ@Z 100013c0 f   ColorBar.obj
 0001:000004f0       ?OnCreate@ColorBarClass@@IAEHPAUtagCREATESTRUCTA@@@Z 100014f0 f   ColorBar.obj
 0001:00000520       ?Create@ColorBarClass@@UAEHPBD0KABUtagRECT@@PAVCWnd@@IPAUCCreateContext@@@Z 10001520 f   ColorBar.obj
 0001:00000580       ?Create_Bitmap@ColorBarClass@@IAEXXZ 10001580 f   ColorBar.obj
 0001:00000760       ?Free_Bitmap@ColorBarClass@@IAEXXZ 10001760 f   ColorBar.obj
 0001:00000790       ?OnSize@ColorBarClass@@IAEXIHH@Z 10001790 f   ColorBar.obj
 0001:000007b0       ?Paint_Bar_Vert@ColorBarClass@@IAEXHHHHPAE@Z 100017b0 f   ColorBar.obj
 0001:000008b0       ?Paint_Bar_Horz@ColorBarClass@@IAEXHHHHPAE@Z 100018b0 f   ColorBar.obj
 0001:00000b10       ?Paint_DIB@ColorBarClass@@IAEXXZ 10001b10 f   ColorBar.obj
 0001:00000d40       ?OnPaint@ColorBarClass@@IAEXXZ 10001d40 f   ColorBar.obj
 0001:00000d80       ?Paint_Screen@ColorBarClass@@IAEXPAUHDC__@@@Z 10001d80 f   ColorBar.obj
 0001:00000ec0       ?Get_Point@ColorBarClass@@QAE_NHPAM000@Z 10001ec0 f   ColorBar.obj
 0001:00000f40       ?Insert_Point@ColorBarClass@@QAE_NVCPoint@@K@Z 10001f40 f   ColorBar.obj
 0001:000011c0       ?Insert_Point@ColorBarClass@@QAE_NHMMMMK@Z 100021c0 f   ColorBar.obj
 0001:00001240       ?Delete_Point@ColorBarClass@@QAE_NH@Z 10002240 f   ColorBar.obj
 0001:000012e0       ?Modify_Point@ColorBarClass@@QAE_NHMMMMK@Z 100022e0 f   ColorBar.obj
 0001:000013e0       ?Serialize@CObject@@UAEXAAVCArchive@@@Z 100023e0 f i ColorBar.obj
 0001:000013f0       ?AssertValid@CObject@@UBEXXZ 100023f0 f i ColorBar.obj
 0001:00001400       ?Dump@CObject@@UBEXAAVCDumpContext@@@Z 10002400 f i ColorBar.obj
 0001:00001410       ?Set_Range@ColorBarClass@@QAEXMM@Z 10002410 f   ColorBar.obj
 0001:00001430       ?Update_Point_Info@ColorBarClass@@IAEXXZ 10002430 f   ColorBar.obj
 0001:000015c0       ?Free_Marker_Bitmap@ColorBarClass@@IAEXXZ 100025c0 f   ColorBar.obj
 0001:000015f0       ?Load_Key_Frame_BMP@ColorBarClass@@IAEXXZ 100025f0 f   ColorBar.obj
 0001:00001760       ?Paint_Key_Frame@ColorBarClass@@IAEXHH@Z 10002760 f   ColorBar.obj
 0001:00001860       ?Marker_From_Point@ColorBarClass@@QAEHVCPoint@@@Z 10002860 f   ColorBar.obj
 0001:000018f0       ?OnLButtonDown@ColorBarClass@@IAEXIVCPoint@@@Z 100028f0 f   ColorBar.obj
 0001:00001a30       ?OnLButtonUp@ColorBarClass@@IAEXIVCPoint@@@Z 10002a30 f   ColorBar.obj
 0001:00001a70       ?OnMouseMove@ColorBarClass@@IAEXIVCPoint@@@Z 10002a70 f   ColorBar.obj
 0001:00001bf0       ?Send_Notification@ColorBarClass@@QAEJHH@Z 10002bf0 f   ColorBar.obj
 0001:00001c90       ?OnKillFocus@ColorBarClass@@IAEXPAVCWnd@@@Z 10002c90 f   ColorBar.obj
 0001:00001cc0       ?OnSetFocus@ColorBarClass@@IAEXPAVCWnd@@@Z 10002cc0 f   ColorBar.obj
 0001:00001cf0       ?OnKeyDown@ColorBarClass@@IAEXIII@Z 10002cf0 f   ColorBar.obj
 0001:00001dd0       ?OnLButtonDblClk@ColorBarClass@@IAEXIVCPoint@@@Z 10002dd0 f   ColorBar.obj
 0001:00001e00       ?Get_Selection_Rectangle@ColorBarClass@@IAEXAAVCRect@@@Z 10002e00 f   ColorBar.obj
 0001:00001ef0       ?Set_Selection_Pos@ColorBarClass@@QAEXM@Z 10002ef0 f   ColorBar.obj
 0001:00001f30       ?Move_Selection@ColorBarClass@@IAEXVCPoint@@_N@Z 10002f30 f   ColorBar.obj
 0001:00001ff0       ?Move_Selection@ColorBarClass@@IAEXM_N@Z 10002ff0 f   ColorBar.obj
 0001:000020c0       ?Get_Color@ColorBarClass@@QAEXMPAM00@Z 100030c0 f   ColorBar.obj
 0001:000021d0       ?Clear_Points@ColorBarClass@@QAEXXZ 100031d0 f   ColorBar.obj
 0001:00002210       ?Set_User_Data@ColorBarClass@@QAE_NHK@Z 10003210 f   ColorBar.obj
 0001:00002240       ?Get_User_Data@ColorBarClass@@QAEKH@Z 10003240 f   ColorBar.obj
 0001:00002270       ?Set_Graph_Percent@ColorBarClass@@QAE_NHM@Z 10003270 f   ColorBar.obj
 0001:000022d0       ?Get_Graph_Percent@ColorBarClass@@QAEMH@Z 100032d0 f   ColorBar.obj
 0001:00002300       ?Set_Redraw@ColorBarClass@@QAEX_N@Z 10003300 f   ColorBar.obj
 0001:00002320       ?Repaint@ColorBarClass@@IAEXXZ 10003320 f   ColorBar.obj
 0001:00002350       ?DoDataExchange@CWnd@@MAEXPAVCDataExchange@@@Z 10003350 f i ColorBar.obj
 0001:00002360       ?BeginModalState@CWnd@@UAEXXZ 10003360 f i ColorBar.obj
 0001:00002370       ?EndModalState@CWnd@@UAEXXZ 10003370 f i ColorBar.obj
 0001:00002380       ?Get_Color_Picker@ColorPickerClass@@SAPAV1@PAUHWND__@@@Z 10003380 f i ColorPicker.obj
 0001:000023a0       ??0ColorPickerClass@@QAE@XZ 100033a0 f   ColorPicker.obj
 0001:000023e0       ??_GColorPickerClass@@UAEPAXI@Z 100033e0 f i ColorPicker.obj
 0001:00002440       ??_EColorPickerClass@@UAEPAXI@Z 10003440 f i ColorPicker.obj
 0001:00002520       ??1ColorPickerClass@@UAE@XZ 10003520 f   ColorPicker.obj
 0001:00002570       ?_GetBaseMessageMap@ColorPickerClass@@KGPBUAFX_MSGMAP@@XZ 10003570 f   ColorPicker.obj
 0001:00002580       ?GetMessageMap@ColorPickerClass@@MBEPBUAFX_MSGMAP@@XZ 10003580 f   ColorPicker.obj
 0001:00002590       ?OnPaint@ColorPickerClass@@IAEXXZ 10003590 f   ColorPicker.obj
 0001:00002630       ?RegisterColorPicker@@YAXPAUHINSTANCE__@@@Z 10003630 f   ColorPicker.obj
 0001:000026b0       ?fnColorPickerProc@@YGJPAUHWND__@@IIJ@Z 100036b0 f   ColorPicker.obj
 0001:00002810       ?OnCreate@ColorPickerClass@@IAEHPAUtagCREATESTRUCTA@@@Z 10003810 f   ColorPicker.obj
 0001:00002840       ?Create@ColorPickerClass@@UAEHPBD0KABUtagRECT@@PAVCWnd@@IPAUCCreateContext@@@Z 10003840 f   ColorPicker.obj
 0001:000028a0       ?Create_Bitmap@ColorPickerClass@@IAEXXZ 100038a0 f   ColorPicker.obj
 0001:00002970       ?Fill_Rect@ColorPickerClass@@IAEXPAEABUtagRECT@@KH@Z 10003970 f   ColorPicker.obj
 0001:000029d0       ?Color_From_Point@ColorPickerClass@@IAEKHH@Z 100039d0 f   ColorPicker.obj
 0001:00002ab0       ?Polar_To_Rect@@YAXMMAAM0@Z 10003ab0 f   ColorPicker.obj
 0001:00002ae0       ?Rect_To_Polar@@YAXMMAAM0@Z 10003ae0 f   ColorPicker.obj
 0001:00002b50       ?RGB_to_Hue@@YAXHHHAAM0@Z  10003b50 f   ColorPicker.obj
 0001:00002ca0       ?Point_From_Color@ColorPickerClass@@IAE?AVCPoint@@K@Z 10003ca0 f   ColorPicker.obj
 0001:00002e60       ?Paint_DIB@ColorPickerClass@@IAEXHHPAE@Z 10003e60 f   ColorPicker.obj
 0001:00003110       ?Free_Bitmap@ColorPickerClass@@IAEXXZ 10004110 f   ColorPicker.obj
 0001:00003140       ?OnSize@ColorPickerClass@@IAEXIHH@Z 10004140 f   ColorPicker.obj
 0001:00003160       ?OnEraseBkgnd@ColorPickerClass@@IAEHPAVCDC@@@Z 10004160 f   ColorPicker.obj
 0001:00003170       ?OnLButtonDown@ColorPickerClass@@IAEXIVCPoint@@@Z 10004170 f   ColorPicker.obj
 0001:000032b0       ?OnLButtonUp@ColorPickerClass@@IAEXIVCPoint@@@Z 100042b0 f   ColorPicker.obj
 0001:000032e0       ?OnMouseMove@ColorPickerClass@@IAEXIVCPoint@@@Z 100042e0 f   ColorPicker.obj
 0001:000033c0       ?Calc_Display_Rect@ColorPickerClass@@IAEXAAUtagRECT@@@Z 100043c0 f   ColorPicker.obj
 0001:00003410       ?Erase_Marker@ColorPickerClass@@IAEXXZ 10004410 f   ColorPicker.obj
 0001:00003490       ?Paint_Marker@ColorPickerClass@@IAEXXZ 10004490 f   ColorPicker.obj
 0001:00003530       ?Select_Color@ColorPickerClass@@QAEXHHH@Z 10004530 f   ColorPicker.obj
 0001:000035a0       ?Get_Current_Color@ColorPickerClass@@QAEXPAH00@Z 100045a0 f   ColorPicker.obj
 0001:000035d0       _Create_Color_Picker_Form  100045d0 f   ColorPickerDialogClass.obj
 0001:00003670       _Get_Form_Color            10004670 f   ColorPickerDialogClass.obj
 0001:000036f0       _Set_Form_Color            100046f0 f   ColorPickerDialogClass.obj
 0001:00003760       _Set_Form_Original_Color   10004760 f   ColorPickerDialogClass.obj
 0001:000037f0       _Show_Color_Picker         100047f0 f   ColorPickerDialogClass.obj
 0001:000038d0       _Set_Update_Callback       100048d0 f   ColorPickerDialogClass.obj
 0001:00003930       ??0ColorPickerDialogClass@@QAE@HHHPAVCWnd@@I@Z 10004930 f   ColorPickerDialogClass.obj
 0001:00003a00       ??_GColorPickerDialogClass@@UAEPAXI@Z 10004a00 f i ColorPickerDialogClass.obj
 0001:00003a00       ??_EColorPickerDialogClass@@UAEPAXI@Z 10004a00 f i ColorPickerDialogClass.obj
 0001:00003a40       ?Create_Form@ColorPickerDialogClass@@QAEXPAVCWnd@@@Z 10004a40 f   ColorPickerDialogClass.obj
 0001:00003a70       ?DoDataExchange@ColorPickerDialogClass@@MAEXPAVCDataExchange@@@Z 10004a70 f   ColorPickerDialogClass.obj
 0001:00003ab0       ?_GetBaseMessageMap@ColorPickerDialogClass@@KGPBUAFX_MSGMAP@@XZ 10004ab0 f   ColorPickerDialogClass.obj
 0001:00003ac0       ?GetMessageMap@ColorPickerDialogClass@@MBEPBUAFX_MSGMAP@@XZ 10004ac0 f   ColorPickerDialogClass.obj
 0001:00003ad0       ?OnInitDialog@ColorPickerDialogClass@@MAEHXZ 10004ad0 f   ColorPickerDialogClass.obj
 0001:00003ef0       ?Update_Red_Bar@ColorPickerDialogClass@@IAEXXZ 10004ef0 f   ColorPickerDialogClass.obj
 0001:00003f50       ?Update_Green_Bar@ColorPickerDialogClass@@IAEXXZ 10004f50 f   ColorPickerDialogClass.obj
 0001:00003fb0       ?Update_Blue_Bar@ColorPickerDialogClass@@IAEXXZ 10004fb0 f   ColorPickerDialogClass.obj
 0001:00004010       ?Update_Current_Color_Bar@ColorPickerDialogClass@@IAEXXZ 10005010 f   ColorPickerDialogClass.obj
 0001:00004040       ?Update_Whiteness_Bar@ColorPickerDialogClass@@IAEXXZ 10005040 f   ColorPickerDialogClass.obj
 0001:00004100       ?OnNotify@ColorPickerDialogClass@@MAEHIJPAJ@Z 10005100 f   ColorPickerDialogClass.obj
 0001:000042f0       ?Update_Color@ColorPickerDialogClass@@IAEXMMMK@Z 100052f0 f   ColorPickerDialogClass.obj
 0001:00004640       ?Set_Original_Color@ColorPickerDialogClass@@QAEXHHH@Z 10005640 f   ColorPickerDialogClass.obj
 0001:00004690       ?OnReset@ColorPickerDialogClass@@IAEXXZ 10005690 f   ColorPickerDialogClass.obj
 0001:000046b0       ?WindowProc@ColorPickerDialogClass@@MAEJIIJ@Z 100056b0 f   ColorPickerDialogClass.obj
 0001:000046d0       ?OnCommand@ColorPickerDialogClass@@MAEHIJ@Z 100056d0 f   ColorPickerDialogClass.obj
 0001:000047a0       ?PostNcDestroy@ColorPickerDialogClass@@MAEXXZ 100057a0 f   ColorPickerDialogClass.obj
 0001:000047d0       ??_ECSpinButtonCtrl@@UAEPAXI@Z 100057d0 f i ColorPickerDialogClass.obj
 0001:000047d0       ??_GCSpinButtonCtrl@@UAEPAXI@Z 100057d0 f i ColorPickerDialogClass.obj
 0001:000047f0       ?Draw_Sunken_Rect@@YAXPAEABUtagRECT@@H@Z 100057f0 f   Utils.obj
 0001:000048f0       ?Draw_Raised_Rect@@YAXPAEABUtagRECT@@H@Z 100058f0 f   Utils.obj
 0001:000049f0       ?Frame_Rect@@YAXPAEABUtagRECT@@KH@Z 100059f0 f   Utils.obj
 0001:00004ac0       ?Draw_Vert_Line@@YAXPAEHHHKH@Z 10005ac0 f   Utils.obj
 0001:00004b00       ?Draw_Horz_Line@@YAXPAEHHHKH@Z 10005b00 f   Utils.obj
 0001:00004b40       _ExtRawDllMain@12          10005b40 f   WWCtrl.obj
 0001:00004b70       _DllMain@12                10005b70 f   WWCtrl.obj
 0001:00004be0       _Initialize_WWCtrl         10005be0 f   WWCtrl.obj
 0001:00004bf0       ?SetOccDialogInfo@CWnd@@MAEHPAU_AFX_OCC_DIALOG_INFO@@@Z 10005bf0 f   mfc42:MFC42.DLL
 0001:00004bf6       ?IsFrameWnd@CWnd@@UBEHXZ   10005bf6 f   mfc42:MFC42.DLL
 0001:00004bfc       ?CheckAutoCenter@CWnd@@UAEHXZ 10005bfc f   mfc42:MFC42.DLL
 0001:00004c02       ?OnChildNotify@CWnd@@MAEHIIJPAJ@Z 10005c02 f   mfc42:MFC42.DLL
 0001:00004c08       ?PostNcDestroy@CWnd@@MAEXXZ 10005c08 f   mfc42:MFC42.DLL
 0001:00004c0e       ?DefWindowProcA@CWnd@@MAEJIIJ@Z 10005c0e f   mfc42:MFC42.DLL
 0001:00004c14       ?OnWndMsg@CWnd@@MAEHIIJPAJ@Z 10005c14 f   mfc42:MFC42.DLL
 0001:00004c1a       ?WindowProc@CWnd@@MAEJIIJ@Z 10005c1a f   mfc42:MFC42.DLL
 0001:00004c20       ?OnAmbientProperty@CWnd@@UAEHPAVCOleControlSite@@JPAUtagVARIANT@@@Z 10005c20 f   mfc42:MFC42.DLL
 0001:00004c26       ?PreTranslateMessage@CWnd@@UAEHPAUtagMSG@@@Z 10005c26 f   mfc42:MFC42.DLL
 0001:00004c2c       ?GetSuperWndProcAddr@CWnd@@MAEPAP6GJPAUHWND__@@IIJ@ZXZ 10005c2c f   mfc42:MFC42.DLL
 0001:00004c32       ?OnNotify@CWnd@@MAEHIJPAJ@Z 10005c32 f   mfc42:MFC42.DLL
 0001:00004c38       ?OnCommand@CWnd@@MAEHIJ@Z  10005c38 f   mfc42:MFC42.DLL
 0001:00004c3e       ?EndModalLoop@CWnd@@UAEXH@Z 10005c3e f   mfc42:MFC42.DLL
 0001:00004c44       ?ContinueModal@CWnd@@UAEHXZ 10005c44 f   mfc42:MFC42.DLL
 0001:00004c4a       ?WinHelpA@CWnd@@UAEXKI@Z   10005c4a f   mfc42:MFC42.DLL
 0001:00004c50       ?GetScrollBarCtrl@CWnd@@UBEPAVCScrollBar@@H@Z 10005c50 f   mfc42:MFC42.DLL
 0001:00004c56       ?OnToolHitTest@CWnd@@UBEHVCPoint@@PAUtagTOOLINFOA@@@Z 10005c56 f   mfc42:MFC42.DLL
 0001:00004c5c       ?CalcWindowRect@CWnd@@UAEXPAUtagRECT@@I@Z 10005c5c f   mfc42:MFC42.DLL
 0001:00004c62       ?PreCreateWindow@CWnd@@UAEHAAUtagCREATESTRUCTA@@@Z 10005c62 f   mfc42:MFC42.DLL
 0001:00004c68       ?DestroyWindow@CWnd@@UAEHXZ 10005c68 f   mfc42:MFC42.DLL
 0001:00004c6e       ?PreSubclassWindow@CWnd@@UAEXXZ 10005c6e f   mfc42:MFC42.DLL
 0001:00004c74       ?GetConnectionHook@CCmdTarget@@MAEPAUIConnectionPoint@@ABU_GUID@@@Z 10005c74 f   mfc42:MFC42.DLL
 0001:00004c7a       ?GetExtraConnectionPoints@CCmdTarget@@MAEHPAVCPtrArray@@@Z 10005c7a f   mfc42:MFC42.DLL
 0001:00004c80       ?GetInterfaceHook@CCmdTarget@@UAEPAUIUnknown@@PBX@Z 10005c80 f   mfc42:MFC42.DLL
 0001:00004c86       ?OnCreateAggregates@CCmdTarget@@UAEHXZ 10005c86 f   mfc42:MFC42.DLL
 0001:00004c8c       ?GetEventSinkMap@CCmdTarget@@MBEPBUAFX_EVENTSINKMAP@@XZ 10005c8c f   mfc42:MFC42.DLL
 0001:00004c92       ?GetInterfaceMap@CCmdTarget@@MBEPBUAFX_INTERFACEMAP@@XZ 10005c92 f   mfc42:MFC42.DLL
 0001:00004c98       ?GetConnectionMap@CCmdTarget@@MBEPBUAFX_CONNECTIONMAP@@XZ 10005c98 f   mfc42:MFC42.DLL
 0001:00004c9e       ?GetDispatchMap@CCmdTarget@@MBEPBUAFX_DISPMAP@@XZ 10005c9e f   mfc42:MFC42.DLL
 0001:00004ca4       ?GetCommandMap@CCmdTarget@@MBEPBUAFX_OLECMDMAP@@XZ 10005ca4 f   mfc42:MFC42.DLL
 0001:00004caa       ?GetTypeLib@CCmdTarget@@UAEJKPAPAUITypeLib@@@Z 10005caa f   mfc42:MFC42.DLL
 0001:00004cb0       ?GetTypeLibCache@CCmdTarget@@UAEPAVCTypeLibCache@@XZ 10005cb0 f   mfc42:MFC42.DLL
 0001:00004cb6       ?GetTypeInfoCount@CCmdTarget@@UAEIXZ 10005cb6 f   mfc42:MFC42.DLL
 0001:00004cbc       ?GetDispatchIID@CCmdTarget@@UAEHPAU_GUID@@@Z 10005cbc f   mfc42:MFC42.DLL
 0001:00004cc2       ?IsInvokeAllowed@CCmdTarget@@UAEHJ@Z 10005cc2 f   mfc42:MFC42.DLL
 0001:00004cc8       ?OnFinalRelease@CWnd@@UAEXXZ 10005cc8 f   mfc42:MFC42.DLL
 0001:00004cce       ?OnCmdMsg@CCmdTarget@@UAEHIHPAXPAUAFX_CMDHANDLERINFO@@@Z 10005cce f   mfc42:MFC42.DLL
 0001:00004cd4       ?GetRuntimeClass@CWnd@@UBEPAUCRuntimeClass@@XZ 10005cd4 f   mfc42:MFC42.DLL
 0001:00004cda       ??0CWnd@@QAE@XZ            10005cda f   mfc42:MFC42.DLL
 0001:00004ce0       ??3@YAXPAX@Z               10005ce0 f   mfc42:MFC42.DLL
 0001:00004ce6       ??1CWnd@@UAE@XZ            10005ce6 f   mfc42:MFC42.DLL
 0001:00004cec       ?AfxGetAfxWndProc@@YGP6GJPAUHWND__@@IIJ@ZXZ 10005cec f   mfc42:MFC42.DLL
 0001:00004cf2       ?Default@CWnd@@IAEJXZ      10005cf2 f   mfc42:MFC42.DLL
 0001:00004cf8       ?Attach@CWnd@@QAEHPAUHWND__@@@Z 10005cf8 f   mfc42:MFC42.DLL
 0001:00004cfe       ??2@YAPAXI@Z               10005cfe f   mfc42:MFC42.DLL
 0001:00004d04       ?Detach@CWnd@@QAEPAUHWND__@@XZ 10005d04 f   mfc42:MFC42.DLL
 0001:00004d0a       ??1CPaintDC@@UAE@XZ        10005d0a f   mfc42:MFC42.DLL
 0001:00004d10       ??0CPaintDC@@QAE@PAVCWnd@@@Z 10005d10 f   mfc42:MFC42.DLL
 0001:00004d16       ?ClientToScreen@CWnd@@QBEXPAUtagRECT@@@Z 10005d16 f   mfc42:MFC42.DLL
 0001:00004d1c       ?FromHandle@CWnd@@SGPAV1@PAUHWND__@@@Z 10005d1c f   mfc42:MFC42.DLL
 0001:00004d22       ?Create@CDialog@@QAEHPBDPAVCWnd@@@Z 10005d22 f   mfc42:MFC42.DLL
 0001:00004d28       ?AfxGetModuleState@@YGPAVAFX_MODULE_STATE@@XZ 10005d28 f   mfc42:MFC42.DLL
 0001:00004d2e       ??1CDialog@@UAE@XZ         10005d2e f   mfc42:MFC42.DLL
 0001:00004d34       ??1CSpinButtonCtrl@@UAE@XZ 10005d34 f   mfc42:MFC42.DLL
 0001:00004d3a       ?DoModal@CDialog@@UAEHXZ   10005d3a f   mfc42:MFC42.DLL
 0001:00004d40       ?GetMessageMap@CWnd@@MBEPBUAFX_MSGMAP@@XZ 10005d40 f   mfc42:MFC42.DLL
 0001:00004d46       ?GetRuntimeClass@CSpinButtonCtrl@@UBEPAUCRuntimeClass@@XZ 10005d46 f   mfc42:MFC42.DLL
 0001:00004d4c       ?PreInitDialog@CDialog@@MAEXXZ 10005d4c f   mfc42:MFC42.DLL
 0001:00004d52       ?OnCancel@CDialog@@MAEXXZ  10005d52 f   mfc42:MFC42.DLL
 0001:00004d58       ?OnOK@CDialog@@MAEXXZ      10005d58 f   mfc42:MFC42.DLL
 0001:00004d5e       ?OnSetFont@CDialog@@UAEXPAVCFont@@@Z 10005d5e f   mfc42:MFC42.DLL
 0001:00004d64       ?SetOccDialogInfo@CDialog@@MAEHPAU_AFX_OCC_DIALOG_INFO@@@Z 10005d64 f   mfc42:MFC42.DLL
 0001:00004d6a       ?CheckAutoCenter@CDialog@@UAEHXZ 10005d6a f   mfc42:MFC42.DLL
 0001:00004d70       ?PreTranslateMessage@CDialog@@UAEHPAUtagMSG@@@Z 10005d70 f   mfc42:MFC42.DLL
 0001:00004d76       ?Create@CWnd@@UAEHPBD0KABUtagRECT@@PAV1@IPAUCCreateContext@@@Z 10005d76 f   mfc42:MFC42.DLL
 0001:00004d7c       ?OnCmdMsg@CDialog@@UAEHIHPAXPAUAFX_CMDHANDLERINFO@@@Z 10005d7c f   mfc42:MFC42.DLL
 0001:00004d82       ?GetRuntimeClass@CDialog@@UBEPAUCRuntimeClass@@XZ 10005d82 f   mfc42:MFC42.DLL
 0001:00004d88       ??0CDialog@@QAE@IPAVCWnd@@@Z 10005d88 f   mfc42:MFC42.DLL
 0001:00004d8e       ?DDX_Control@@YGXPAVCDataExchange@@HAAVCWnd@@@Z 10005d8e f   mfc42:MFC42.DLL
 0001:00004d94       ?OnInitDialog@CDialog@@UAEHXZ 10005d94 f   mfc42:MFC42.DLL
 0001:00004d9a       ?GetDlgItemInt@CWnd@@QBEIHPAHH@Z 10005d9a f   mfc42:MFC42.DLL
 0001:00004da0       ?AfxTermExtensionModule@@YGXAAUAFX_EXTENSION_MODULE@@H@Z 10005da0 f   mfc42:MFC42.DLL
 0001:00004da6       ??0CDynLinkLibrary@@QAE@AAUAFX_EXTENSION_MODULE@@H@Z 10005da6 f   mfc42:MFC42.DLL
 0001:00004dac       ?AfxInitExtensionModule@@YGHAAUAFX_EXTENSION_MODULE@@PAUHINSTANCE__@@@Z 10005dac f   mfc42:MFC42.DLL
 0001:00004dc0       __ftol                     10005dc0 f   msvcrt:MSVCRT.dll
 0001:00004dc6       _memmove                   10005dc6 f   msvcrt:MSVCRT.dll
 0001:00004dcc       __CRT_INIT@12              10005dcc f   msvcrt:crtdll.obj
 0001:00004e77       __DllMainCRTStartup@12     10005e77 f   msvcrt:crtdll.obj
 0001:00004f14       _free                      10005f14 f   msvcrt:MSVCRT.dll
 0001:00004f1a       __initterm                 10005f1a f   msvcrt:MSVCRT.dll
 0001:00004f20       __onexit                   10005f20 f   msvcrt:atonexit.obj
 0001:00004f4c       _atexit                    10005f4c f   msvcrt:atonexit.obj
 0001:00004f5e       _malloc                    10005f5e f   msvcrt:MSVCRT.dll
 0001:00004f64       ___dllonexit               10005f64 f   msvcrt:MSVCRT.dll
 0001:00004f6a       _GetPropA@8                10005f6a f   user32:USER32.dll
 0001:00004f70       _RegisterClassA@4          10005f70 f   user32:USER32.dll
 0001:00004f76       _LoadCursorA@8             10005f76 f   user32:USER32.dll
 0001:00004f7c       _GetClassInfoA@12          10005f7c f   user32:USER32.dll
 0001:00004f82       _DefWindowProcA@16         10005f82 f   user32:USER32.dll
 0001:00004f88       _SetPropA@12               10005f88 f   user32:USER32.dll
 0001:00004f8e       _SetWindowLongA@12         10005f8e f   user32:USER32.dll
 0001:00004f94       _CreateWindowExA@48        10005f94 f   user32:USER32.dll
 0001:00004f9a       _ReleaseDC@8               10005f9a f   user32:USER32.dll
 0001:00004fa0       _GetDC@4                   10005fa0 f   user32:USER32.dll
 0001:00004fa6       _InflateRect@12            10005fa6 f   user32:USER32.dll
 0001:00004fac       _GetWindowLongA@8          10005fac f   user32:USER32.dll
 0001:00004fb2       _GetClientRect@8           10005fb2 f   user32:USER32.dll
 0001:00004fb8       _FillRect@12               10005fb8 f   user32:USER32.dll
 0001:00004fbe       _DrawFocusRect@8           10005fbe f   user32:USER32.dll
 0001:00004fc4       _GetFocus@0                10005fc4 f   user32:USER32.dll
 0001:00004fca       _InvalidateRect@12         10005fca f   user32:USER32.dll
 0001:00004fd0       _UpdateWindow@4            10005fd0 f   user32:USER32.dll
 0001:00004fd6       _LoadBitmapA@8             10005fd6 f   user32:USER32.dll
 0001:00004fdc       _ReleaseCapture@0          10005fdc f   user32:USER32.dll
 0001:00004fe2       _GetAsyncKeyState@4        10005fe2 f   user32:USER32.dll
 0001:00004fe8       _SetCapture@4              10005fe8 f   user32:USER32.dll
 0001:00004fee       _SetFocus@4                10005fee f   user32:USER32.dll
 0001:00004ff4       _SendMessageA@16           10005ff4 f   user32:USER32.dll
 0001:00004ffa       _GetParent@4               10005ffa f   user32:USER32.dll
 0001:00005000       _EnableWindow@8            10006000 f   user32:USER32.dll
 0001:00005006       _ClipCursor@4              10006006 f   user32:USER32.dll
 0001:0000500c       _GetDlgItem@8              1000600c f   user32:USER32.dll
 0001:00005012       _GetSysColor@4             10006012 f   user32:USER32.dll
 0001:00005018       _DeleteObject@4            10006018 f   gdi32:GDI32.dll
 0001:0000501e       _CreateCompatibleDC@4      1000601e f   gdi32:GDI32.dll
 0001:00005024       _CreateDIBSection@24       10006024 f   gdi32:GDI32.dll
 0001:0000502a       _SelectObject@8            1000602a f   gdi32:GDI32.dll
 0001:00005030       _BitBlt@36                 10006030 f   gdi32:GDI32.dll
 0001:00005036       _DeleteDC@4                10006036 f   gdi32:GDI32.dll
 0001:0000503c       _GetObjectA@12             1000603c f   gdi32:GDI32.dll
 0002:00000000       __imp__CreateCompatibleDC@4 10007000     gdi32:GDI32.dll
 0002:00000004       __imp__CreateDIBSection@24 10007004     gdi32:GDI32.dll
 0002:00000008       __imp__SelectObject@8      10007008     gdi32:GDI32.dll
 0002:0000000c       __imp__BitBlt@36           1000700c     gdi32:GDI32.dll
 0002:00000010       __imp__DeleteDC@4          10007010     gdi32:GDI32.dll
 0002:00000014       __imp__GetObjectA@12       10007014     gdi32:GDI32.dll
 0002:00000018       __imp__DeleteObject@4      10007018     gdi32:GDI32.dll
 0002:0000001c       \177GDI32_NULL_THUNK_DATA  1000701c     gdi32:GDI32.dll
 0002:00000020       __imp_?OnAmbientProperty@CWnd@@UAEHPAVCOleControlSite@@JPAUtagVARIANT@@@Z 10007020     mfc42:MFC42.DLL
 0002:00000024       __imp_?PreTranslateMessage@CWnd@@UAEHPAUtagMSG@@@Z 10007024     mfc42:MFC42.DLL
 0002:00000028       __imp_?GetSuperWndProcAddr@CWnd@@MAEPAP6GJPAUHWND__@@IIJ@ZXZ 10007028     mfc42:MFC42.DLL
 0002:0000002c       __imp_?OnNotify@CWnd@@MAEHIJPAJ@Z 1000702c     mfc42:MFC42.DLL
 0002:00000030       __imp_?OnCommand@CWnd@@MAEHIJ@Z 10007030     mfc42:MFC42.DLL
 0002:00000034       __imp_?EndModalLoop@CWnd@@UAEXH@Z 10007034     mfc42:MFC42.DLL
 0002:00000038       __imp_?ContinueModal@CWnd@@UAEHXZ 10007038     mfc42:MFC42.DLL
 0002:0000003c       __imp_?WinHelpA@CWnd@@UAEXKI@Z 1000703c     mfc42:MFC42.DLL
 0002:00000040       __imp_?GetScrollBarCtrl@CWnd@@UBEPAVCScrollBar@@H@Z 10007040     mfc42:MFC42.DLL
 0002:00000044       __imp_?OnToolHitTest@CWnd@@UBEHVCPoint@@PAUtagTOOLINFOA@@@Z 10007044     mfc42:MFC42.DLL
 0002:00000048       __imp_?CalcWindowRect@CWnd@@UAEXPAUtagRECT@@I@Z 10007048     mfc42:MFC42.DLL
 0002:0000004c       __imp_?PreCreateWindow@CWnd@@UAEHAAUtagCREATESTRUCTA@@@Z 1000704c     mfc42:MFC42.DLL
 0002:00000050       __imp_?DestroyWindow@CWnd@@UAEHXZ 10007050     mfc42:MFC42.DLL
 0002:00000054       __imp_?PreSubclassWindow@CWnd@@UAEXXZ 10007054     mfc42:MFC42.DLL
 0002:00000058       __imp_?GetConnectionHook@CCmdTarget@@MAEPAUIConnectionPoint@@ABU_GUID@@@Z 10007058     mfc42:MFC42.DLL
 0002:0000005c       __imp_?GetExtraConnectionPoints@CCmdTarget@@MAEHPAVCPtrArray@@@Z 1000705c     mfc42:MFC42.DLL
 0002:00000060       __imp_?GetInterfaceHook@CCmdTarget@@UAEPAUIUnknown@@PBX@Z 10007060     mfc42:MFC42.DLL
 0002:00000064       __imp_?OnCreateAggregates@CCmdTarget@@UAEHXZ 10007064     mfc42:MFC42.DLL
 0002:00000068       __imp_?GetEventSinkMap@CCmdTarget@@MBEPBUAFX_EVENTSINKMAP@@XZ 10007068     mfc42:MFC42.DLL
 0002:0000006c       __imp_?GetInterfaceMap@CCmdTarget@@MBEPBUAFX_INTERFACEMAP@@XZ 1000706c     mfc42:MFC42.DLL
 0002:00000070       __imp_?GetConnectionMap@CCmdTarget@@MBEPBUAFX_CONNECTIONMAP@@XZ 10007070     mfc42:MFC42.DLL
 0002:00000074       __imp_?GetDispatchMap@CCmdTarget@@MBEPBUAFX_DISPMAP@@XZ 10007074     mfc42:MFC42.DLL
 0002:00000078       __imp_?GetCommandMap@CCmdTarget@@MBEPBUAFX_OLECMDMAP@@XZ 10007078     mfc42:MFC42.DLL
 0002:0000007c       __imp_?GetTypeLib@CCmdTarget@@UAEJKPAPAUITypeLib@@@Z 1000707c     mfc42:MFC42.DLL
 0002:00000080       __imp_?GetTypeLibCache@CCmdTarget@@UAEPAVCTypeLibCache@@XZ 10007080     mfc42:MFC42.DLL
 0002:00000084       __imp_?GetTypeInfoCount@CCmdTarget@@UAEIXZ 10007084     mfc42:MFC42.DLL
 0002:00000088       __imp_?GetDispatchIID@CCmdTarget@@UAEHPAU_GUID@@@Z 10007088     mfc42:MFC42.DLL
 0002:0000008c       __imp_?IsInvokeAllowed@CCmdTarget@@UAEHJ@Z 1000708c     mfc42:MFC42.DLL
 0002:00000090       __imp_?OnFinalRelease@CWnd@@UAEXXZ 10007090     mfc42:MFC42.DLL
 0002:00000094       __imp_?OnCmdMsg@CCmdTarget@@UAEHIHPAXPAUAFX_CMDHANDLERINFO@@@Z 10007094     mfc42:MFC42.DLL
 0002:00000098       __imp_?GetRuntimeClass@CWnd@@UBEPAUCRuntimeClass@@XZ 10007098     mfc42:MFC42.DLL
 0002:0000009c       __imp_??0CWnd@@QAE@XZ      1000709c     mfc42:MFC42.DLL
 0002:000000a0       __imp_??3@YAXPAX@Z         100070a0     mfc42:MFC42.DLL
 0002:000000a4       __imp_??1CWnd@@UAE@XZ      100070a4     mfc42:MFC42.DLL
 0002:000000a8       __imp_?WindowProc@CWnd@@MAEJIIJ@Z 100070a8     mfc42:MFC42.DLL
 0002:000000ac       __imp_?AfxGetAfxWndProc@@YGP6GJPAUHWND__@@IIJ@ZXZ 100070ac     mfc42:MFC42.DLL
 0002:000000b0       __imp_?Default@CWnd@@IAEJXZ 100070b0     mfc42:MFC42.DLL
 0002:000000b4       __imp_?Attach@CWnd@@QAEHPAUHWND__@@@Z 100070b4     mfc42:MFC42.DLL
 0002:000000b8       __imp_??2@YAPAXI@Z         100070b8     mfc42:MFC42.DLL
 0002:000000bc       __imp_?Detach@CWnd@@QAEPAUHWND__@@XZ 100070bc     mfc42:MFC42.DLL
 0002:000000c0       __imp_??1CPaintDC@@UAE@XZ  100070c0     mfc42:MFC42.DLL
 0002:000000c4       __imp_??0CPaintDC@@QAE@PAVCWnd@@@Z 100070c4     mfc42:MFC42.DLL
 0002:000000c8       __imp_?ClientToScreen@CWnd@@QBEXPAUtagRECT@@@Z 100070c8     mfc42:MFC42.DLL
 0002:000000cc       __imp_?FromHandle@CWnd@@SGPAV1@PAUHWND__@@@Z 100070cc     mfc42:MFC42.DLL
 0002:000000d0       __imp_?Create@CDialog@@QAEHPBDPAVCWnd@@@Z 100070d0     mfc42:MFC42.DLL
 0002:000000d4       __imp_?AfxGetModuleState@@YGPAVAFX_MODULE_STATE@@XZ 100070d4     mfc42:MFC42.DLL
 0002:000000d8       __imp_??1CDialog@@UAE@XZ   100070d8     mfc42:MFC42.DLL
 0002:000000dc       __imp_??1CSpinButtonCtrl@@UAE@XZ 100070dc     mfc42:MFC42.DLL
 0002:000000e0       __imp_?DoModal@CDialog@@UAEHXZ 100070e0     mfc42:MFC42.DLL
 0002:000000e4       __imp_?GetMessageMap@CWnd@@MBEPBUAFX_MSGMAP@@XZ 100070e4     mfc42:MFC42.DLL
 0002:000000e8       __imp_?GetRuntimeClass@CSpinButtonCtrl@@UBEPAUCRuntimeClass@@XZ 100070e8     mfc42:MFC42.DLL
 0002:000000ec       __imp_?PreInitDialog@CDialog@@MAEXXZ 100070ec     mfc42:MFC42.DLL
 0002:000000f0       __imp_?OnCancel@CDialog@@MAEXXZ 100070f0     mfc42:MFC42.DLL
 0002:000000f4       __imp_?OnOK@CDialog@@MAEXXZ 100070f4     mfc42:MFC42.DLL
 0002:000000f8       __imp_?OnSetFont@CDialog@@UAEXPAVCFont@@@Z 100070f8     mfc42:MFC42.DLL
 0002:000000fc       __imp_?SetOccDialogInfo@CDialog@@MAEHPAU_AFX_OCC_DIALOG_INFO@@@Z 100070fc     mfc42:MFC42.DLL
 0002:00000100       __imp_?CheckAutoCenter@CDialog@@UAEHXZ 10007100     mfc42:MFC42.DLL
 0002:00000104       __imp_?PreTranslateMessage@CDialog@@UAEHPAUtagMSG@@@Z 10007104     mfc42:MFC42.DLL
 0002:00000108       __imp_?Create@CWnd@@UAEHPBD0KABUtagRECT@@PAV1@IPAUCCreateContext@@@Z 10007108     mfc42:MFC42.DLL
 0002:0000010c       __imp_?OnCmdMsg@CDialog@@UAEHIHPAXPAUAFX_CMDHANDLERINFO@@@Z 1000710c     mfc42:MFC42.DLL
 0002:00000110       __imp_?GetRuntimeClass@CDialog@@UBEPAUCRuntimeClass@@XZ 10007110     mfc42:MFC42.DLL
 0002:00000114       __imp_??0CDialog@@QAE@IPAVCWnd@@@Z 10007114     mfc42:MFC42.DLL
 0002:00000118       __imp_?DDX_Control@@YGXPAVCDataExchange@@HAAVCWnd@@@Z 10007118     mfc42:MFC42.DLL
 0002:0000011c       __imp_?messageMap@CDialog@@1UAFX_MSGMAP@@B 1000711c     mfc42:MFC42.DLL
 0002:00000120       __imp_?OnInitDialog@CDialog@@UAEHXZ 10007120     mfc42:MFC42.DLL
 0002:00000124       __imp_?GetDlgItemInt@CWnd@@QBEIHPAHH@Z 10007124     mfc42:MFC42.DLL
 0002:00000128       __imp_?AfxTermExtensionModule@@YGXAAUAFX_EXTENSION_MODULE@@H@Z 10007128     mfc42:MFC42.DLL
 0002:0000012c       __imp_??0CDynLinkLibrary@@QAE@AAUAFX_EXTENSION_MODULE@@H@Z 1000712c     mfc42:MFC42.DLL
 0002:00000130       __imp_?AfxInitExtensionModule@@YGHAAUAFX_EXTENSION_MODULE@@PAUHINSTANCE__@@@Z 10007130     mfc42:MFC42.DLL
 0002:00000134       __imp_?OnWndMsg@CWnd@@MAEHIIJPAJ@Z 10007134     mfc42:MFC42.DLL
 0002:00000138       __imp_?DefWindowProcA@CWnd@@MAEJIIJ@Z 10007138     mfc42:MFC42.DLL
 0002:0000013c       __imp_?PostNcDestroy@CWnd@@MAEXXZ 1000713c     mfc42:MFC42.DLL
 0002:00000140       __imp_?OnChildNotify@CWnd@@MAEHIIJPAJ@Z 10007140     mfc42:MFC42.DLL
 0002:00000144       __imp_?CheckAutoCenter@CWnd@@UAEHXZ 10007144     mfc42:MFC42.DLL
 0002:00000148       __imp_?IsFrameWnd@CWnd@@UBEHXZ 10007148     mfc42:MFC42.DLL
 0002:0000014c       __imp_?messageMap@CWnd@@1UAFX_MSGMAP@@B 1000714c     mfc42:MFC42.DLL
 0002:00000150       __imp_?SetOccDialogInfo@CWnd@@MAEHPAU_AFX_OCC_DIALOG_INFO@@@Z 10007150     mfc42:MFC42.DLL
 0002:00000154       \177MFC42_NULL_THUNK_DATA  10007154     mfc42:MFC42.DLL
 0002:00000158       __imp___onexit             10007158     msvcrt:MSVCRT.dll
 0002:0000015c       __imp___ftol               1000715c     msvcrt:MSVCRT.dll
 0002:00000160       __imp__memmove             10007160     msvcrt:MSVCRT.dll
 0002:00000164       __imp__free                10007164     msvcrt:MSVCRT.dll
 0002:00000168       __imp___initterm           10007168     msvcrt:MSVCRT.dll
 0002:0000016c       __imp__malloc              1000716c     msvcrt:MSVCRT.dll
 0002:00000170       __imp___adjust_fdiv        10007170     msvcrt:MSVCRT.dll
 0002:00000174       __imp____dllonexit         10007174     msvcrt:MSVCRT.dll
 0002:00000178       \177MSVCRT_NULL_THUNK_DATA 10007178     msvcrt:MSVCRT.dll
 0002:0000017c       __imp__ReleaseDC@8         1000717c     user32:USER32.dll
 0002:00000180       __imp__GetDC@4             10007180     user32:USER32.dll
 0002:00000184       __imp__InflateRect@12      10007184     user32:USER32.dll
 0002:00000188       __imp__GetWindowLongA@8    10007188     user32:USER32.dll
 0002:0000018c       __imp__GetClientRect@8     1000718c     user32:USER32.dll
 0002:00000190       __imp__FillRect@12         10007190     user32:USER32.dll
 0002:00000194       __imp__DrawFocusRect@8     10007194     user32:USER32.dll
 0002:00000198       __imp__GetFocus@0          10007198     user32:USER32.dll
 0002:0000019c       __imp__InvalidateRect@12   1000719c     user32:USER32.dll
 0002:000001a0       __imp__UpdateWindow@4      100071a0     user32:USER32.dll
 0002:000001a4       __imp__CreateWindowExA@48  100071a4     user32:USER32.dll
 0002:000001a8       __imp__ReleaseCapture@0    100071a8     user32:USER32.dll
 0002:000001ac       __imp__GetAsyncKeyState@4  100071ac     user32:USER32.dll
 0002:000001b0       __imp__SetCapture@4        100071b0     user32:USER32.dll
 0002:000001b4       __imp__SetFocus@4          100071b4     user32:USER32.dll
 0002:000001b8       __imp__SendMessageA@16     100071b8     user32:USER32.dll
 0002:000001bc       __imp__GetParent@4         100071bc     user32:USER32.dll
 0002:000001c0       __imp__EnableWindow@8      100071c0     user32:USER32.dll
 0002:000001c4       __imp__ClipCursor@4        100071c4     user32:USER32.dll
 0002:000001c8       __imp__GetDlgItem@8        100071c8     user32:USER32.dll
 0002:000001cc       __imp__GetSysColor@4       100071cc     user32:USER32.dll
 0002:000001d0       __imp__SetWindowLongA@12   100071d0     user32:USER32.dll
 0002:000001d4       __imp__SetPropA@12         100071d4     user32:USER32.dll
 0002:000001d8       __imp__DefWindowProcA@16   100071d8     user32:USER32.dll
 0002:000001dc       __imp__GetClassInfoA@12    100071dc     user32:USER32.dll
 0002:000001e0       __imp__LoadCursorA@8       100071e0     user32:USER32.dll
 0002:000001e4       __imp__RegisterClassA@4    100071e4     user32:USER32.dll
 0002:000001e8       __imp__GetPropA@8          100071e8     user32:USER32.dll
 0002:000001ec       __imp__LoadBitmapA@8       100071ec     user32:USER32.dll
 0002:000001f0       \177USER32_NULL_THUNK_DATA 100071f0     user32:USER32.dll
 0002:00000220       ?messageMap@ColorBarClass@@1UAFX_MSGMAP@@B 10007220     ColorBar.obj
 0002:00000228       ?_messageEntries@ColorBarClass@@0QBUAFX_MSGMAP_ENTRY@@B 10007228     ColorBar.obj
 0002:00000330       ??_7ColorBarClass@@6B@     10007330     ColorBar.obj
 0002:000003f0       __real@4@4006ff00000000000000 100073f0     ColorBar.obj
 0002:000003f4       __real@4@c0068000000000000000 100073f4     ColorBar.obj
 0002:000003f8       __real@4@3fff8000000000000000 100073f8     ColorBar.obj
 0002:000003fc       __real@4@3ff8a3d70a0000000000 100073fc     ColorBar.obj
 0002:00000400       __real@4@00000000000000000000 10007400     ColorBar.obj
 0002:00000408       ?messageMap@ColorPickerClass@@1UAFX_MSGMAP@@B 10007408     ColorPicker.obj
 0002:00000410       ?_messageEntries@ColorPickerClass@@0QBUAFX_MSGMAP_ENTRY@@B 10007410     ColorPicker.obj
 0002:000004d0       ??_7ColorPickerClass@@6B@  100074d0     ColorPicker.obj
 0002:00000590       __real@4@3ff78080808080808000 10007590     ColorPicker.obj
 0002:00000594       __real@4@3ffca2f9832237cda000 10007594     ColorPicker.obj
 0002:00000598       __real@8@4001860a920000000000 10007598     ColorPicker.obj
 0002:000005a0       __real@8@4000860a920000000000 100075a0     ColorPicker.obj
 0002:000005a8       __real@8@00000000000000000000 100075a8     ColorPicker.obj
 0002:000005b0       ?messageMap@ColorPickerDialogClass@@1UAFX_MSGMAP@@B 100075b0     ColorPickerDialogClass.obj
 0002:000005b8       ?_messageEntries@ColorPickerDialogClass@@0QBUAFX_MSGMAP_ENTRY@@B 100075b8     ColorPickerDialogClass.obj
 0002:000005e8       ??_7ColorPickerDialogClass@@6B@ 100075e8     ColorPickerDialogClass.obj
 0002:000006c0       ??_7CSpinButtonCtrl@@6B@   100076c0     ColorPickerDialogClass.obj
 0002:00000780       _IID_IDocHostUIHandlerDispatch 10007780     mfcs42:stdafx.obj
 0002:00000790       _IID_IInternalConnection   10007790     mfcs42:stdafx.obj
 0002:000007a0       _IID_IAxWinAmbientDispatch 100077a0     mfcs42:stdafx.obj
 0002:000007b0       _IID_IAxWinHostWindow      100077b0     mfcs42:stdafx.obj
 0002:000007c0       _IID_IRegistrar            100077c0     mfcs42:stdafx.obj
 0002:000007d0       _CLSID_Registrar           100077d0     mfcs42:stdafx.obj
 0002:000007e0       _LIBID_ATLLib              100077e0     mfcs42:stdafx.obj
 0002:000007f0       __IMPORT_DESCRIPTOR_MFC42  100077f0     mfc42:MFC42.DLL
 0002:00000804       __IMPORT_DESCRIPTOR_MSVCRT 10007804     msvcrt:MSVCRT.dll
 0002:00000818       __IMPORT_DESCRIPTOR_USER32 10007818     user32:USER32.dll
 0002:0000082c       __IMPORT_DESCRIPTOR_GDI32  1000782c     gdi32:GDI32.dll
 0002:00000840       __NULL_IMPORT_DESCRIPTOR   10007840     mfc42:MFC42.DLL
 0003:00000000       ___xc_a                    10009000     msvcrt:cinitexe.obj
 0003:00000004       ___xc_z                    10009004     msvcrt:cinitexe.obj
 0003:00000008       ___xi_a                    10009008     msvcrt:cinitexe.obj
 0003:0000000c       ___xi_z                    1000900c     msvcrt:cinitexe.obj
 0003:00000010       ??_C@_0N@HEEK@CLASSPOINTER?$AA@ 10009010     ColorBar.obj
 0003:00000020       ??_C@_0L@OFGJ@WWCOLORBAR?$AA@ 10009020     ColorBar.obj
 0003:0000002c       ??_C@_07JCAN@CREATED?$AA@  1000902c     ColorBar.obj
 0003:00000034       ??_C@_0O@DEMD@WWCOLORPICKER?$AA@ 10009034     ColorPicker.obj
 0003:00000044       ??_C@_0BE@CCEM@COLORPICKERDLGCLASS?$AA@ 10009044     ColorPickerDialogClass.obj
 0003:00000058       __pRawDllMain              10009058     WWCtrl.obj
 0003:00000060       ?GUID_ATLVer30@ATL@@3U_GUID@@A 10009060     mfcs42:stdafx.obj
 0003:00000070       __afxForceEXTDLL           10009070     WWCtrl.obj
 0003:00000074       ?_hinstance@@3PAUHINSTANCE__@@A 10009074     WWCtrl.obj
 0003:0000008c       __afxForceEXCLUDE          1000908c     mfcs42:nolib.obj
 0003:00000090       ?ATL_CREATE_OBJECT@CComApartment@ATL@@2IA 10009090     mfcs42:stdafx.obj
 0003:00000098       ?m_libid@CComModule@ATL@@2U_GUID@@A 10009098     mfcs42:stdafx.obj
 0003:000000a8       ?_pModule@ATL@@3PAVCComModule@1@A 100090a8     mfcs42:stdafx.obj
 0003:000000ac       __afxForceSTDAFX           100090ac     mfcs42:stdafx.obj
 0003:000000b4       __adjust_fdiv              100090b4     <common>
 0003:000000b8       ___onexitend               100090b8     <common>
 0003:000000bc       ___onexitbegin             100090bc     <common>

 entry point at        0001:00004e77

 Static symbols

